[0.000000] (-) TimerEvent: {}
[0.000167] (pointcloud_filter) JobQueued: {'identifier': 'pointcloud_filter', 'dependencies': OrderedDict()}
[0.000307] (sensor_fusion_pkg) JobQueued: {'identifier': 'sensor_fusion_pkg', 'dependencies': OrderedDict()}
[0.000320] (pointcloud_filter) JobStarted: {'identifier': 'pointcloud_filter'}
[0.004243] (sensor_fusion_pkg) JobStarted: {'identifier': 'sensor_fusion_pkg'}
[0.008678] (pointcloud_filter) JobProgress: {'identifier': 'pointcloud_filter', 'progress': 'cmake'}
[0.009555] (pointcloud_filter) JobProgress: {'identifier': 'pointcloud_filter', 'progress': 'build'}
[0.009587] (pointcloud_filter) Command: {'cmd': ['/usr/bin/cmake', '--build', '/home/dhruv/ros2_sensorRADAR_ws/build/pointcloud_filter', '--', '-j16', '-l16'], 'cwd': '/home/dhruv/ros2_sensorRADAR_ws/build/pointcloud_filter', 'env': OrderedDict([('GJS_DEBUG_TOPICS', 'JS ERROR;JS LOG'), ('USER', 'dhruv'), ('XDG_SESSION_TYPE', 'wayland'), ('SHLVL', '1'), ('LD_LIBRARY_PATH', '/opt/ros/humble/opt/rviz_ogre_vendor/lib:/opt/ros/humble/lib/x86_64-linux-gnu:/opt/ros/humble/lib'), ('HOME', '/home/dhruv'), ('OLDPWD', '/home/dhruv/ros2_sensorRADAR_ws'), ('DESKTOP_SESSION', 'ubuntu'), ('GIO_LAUNCHED_DESKTOP_FILE', '/usr/share/applications/terminator.desktop'), ('ROS_PYTHON_VERSION', '3'), ('GNOME_SHELL_SESSION_MODE', 'ubuntu'), ('GTK_MODULES', 'gail:atk-bridge'), ('PS1', '\\[\\e[32m\\]\\u@\\h:\\w$ \\[\\e[0m\\]'), ('MANAGERPID', '1400'), ('SYSTEMD_EXEC_PID', '1564'), ('DBUS_SESSION_BUS_ADDRESS', 'unix:path=/run/user/1000/bus'), ('COLORTERM', 'truecolor'), ('TERMINATOR_DBUS_NAME', 'net.tenshu.Terminator25ef4b219e3b005583550f2b0f9f990c3'), ('GIO_LAUNCHED_DESKTOP_FILE_PID', '2104'), ('IM_CONFIG_PHASE', '1'), ('WAYLAND_DISPLAY', 'wayland-0'), ('COLCON_PREFIX_PATH', '/home/dhruv/ros2_sensorRADAR_ws/install:/home/dhruv/install:/home/dhruv/ros2_ws/install'), ('ROS_DISTRO', 'humble'), ('LOGNAME', 'dhruv'), ('JOURNAL_STREAM', '8:19653'), ('_', '/usr/bin/colcon'), ('ROS_VERSION', '2'), ('XDG_SESSION_CLASS', 'user'), ('USERNAME', 'dhruv'), ('TERM', 'xterm-256color'), ('GNOME_DESKTOP_SESSION_ID', 'this-is-deprecated'), ('ROS_LOCALHOST_ONLY', '0'), ('PATH', '/opt/ros/humble/bin:/usr/local/sbin:/usr/local/bin:/usr/sbin:/usr/bin:/sbin:/bin:/usr/games:/usr/local/games:/snap/bin:/snap/bin'), ('SESSION_MANAGER', 'local/dhruv-Predator-PH315-54:@/tmp/.ICE-unix/1518,unix/dhruv-Predator-PH315-54:/tmp/.ICE-unix/1518'), ('INVOCATION_ID', 'd8e0687eee0244b791550e63b338e423'), ('XDG_MENU_PREFIX', 'gnome-'), ('GNOME_SETUP_DISPLAY', ':1'), ('XDG_RUNTIME_DIR', '/run/user/1000'), ('DISPLAY', ':0'), ('TERMINATOR_DBUS_PATH', '/net/tenshu/Terminator2'), ('LANG', 'en_US.UTF-8'), ('XDG_CURRENT_DESKTOP', 'ubuntu:GNOME'), ('IBUS_DISABLE_SNOOPER', '1'), ('XMODIFIERS', '@im=ibus'), ('XDG_SESSION_DESKTOP', 'ubuntu'), ('XAUTHORITY', '/run/user/1000/.mutter-Xwaylandauth.JHK2M3'), ('SSH_AGENT_LAUNCHER', 'gnome-keyring'), ('SSH_AUTH_SOCK', '/run/user/1000/keyring/ssh'), ('AMENT_PREFIX_PATH', '/home/dhruv/ros2_sensorRADAR_ws/install/sensor_fusion_pkg:/home/dhruv/ros2_sensorRADAR_ws/install/pointcloud_filter:/home/dhruv/ros2_ws/install/rplidar_ros:/home/dhruv/ros2_ws/install/point_cloud_filter:/home/dhruv/install/sensor_fusion_pkg:/opt/ros/humble'), ('SHELL', '/bin/bash'), ('TERMINATOR_UUID', 'urn:uuid:0d299176-24a4-4935-92d8-b2991303af45'), ('QT_ACCESSIBILITY', '1'), ('GDMSESSION', 'ubuntu'), ('GJS_DEBUG_OUTPUT', 'stderr'), ('QT_IM_MODULE', 'ibus'), ('PWD', '/home/dhruv/ros2_sensorRADAR_ws/build/pointcloud_filter'), ('XDG_CONFIG_DIRS', '/etc/xdg/xdg-ubuntu:/etc/xdg'), ('XDG_DATA_DIRS', '/usr/share/ubuntu:/usr/local/share/:/usr/share/:/var/lib/snapd/desktop'), ('PYTHONPATH', '/home/dhruv/ros2_sensorRADAR_ws/build/sensor_fusion_pkg:/home/dhruv/ros2_sensorRADAR_ws/install/sensor_fusion_pkg/lib/python3.10/site-packages:/home/dhruv/ros2_ws/install/point_cloud_filter/lib/python3.10/site-packages:/home/dhruv/install/sensor_fusion_pkg/lib/python3.10/site-packages:/opt/ros/humble/lib/python3.10/site-packages:/opt/ros/humble/local/lib/python3.10/dist-packages'), ('COLCON', '1'), ('VTE_VERSION', '6800'), ('CMAKE_PREFIX_PATH', '/home/dhruv/ros2_sensorRADAR_ws/install/pointcloud_filter:/home/dhruv/ros2_ws/install/rplidar_ros:/home/dhruv/ros2_sensorRADAR_ws/install/sensor_fusion_pkg:/home/dhruv/ros2_ws/install/point_cloud_filter:/home/dhruv/install/sensor_fusion_pkg:/opt/ros/humble')]), 'shell': False}
[0.051775] (pointcloud_filter) StdoutLine: {'line': b'[ 83%] Built target radar_passthrough_filter\n'}
[0.051999] (pointcloud_filter) StdoutLine: {'line': b'[100%] Built target camera_passthrough_filter\n'}
[0.052066] (pointcloud_filter) StdoutLine: {'line': b'[100%] Built target voxel_grid_filter\n'}
[0.099962] (-) TimerEvent: {}
[0.177233] (pointcloud_filter) CommandEnded: {'returncode': 0}
[0.177749] (pointcloud_filter) JobProgress: {'identifier': 'pointcloud_filter', 'progress': 'install'}
[0.183345] (pointcloud_filter) Command: {'cmd': ['/usr/bin/cmake', '--install', '/home/dhruv/ros2_sensorRADAR_ws/build/pointcloud_filter'], 'cwd': '/home/dhruv/ros2_sensorRADAR_ws/build/pointcloud_filter', 'env': OrderedDict([('GJS_DEBUG_TOPICS', 'JS ERROR;JS LOG'), ('USER', 'dhruv'), ('XDG_SESSION_TYPE', 'wayland'), ('SHLVL', '1'), ('LD_LIBRARY_PATH', '/opt/ros/humble/opt/rviz_ogre_vendor/lib:/opt/ros/humble/lib/x86_64-linux-gnu:/opt/ros/humble/lib'), ('HOME', '/home/dhruv'), ('OLDPWD', '/home/dhruv/ros2_sensorRADAR_ws'), ('DESKTOP_SESSION', 'ubuntu'), ('GIO_LAUNCHED_DESKTOP_FILE', '/usr/share/applications/terminator.desktop'), ('ROS_PYTHON_VERSION', '3'), ('GNOME_SHELL_SESSION_MODE', 'ubuntu'), ('GTK_MODULES', 'gail:atk-bridge'), ('PS1', '\\[\\e[32m\\]\\u@\\h:\\w$ \\[\\e[0m\\]'), ('MANAGERPID', '1400'), ('SYSTEMD_EXEC_PID', '1564'), ('DBUS_SESSION_BUS_ADDRESS', 'unix:path=/run/user/1000/bus'), ('COLORTERM', 'truecolor'), ('TERMINATOR_DBUS_NAME', 'net.tenshu.Terminator25ef4b219e3b005583550f2b0f9f990c3'), ('GIO_LAUNCHED_DESKTOP_FILE_PID', '2104'), ('IM_CONFIG_PHASE', '1'), ('WAYLAND_DISPLAY', 'wayland-0'), ('COLCON_PREFIX_PATH', '/home/dhruv/ros2_sensorRADAR_ws/install:/home/dhruv/install:/home/dhruv/ros2_ws/install'), ('ROS_DISTRO', 'humble'), ('LOGNAME', 'dhruv'), ('JOURNAL_STREAM', '8:19653'), ('_', '/usr/bin/colcon'), ('ROS_VERSION', '2'), ('XDG_SESSION_CLASS', 'user'), ('USERNAME', 'dhruv'), ('TERM', 'xterm-256color'), ('GNOME_DESKTOP_SESSION_ID', 'this-is-deprecated'), ('ROS_LOCALHOST_ONLY', '0'), ('PATH', '/opt/ros/humble/bin:/usr/local/sbin:/usr/local/bin:/usr/sbin:/usr/bin:/sbin:/bin:/usr/games:/usr/local/games:/snap/bin:/snap/bin'), ('SESSION_MANAGER', 'local/dhruv-Predator-PH315-54:@/tmp/.ICE-unix/1518,unix/dhruv-Predator-PH315-54:/tmp/.ICE-unix/1518'), ('INVOCATION_ID', 'd8e0687eee0244b791550e63b338e423'), ('XDG_MENU_PREFIX', 'gnome-'), ('GNOME_SETUP_DISPLAY', ':1'), ('XDG_RUNTIME_DIR', '/run/user/1000'), ('DISPLAY', ':0'), ('TERMINATOR_DBUS_PATH', '/net/tenshu/Terminator2'), ('LANG', 'en_US.UTF-8'), ('XDG_CURRENT_DESKTOP', 'ubuntu:GNOME'), ('IBUS_DISABLE_SNOOPER', '1'), ('XMODIFIERS', '@im=ibus'), ('XDG_SESSION_DESKTOP', 'ubuntu'), ('XAUTHORITY', '/run/user/1000/.mutter-Xwaylandauth.JHK2M3'), ('SSH_AGENT_LAUNCHER', 'gnome-keyring'), ('SSH_AUTH_SOCK', '/run/user/1000/keyring/ssh'), ('AMENT_PREFIX_PATH', '/home/dhruv/ros2_sensorRADAR_ws/install/sensor_fusion_pkg:/home/dhruv/ros2_sensorRADAR_ws/install/pointcloud_filter:/home/dhruv/ros2_ws/install/rplidar_ros:/home/dhruv/ros2_ws/install/point_cloud_filter:/home/dhruv/install/sensor_fusion_pkg:/opt/ros/humble'), ('SHELL', '/bin/bash'), ('TERMINATOR_UUID', 'urn:uuid:0d299176-24a4-4935-92d8-b2991303af45'), ('QT_ACCESSIBILITY', '1'), ('GDMSESSION', 'ubuntu'), ('GJS_DEBUG_OUTPUT', 'stderr'), ('QT_IM_MODULE', 'ibus'), ('PWD', '/home/dhruv/ros2_sensorRADAR_ws/build/pointcloud_filter'), ('XDG_CONFIG_DIRS', '/etc/xdg/xdg-ubuntu:/etc/xdg'), ('XDG_DATA_DIRS', '/usr/share/ubuntu:/usr/local/share/:/usr/share/:/var/lib/snapd/desktop'), ('PYTHONPATH', '/home/dhruv/ros2_sensorRADAR_ws/build/sensor_fusion_pkg:/home/dhruv/ros2_sensorRADAR_ws/install/sensor_fusion_pkg/lib/python3.10/site-packages:/home/dhruv/ros2_ws/install/point_cloud_filter/lib/python3.10/site-packages:/home/dhruv/install/sensor_fusion_pkg/lib/python3.10/site-packages:/opt/ros/humble/lib/python3.10/site-packages:/opt/ros/humble/local/lib/python3.10/dist-packages'), ('COLCON', '1'), ('VTE_VERSION', '6800'), ('CMAKE_PREFIX_PATH', '/home/dhruv/ros2_sensorRADAR_ws/install/pointcloud_filter:/home/dhruv/ros2_ws/install/rplidar_ros:/home/dhruv/ros2_sensorRADAR_ws/install/sensor_fusion_pkg:/home/dhruv/ros2_ws/install/point_cloud_filter:/home/dhruv/install/sensor_fusion_pkg:/opt/ros/humble')]), 'shell': False}
[0.188149] (pointcloud_filter) StdoutLine: {'line': b'-- Install configuration: ""\n'}
[0.188461] (pointcloud_filter) StdoutLine: {'line': b'-- Execute custom install script\n'}
[0.188753] (pointcloud_filter) StdoutLine: {'line': b'-- Up-to-date symlink: /home/dhruv/ros2_sensorRADAR_ws/install/pointcloud_filter/lib/pointcloud_filter/camera_passthrough_filter\n'}
[0.188824] (pointcloud_filter) StdoutLine: {'line': b'-- Up-to-date symlink: /home/dhruv/ros2_sensorRADAR_ws/install/pointcloud_filter/lib/pointcloud_filter/radar_passthrough_filter\n'}
[0.188884] (pointcloud_filter) StdoutLine: {'line': b'-- Up-to-date symlink: /home/dhruv/ros2_sensorRADAR_ws/install/pointcloud_filter/lib/pointcloud_filter/voxel_grid_filter\n'}
[0.188992] (pointcloud_filter) StdoutLine: {'line': b'-- Up-to-date symlink: /home/dhruv/ros2_sensorRADAR_ws/install/pointcloud_filter/share/pointcloud_filter/launch/__pycache__/pipeline.launch.cpython-310.pyc\n'}
[0.189043] (pointcloud_filter) StdoutLine: {'line': b'-- Up-to-date symlink: /home/dhruv/ros2_sensorRADAR_ws/install/pointcloud_filter/share/pointcloud_filter/launch/pipeline.launch.py\n'}
[0.189095] (pointcloud_filter) StdoutLine: {'line': b'-- Up-to-date symlink: /home/dhruv/ros2_sensorRADAR_ws/install/pointcloud_filter/share/pointcloud_filter/launch/test.launch.py\n'}
[0.189188] (pointcloud_filter) StdoutLine: {'line': b'-- Up-to-date symlink: /home/dhruv/ros2_sensorRADAR_ws/install/pointcloud_filter/share/ament_index/resource_index/package_run_dependencies/pointcloud_filter\n'}
[0.189273] (pointcloud_filter) StdoutLine: {'line': b'-- Up-to-date symlink: /home/dhruv/ros2_sensorRADAR_ws/install/pointcloud_filter/share/ament_index/resource_index/parent_prefix_path/pointcloud_filter\n'}
[0.189354] (pointcloud_filter) StdoutLine: {'line': b'-- Up-to-date symlink: /home/dhruv/ros2_sensorRADAR_ws/install/pointcloud_filter/share/pointcloud_filter/environment/ament_prefix_path.sh\n'}
[0.189428] (pointcloud_filter) StdoutLine: {'line': b'-- Up-to-date symlink: /home/dhruv/ros2_sensorRADAR_ws/install/pointcloud_filter/share/pointcloud_filter/environment/ament_prefix_path.dsv\n'}
[0.189517] (pointcloud_filter) StdoutLine: {'line': b'-- Up-to-date symlink: /home/dhruv/ros2_sensorRADAR_ws/install/pointcloud_filter/share/pointcloud_filter/environment/path.sh\n'}
[0.189587] (pointcloud_filter) StdoutLine: {'line': b'-- Up-to-date symlink: /home/dhruv/ros2_sensorRADAR_ws/install/pointcloud_filter/share/pointcloud_filter/environment/path.dsv\n'}
[0.189662] (pointcloud_filter) StdoutLine: {'line': b'-- Up-to-date symlink: /home/dhruv/ros2_sensorRADAR_ws/install/pointcloud_filter/share/pointcloud_filter/local_setup.bash\n'}
[0.189733] (pointcloud_filter) StdoutLine: {'line': b'-- Up-to-date symlink: /home/dhruv/ros2_sensorRADAR_ws/install/pointcloud_filter/share/pointcloud_filter/local_setup.sh\n'}
[0.189803] (pointcloud_filter) StdoutLine: {'line': b'-- Up-to-date symlink: /home/dhruv/ros2_sensorRADAR_ws/install/pointcloud_filter/share/pointcloud_filter/local_setup.zsh\n'}
[0.189873] (pointcloud_filter) StdoutLine: {'line': b'-- Up-to-date symlink: /home/dhruv/ros2_sensorRADAR_ws/install/pointcloud_filter/share/pointcloud_filter/local_setup.dsv\n'}
[0.189955] (pointcloud_filter) StdoutLine: {'line': b'-- Symlinking: /home/dhruv/ros2_sensorRADAR_ws/install/pointcloud_filter/share/pointcloud_filter/package.dsv\n'}
[0.195178] (pointcloud_filter) StdoutLine: {'line': b'-- Up-to-date symlink: /home/dhruv/ros2_sensorRADAR_ws/install/pointcloud_filter/share/ament_index/resource_index/packages/pointcloud_filter\n'}
[0.195277] (pointcloud_filter) StdoutLine: {'line': b'-- Up-to-date symlink: /home/dhruv/ros2_sensorRADAR_ws/install/pointcloud_filter/share/pointcloud_filter/cmake/pointcloud_filterConfig.cmake\n'}
[0.195329] (pointcloud_filter) StdoutLine: {'line': b'-- Up-to-date symlink: /home/dhruv/ros2_sensorRADAR_ws/install/pointcloud_filter/share/pointcloud_filter/cmake/pointcloud_filterConfig-version.cmake\n'}
[0.195395] (pointcloud_filter) StdoutLine: {'line': b'-- Up-to-date symlink: /home/dhruv/ros2_sensorRADAR_ws/install/pointcloud_filter/share/pointcloud_filter/package.xml\n'}
[0.196754] (pointcloud_filter) CommandEnded: {'returncode': 0}
[0.200097] (-) TimerEvent: {}
[0.207466] (pointcloud_filter) JobEnded: {'identifier': 'pointcloud_filter', 'rc': 0}
[0.300255] (-) TimerEvent: {}
[0.391406] (sensor_fusion_pkg) Command: {'cmd': ['/usr/bin/python3', '-W', 'ignore:setup.py install is deprecated', '-W', 'ignore:easy_install command is deprecated', 'setup.py', 'develop', '--editable', '--build-directory', '/home/dhruv/ros2_sensorRADAR_ws/build/sensor_fusion_pkg/build', '--no-deps', 'symlink_data'], 'cwd': '/home/dhruv/ros2_sensorRADAR_ws/build/sensor_fusion_pkg', 'env': {'GJS_DEBUG_TOPICS': 'JS ERROR;JS LOG', 'USER': 'dhruv', 'XDG_SESSION_TYPE': 'wayland', 'SHLVL': '1', 'LD_LIBRARY_PATH': '/opt/ros/humble/opt/rviz_ogre_vendor/lib:/opt/ros/humble/lib/x86_64-linux-gnu:/opt/ros/humble/lib', 'HOME': '/home/dhruv', 'OLDPWD': '/home/dhruv/ros2_sensorRADAR_ws', 'DESKTOP_SESSION': 'ubuntu', 'GIO_LAUNCHED_DESKTOP_FILE': '/usr/share/applications/terminator.desktop', 'ROS_PYTHON_VERSION': '3', 'GNOME_SHELL_SESSION_MODE': 'ubuntu', 'GTK_MODULES': 'gail:atk-bridge', 'PS1': '\\[\\e[32m\\]\\u@\\h:\\w$ \\[\\e[0m\\]', 'MANAGERPID': '1400', 'SYSTEMD_EXEC_PID': '1564', 'DBUS_SESSION_BUS_ADDRESS': 'unix:path=/run/user/1000/bus', 'COLORTERM': 'truecolor', 'TERMINATOR_DBUS_NAME': 'net.tenshu.Terminator25ef4b219e3b005583550f2b0f9f990c3', 'GIO_LAUNCHED_DESKTOP_FILE_PID': '2104', 'IM_CONFIG_PHASE': '1', 'WAYLAND_DISPLAY': 'wayland-0', 'COLCON_PREFIX_PATH': '/home/dhruv/ros2_sensorRADAR_ws/install:/home/dhruv/install:/home/dhruv/ros2_ws/install', 'ROS_DISTRO': 'humble', 'LOGNAME': 'dhruv', 'JOURNAL_STREAM': '8:19653', '_': '/usr/bin/colcon', 'ROS_VERSION': '2', 'XDG_SESSION_CLASS': 'user', 'USERNAME': 'dhruv', 'TERM': 'xterm-256color', 'GNOME_DESKTOP_SESSION_ID': 'this-is-deprecated', 'ROS_LOCALHOST_ONLY': '0', 'PATH': '/opt/ros/humble/bin:/usr/local/sbin:/usr/local/bin:/usr/sbin:/usr/bin:/sbin:/bin:/usr/games:/usr/local/games:/snap/bin:/snap/bin', 'SESSION_MANAGER': 'local/dhruv-Predator-PH315-54:@/tmp/.ICE-unix/1518,unix/dhruv-Predator-PH315-54:/tmp/.ICE-unix/1518', 'INVOCATION_ID': 'd8e0687eee0244b791550e63b338e423', 'XDG_MENU_PREFIX': 'gnome-', 'GNOME_SETUP_DISPLAY': ':1', 'XDG_RUNTIME_DIR': '/run/user/1000', 'DISPLAY': ':0', 'TERMINATOR_DBUS_PATH': '/net/tenshu/Terminator2', 'LANG': 'en_US.UTF-8', 'XDG_CURRENT_DESKTOP': 'ubuntu:GNOME', 'IBUS_DISABLE_SNOOPER': '1', 'XMODIFIERS': '@im=ibus', 'XDG_SESSION_DESKTOP': 'ubuntu', 'XAUTHORITY': '/run/user/1000/.mutter-Xwaylandauth.JHK2M3', 'SSH_AGENT_LAUNCHER': 'gnome-keyring', 'SSH_AUTH_SOCK': '/run/user/1000/keyring/ssh', 'AMENT_PREFIX_PATH': '/home/dhruv/ros2_sensorRADAR_ws/install/sensor_fusion_pkg:/home/dhruv/ros2_sensorRADAR_ws/install/pointcloud_filter:/home/dhruv/ros2_ws/install/rplidar_ros:/home/dhruv/ros2_ws/install/point_cloud_filter:/home/dhruv/install/sensor_fusion_pkg:/opt/ros/humble', 'SHELL': '/bin/bash', 'TERMINATOR_UUID': 'urn:uuid:0d299176-24a4-4935-92d8-b2991303af45', 'QT_ACCESSIBILITY': '1', 'GDMSESSION': 'ubuntu', 'GJS_DEBUG_OUTPUT': 'stderr', 'QT_IM_MODULE': 'ibus', 'PWD': '/home/dhruv/ros2_sensorRADAR_ws/build/sensor_fusion_pkg', 'XDG_CONFIG_DIRS': '/etc/xdg/xdg-ubuntu:/etc/xdg', 'XDG_DATA_DIRS': '/usr/share/ubuntu:/usr/local/share/:/usr/share/:/var/lib/snapd/desktop', 'PYTHONPATH': '/home/dhruv/ros2_sensorRADAR_ws/build/sensor_fusion_pkg/prefix_override:/usr/lib/python3/dist-packages/colcon_core/task/python/colcon_distutils_commands:/home/dhruv/ros2_sensorRADAR_ws/install/sensor_fusion_pkg/lib/python3.10/site-packages:/home/dhruv/ros2_sensorRADAR_ws/build/sensor_fusion_pkg:/home/dhruv/ros2_sensorRADAR_ws/install/sensor_fusion_pkg/lib/python3.10/site-packages:/home/dhruv/ros2_ws/install/point_cloud_filter/lib/python3.10/site-packages:/home/dhruv/install/sensor_fusion_pkg/lib/python3.10/site-packages:/opt/ros/humble/lib/python3.10/site-packages:/opt/ros/humble/local/lib/python3.10/dist-packages', 'COLCON': '1', 'VTE_VERSION': '6800', 'CMAKE_PREFIX_PATH': '/home/dhruv/ros2_sensorRADAR_ws/install/pointcloud_filter:/home/dhruv/ros2_ws/install/rplidar_ros'}, 'shell': False}
[0.400332] (-) TimerEvent: {}
[0.500605] (-) TimerEvent: {}
[0.552615] (sensor_fusion_pkg) StdoutLine: {'line': b'running develop\n'}
[0.600754] (-) TimerEvent: {}
[0.660573] (sensor_fusion_pkg) StdoutLine: {'line': b'running egg_info\n'}
[0.660734] (sensor_fusion_pkg) StdoutLine: {'line': b'writing sensor_fusion_pkg.egg-info/PKG-INFO\n'}
[0.660787] (sensor_fusion_pkg) StdoutLine: {'line': b'writing dependency_links to sensor_fusion_pkg.egg-info/dependency_links.txt\n'}
[0.660823] (sensor_fusion_pkg) StdoutLine: {'line': b'writing entry points to sensor_fusion_pkg.egg-info/entry_points.txt\n'}
[0.660873] (sensor_fusion_pkg) StdoutLine: {'line': b'writing requirements to sensor_fusion_pkg.egg-info/requires.txt\n'}
[0.660919] (sensor_fusion_pkg) StdoutLine: {'line': b'writing top-level names to sensor_fusion_pkg.egg-info/top_level.txt\n'}
[0.662095] (sensor_fusion_pkg) StdoutLine: {'line': b"reading manifest file 'sensor_fusion_pkg.egg-info/SOURCES.txt'\n"}
[0.662457] (sensor_fusion_pkg) StdoutLine: {'line': b"writing manifest file 'sensor_fusion_pkg.egg-info/SOURCES.txt'\n"}
[0.663307] (sensor_fusion_pkg) StdoutLine: {'line': b'running build_ext\n'}
[0.663356] (sensor_fusion_pkg) StdoutLine: {'line': b'Creating /home/dhruv/ros2_sensorRADAR_ws/install/sensor_fusion_pkg/lib/python3.10/site-packages/sensor-fusion-pkg.egg-link (link to .)\n'}
[0.663850] (sensor_fusion_pkg) StdoutLine: {'line': b'Installing fusion script to /home/dhruv/ros2_sensorRADAR_ws/install/sensor_fusion_pkg/lib/sensor_fusion_pkg\n'}
[0.663956] (sensor_fusion_pkg) StdoutLine: {'line': b'\n'}
[0.664001] (sensor_fusion_pkg) StdoutLine: {'line': b'Installed /home/dhruv/ros2_sensorRADAR_ws/build/sensor_fusion_pkg\n'}
[0.664056] (sensor_fusion_pkg) StdoutLine: {'line': b'running symlink_data\n'}
[0.679403] (sensor_fusion_pkg) CommandEnded: {'returncode': 0}
[0.684767] (sensor_fusion_pkg) JobEnded: {'identifier': 'sensor_fusion_pkg', 'rc': 0}
[0.685325] (-) EventReactorShutdown: {}
