[0.000000] (-) TimerEvent: {}
[0.000144] (pointcloud_filter) JobQueued: {'identifier': 'pointcloud_filter', 'dependencies': OrderedDict()}
[0.000263] (sensor_fusion_pkg) JobQueued: {'identifier': 'sensor_fusion_pkg', 'dependencies': OrderedDict()}
[0.000276] (time_sync_tools) JobQueued: {'identifier': 'time_sync_tools', 'dependencies': OrderedDict()}
[0.000462] (pointcloud_filter) JobStarted: {'identifier': 'pointcloud_filter'}
[0.004221] (sensor_fusion_pkg) JobStarted: {'identifier': 'sensor_fusion_pkg'}
[0.007365] (time_sync_tools) JobStarted: {'identifier': 'time_sync_tools'}
[0.010791] (pointcloud_filter) JobProgress: {'identifier': 'pointcloud_filter', 'progress': 'cmake'}
[0.011373] (pointcloud_filter) JobProgress: {'identifier': 'pointcloud_filter', 'progress': 'build'}
[0.011992] (pointcloud_filter) Command: {'cmd': ['/usr/bin/cmake', '--build', '/home/dhruv/ros2_sensor_ws/build/pointcloud_filter', '--', '-j16', '-l16'], 'cwd': '/home/dhruv/ros2_sensor_ws/build/pointcloud_filter', 'env': OrderedDict([('GJS_DEBUG_TOPICS', 'JS ERROR;JS LOG'), ('USER', 'dhruv'), ('XDG_SESSION_TYPE', 'wayland'), ('SHLVL', '1'), ('LD_LIBRARY_PATH', '/opt/ros/humble/opt/rviz_ogre_vendor/lib:/opt/ros/humble/lib/x86_64-linux-gnu:/opt/ros/humble/lib'), ('HOME', '/home/dhruv'), ('OLDPWD', '/home/dhruv/ros2_sensor_ws'), ('DESKTOP_SESSION', 'ubuntu'), ('GIO_LAUNCHED_DESKTOP_FILE', '/usr/share/applications/terminator.desktop'), ('ROS_PYTHON_VERSION', '3'), ('GNOME_SHELL_SESSION_MODE', 'ubuntu'), ('GTK_MODULES', 'gail:atk-bridge'), ('MANAGERPID', '1274'), ('SYSTEMD_EXEC_PID', '1457'), ('DBUS_SESSION_BUS_ADDRESS', 'unix:path=/run/user/1000/bus'), ('COLORTERM', 'truecolor'), ('TERMINATOR_DBUS_NAME', 'net.tenshu.Terminator25ef4b219e3b005583550f2b0f9f990c3'), ('GIO_LAUNCHED_DESKTOP_FILE_PID', '21098'), ('IM_CONFIG_PHASE', '1'), ('WAYLAND_DISPLAY', 'wayland-0'), ('COLCON_PREFIX_PATH', '/home/dhruv/ros2_sensor_ws/install:/home/dhruv/ros2_ws/install'), ('ROS_DISTRO', 'humble'), ('LOGNAME', 'dhruv'), ('JOURNAL_STREAM', '8:6031'), ('_', '/usr/bin/colcon'), ('ROS_VERSION', '2'), ('XDG_SESSION_CLASS', 'user'), ('USERNAME', 'dhruv'), ('TERM', 'xterm-256color'), ('GNOME_DESKTOP_SESSION_ID', 'this-is-deprecated'), ('ROS_LOCALHOST_ONLY', '0'), ('PATH', '/opt/ros/humble/bin:/usr/local/sbin:/usr/local/bin:/usr/sbin:/usr/bin:/sbin:/bin:/usr/games:/usr/local/games:/snap/bin:/snap/bin'), ('SESSION_MANAGER', 'local/dhruv-Predator-PH315-54:@/tmp/.ICE-unix/1403,unix/dhruv-Predator-PH315-54:/tmp/.ICE-unix/1403'), ('INVOCATION_ID', 'e5c7fc0d1503477fb1f03cafb88fea5e'), ('XDG_MENU_PREFIX', 'gnome-'), ('GNOME_SETUP_DISPLAY', ':1'), ('XDG_RUNTIME_DIR', '/run/user/1000'), ('DISPLAY', ':0'), ('TERMINATOR_DBUS_PATH', '/net/tenshu/Terminator2'), ('LANG', 'en_US.UTF-8'), ('XDG_CURRENT_DESKTOP', 'ubuntu:GNOME'), ('IBUS_DISABLE_SNOOPER', '1'), ('XMODIFIERS', '@im=ibus'), ('XDG_SESSION_DESKTOP', 'ubuntu'), ('XAUTHORITY', '/run/user/1000/.mutter-Xwaylandauth.Y78IL3'), ('SSH_AGENT_LAUNCHER', 'gnome-keyring'), ('SSH_AUTH_SOCK', '/run/user/1000/keyring/ssh'), ('AMENT_PREFIX_PATH', '/home/dhruv/ros2_ws/install/rplidar_ros:/home/dhruv/ros2_ws/install/point_cloud_filter:/home/dhruv/ros2_sensor_ws/install/time_sync_tools:/home/dhruv/ros2_sensor_ws/install/sensor_fusion_pkg:/home/dhruv/ros2_sensor_ws/install/pointcloud_filter:/opt/ros/humble'), ('SHELL', '/bin/bash'), ('TERMINATOR_UUID', 'urn:uuid:5b9f6d15-dada-4c3e-9bdd-33c0f2546e92'), ('QT_ACCESSIBILITY', '1'), ('GDMSESSION', 'ubuntu'), ('GJS_DEBUG_OUTPUT', 'stderr'), ('QT_IM_MODULE', 'ibus'), ('PWD', '/home/dhruv/ros2_sensor_ws/build/pointcloud_filter'), ('XDG_CONFIG_DIRS', '/etc/xdg/xdg-ubuntu:/etc/xdg'), ('XDG_DATA_DIRS', '/usr/share/ubuntu:/usr/local/share/:/usr/share/:/var/lib/snapd/desktop'), ('PYTHONPATH', '/home/dhruv/ros2_ws/install/point_cloud_filter/lib/python3.10/site-packages:/home/dhruv/ros2_sensor_ws/install/time_sync_tools/lib/python3.10/site-packages:/home/dhruv/ros2_sensor_ws/install/sensor_fusion_pkg/lib/python3.10/site-packages:/opt/ros/humble/lib/python3.10/site-packages:/opt/ros/humble/local/lib/python3.10/dist-packages'), ('COLCON', '1'), ('VTE_VERSION', '6800'), ('CMAKE_PREFIX_PATH', '/home/dhruv/ros2_ws/install/rplidar_ros:/home/dhruv/ros2_sensor_ws/install/pointcloud_filter:/home/dhruv/ros2_ws/install/point_cloud_filter:/home/dhruv/ros2_sensor_ws/install/time_sync_tools:/home/dhruv/ros2_sensor_ws/install/sensor_fusion_pkg:/opt/ros/humble')]), 'shell': False}
[0.099864] (-) TimerEvent: {}
[0.199526] (pointcloud_filter) StdoutLine: {'line': b'[100%] Built target voxel_grid_filter_node\n'}
[0.199938] (-) TimerEvent: {}
[0.200143] (pointcloud_filter) StdoutLine: {'line': b'[100%] Built target passthrough_filter_node\n'}
[0.300034] (-) TimerEvent: {}
[0.372201] (pointcloud_filter) CommandEnded: {'returncode': 0}
[0.372617] (pointcloud_filter) JobProgress: {'identifier': 'pointcloud_filter', 'progress': 'install'}
[0.378666] (pointcloud_filter) Command: {'cmd': ['/usr/bin/cmake', '--install', '/home/dhruv/ros2_sensor_ws/build/pointcloud_filter'], 'cwd': '/home/dhruv/ros2_sensor_ws/build/pointcloud_filter', 'env': OrderedDict([('GJS_DEBUG_TOPICS', 'JS ERROR;JS LOG'), ('USER', 'dhruv'), ('XDG_SESSION_TYPE', 'wayland'), ('SHLVL', '1'), ('LD_LIBRARY_PATH', '/opt/ros/humble/opt/rviz_ogre_vendor/lib:/opt/ros/humble/lib/x86_64-linux-gnu:/opt/ros/humble/lib'), ('HOME', '/home/dhruv'), ('OLDPWD', '/home/dhruv/ros2_sensor_ws'), ('DESKTOP_SESSION', 'ubuntu'), ('GIO_LAUNCHED_DESKTOP_FILE', '/usr/share/applications/terminator.desktop'), ('ROS_PYTHON_VERSION', '3'), ('GNOME_SHELL_SESSION_MODE', 'ubuntu'), ('GTK_MODULES', 'gail:atk-bridge'), ('MANAGERPID', '1274'), ('SYSTEMD_EXEC_PID', '1457'), ('DBUS_SESSION_BUS_ADDRESS', 'unix:path=/run/user/1000/bus'), ('COLORTERM', 'truecolor'), ('TERMINATOR_DBUS_NAME', 'net.tenshu.Terminator25ef4b219e3b005583550f2b0f9f990c3'), ('GIO_LAUNCHED_DESKTOP_FILE_PID', '21098'), ('IM_CONFIG_PHASE', '1'), ('WAYLAND_DISPLAY', 'wayland-0'), ('COLCON_PREFIX_PATH', '/home/dhruv/ros2_sensor_ws/install:/home/dhruv/ros2_ws/install'), ('ROS_DISTRO', 'humble'), ('LOGNAME', 'dhruv'), ('JOURNAL_STREAM', '8:6031'), ('_', '/usr/bin/colcon'), ('ROS_VERSION', '2'), ('XDG_SESSION_CLASS', 'user'), ('USERNAME', 'dhruv'), ('TERM', 'xterm-256color'), ('GNOME_DESKTOP_SESSION_ID', 'this-is-deprecated'), ('ROS_LOCALHOST_ONLY', '0'), ('PATH', '/opt/ros/humble/bin:/usr/local/sbin:/usr/local/bin:/usr/sbin:/usr/bin:/sbin:/bin:/usr/games:/usr/local/games:/snap/bin:/snap/bin'), ('SESSION_MANAGER', 'local/dhruv-Predator-PH315-54:@/tmp/.ICE-unix/1403,unix/dhruv-Predator-PH315-54:/tmp/.ICE-unix/1403'), ('INVOCATION_ID', 'e5c7fc0d1503477fb1f03cafb88fea5e'), ('XDG_MENU_PREFIX', 'gnome-'), ('GNOME_SETUP_DISPLAY', ':1'), ('XDG_RUNTIME_DIR', '/run/user/1000'), ('DISPLAY', ':0'), ('TERMINATOR_DBUS_PATH', '/net/tenshu/Terminator2'), ('LANG', 'en_US.UTF-8'), ('XDG_CURRENT_DESKTOP', 'ubuntu:GNOME'), ('IBUS_DISABLE_SNOOPER', '1'), ('XMODIFIERS', '@im=ibus'), ('XDG_SESSION_DESKTOP', 'ubuntu'), ('XAUTHORITY', '/run/user/1000/.mutter-Xwaylandauth.Y78IL3'), ('SSH_AGENT_LAUNCHER', 'gnome-keyring'), ('SSH_AUTH_SOCK', '/run/user/1000/keyring/ssh'), ('AMENT_PREFIX_PATH', '/home/dhruv/ros2_ws/install/rplidar_ros:/home/dhruv/ros2_ws/install/point_cloud_filter:/home/dhruv/ros2_sensor_ws/install/time_sync_tools:/home/dhruv/ros2_sensor_ws/install/sensor_fusion_pkg:/home/dhruv/ros2_sensor_ws/install/pointcloud_filter:/opt/ros/humble'), ('SHELL', '/bin/bash'), ('TERMINATOR_UUID', 'urn:uuid:5b9f6d15-dada-4c3e-9bdd-33c0f2546e92'), ('QT_ACCESSIBILITY', '1'), ('GDMSESSION', 'ubuntu'), ('GJS_DEBUG_OUTPUT', 'stderr'), ('QT_IM_MODULE', 'ibus'), ('PWD', '/home/dhruv/ros2_sensor_ws/build/pointcloud_filter'), ('XDG_CONFIG_DIRS', '/etc/xdg/xdg-ubuntu:/etc/xdg'), ('XDG_DATA_DIRS', '/usr/share/ubuntu:/usr/local/share/:/usr/share/:/var/lib/snapd/desktop'), ('PYTHONPATH', '/home/dhruv/ros2_ws/install/point_cloud_filter/lib/python3.10/site-packages:/home/dhruv/ros2_sensor_ws/install/time_sync_tools/lib/python3.10/site-packages:/home/dhruv/ros2_sensor_ws/install/sensor_fusion_pkg/lib/python3.10/site-packages:/opt/ros/humble/lib/python3.10/site-packages:/opt/ros/humble/local/lib/python3.10/dist-packages'), ('COLCON', '1'), ('VTE_VERSION', '6800'), ('CMAKE_PREFIX_PATH', '/home/dhruv/ros2_ws/install/rplidar_ros:/home/dhruv/ros2_sensor_ws/install/pointcloud_filter:/home/dhruv/ros2_ws/install/point_cloud_filter:/home/dhruv/ros2_sensor_ws/install/time_sync_tools:/home/dhruv/ros2_sensor_ws/install/sensor_fusion_pkg:/opt/ros/humble')]), 'shell': False}
[0.383680] (pointcloud_filter) StdoutLine: {'line': b'-- Install configuration: ""\n'}
[0.383986] (pointcloud_filter) StdoutLine: {'line': b'-- Execute custom install script\n'}
[0.384160] (pointcloud_filter) StdoutLine: {'line': b'-- Up-to-date symlink: /home/dhruv/ros2_sensor_ws/install/pointcloud_filter/lib/pointcloud_filter/passthrough_filter_node\n'}
[0.384317] (pointcloud_filter) StdoutLine: {'line': b'-- Up-to-date symlink: /home/dhruv/ros2_sensor_ws/install/pointcloud_filter/lib/pointcloud_filter/passthrough_filter_node\n'}
[0.384405] (pointcloud_filter) StdoutLine: {'line': b'-- Up-to-date symlink: /home/dhruv/ros2_sensor_ws/install/pointcloud_filter/lib/pointcloud_filter/voxel_grid_filter_node\n'}
[0.384515] (pointcloud_filter) StdoutLine: {'line': b'-- Up-to-date symlink: /home/dhruv/ros2_sensor_ws/install/pointcloud_filter/share/ament_index/resource_index/package_run_dependencies/pointcloud_filter\n'}
[0.384609] (pointcloud_filter) StdoutLine: {'line': b'-- Up-to-date symlink: /home/dhruv/ros2_sensor_ws/install/pointcloud_filter/share/ament_index/resource_index/parent_prefix_path/pointcloud_filter\n'}
[0.384699] (pointcloud_filter) StdoutLine: {'line': b'-- Up-to-date symlink: /home/dhruv/ros2_sensor_ws/install/pointcloud_filter/share/pointcloud_filter/environment/ament_prefix_path.sh\n'}
[0.384786] (pointcloud_filter) StdoutLine: {'line': b'-- Up-to-date symlink: /home/dhruv/ros2_sensor_ws/install/pointcloud_filter/share/pointcloud_filter/environment/ament_prefix_path.dsv\n'}
[0.384874] (pointcloud_filter) StdoutLine: {'line': b'-- Up-to-date symlink: /home/dhruv/ros2_sensor_ws/install/pointcloud_filter/share/pointcloud_filter/environment/path.sh\n'}
[0.384951] (pointcloud_filter) StdoutLine: {'line': b'-- Up-to-date symlink: /home/dhruv/ros2_sensor_ws/install/pointcloud_filter/share/pointcloud_filter/environment/path.dsv\n'}
[0.385029] (pointcloud_filter) StdoutLine: {'line': b'-- Up-to-date symlink: /home/dhruv/ros2_sensor_ws/install/pointcloud_filter/share/pointcloud_filter/local_setup.bash\n'}
[0.385106] (pointcloud_filter) StdoutLine: {'line': b'-- Up-to-date symlink: /home/dhruv/ros2_sensor_ws/install/pointcloud_filter/share/pointcloud_filter/local_setup.sh\n'}
[0.385177] (pointcloud_filter) StdoutLine: {'line': b'-- Up-to-date symlink: /home/dhruv/ros2_sensor_ws/install/pointcloud_filter/share/pointcloud_filter/local_setup.zsh\n'}
[0.385254] (pointcloud_filter) StdoutLine: {'line': b'-- Up-to-date symlink: /home/dhruv/ros2_sensor_ws/install/pointcloud_filter/share/pointcloud_filter/local_setup.dsv\n'}
[0.385312] (pointcloud_filter) StdoutLine: {'line': b'-- Symlinking: /home/dhruv/ros2_sensor_ws/install/pointcloud_filter/share/pointcloud_filter/package.dsv\n'}
[0.390991] (pointcloud_filter) StdoutLine: {'line': b'-- Up-to-date symlink: /home/dhruv/ros2_sensor_ws/install/pointcloud_filter/share/ament_index/resource_index/packages/pointcloud_filter\n'}
[0.391129] (pointcloud_filter) StdoutLine: {'line': b'-- Up-to-date symlink: /home/dhruv/ros2_sensor_ws/install/pointcloud_filter/share/pointcloud_filter/cmake/pointcloud_filterConfig.cmake\n'}
[0.391195] (pointcloud_filter) StdoutLine: {'line': b'-- Up-to-date symlink: /home/dhruv/ros2_sensor_ws/install/pointcloud_filter/share/pointcloud_filter/cmake/pointcloud_filterConfig-version.cmake\n'}
[0.391231] (pointcloud_filter) StdoutLine: {'line': b'-- Up-to-date symlink: /home/dhruv/ros2_sensor_ws/install/pointcloud_filter/share/pointcloud_filter/package.xml\n'}
[0.392387] (pointcloud_filter) CommandEnded: {'returncode': 0}
[0.400136] (-) TimerEvent: {}
[0.402272] (pointcloud_filter) JobEnded: {'identifier': 'pointcloud_filter', 'rc': 0}
[0.500227] (-) TimerEvent: {}
[0.600489] (-) TimerEvent: {}
[0.606726] (time_sync_tools) Command: {'cmd': ['/usr/bin/python3', '-W', 'ignore:setup.py install is deprecated', '-W', 'ignore:easy_install command is deprecated', 'setup.py', 'egg_info', '--egg-base', '../../build/time_sync_tools', 'build', '--build-base', '/home/dhruv/ros2_sensor_ws/build/time_sync_tools/build', 'install', '--record', '/home/dhruv/ros2_sensor_ws/build/time_sync_tools/install.log', '--single-version-externally-managed', 'install_data'], 'cwd': '/home/dhruv/ros2_sensor_ws/src/time_sync_tools', 'env': {'GJS_DEBUG_TOPICS': 'JS ERROR;JS LOG', 'USER': 'dhruv', 'XDG_SESSION_TYPE': 'wayland', 'SHLVL': '1', 'LD_LIBRARY_PATH': '/opt/ros/humble/opt/rviz_ogre_vendor/lib:/opt/ros/humble/lib/x86_64-linux-gnu:/opt/ros/humble/lib', 'HOME': '/home/dhruv', 'OLDPWD': '/home/dhruv/ros2_sensor_ws', 'DESKTOP_SESSION': 'ubuntu', 'GIO_LAUNCHED_DESKTOP_FILE': '/usr/share/applications/terminator.desktop', 'ROS_PYTHON_VERSION': '3', 'GNOME_SHELL_SESSION_MODE': 'ubuntu', 'GTK_MODULES': 'gail:atk-bridge', 'MANAGERPID': '1274', 'SYSTEMD_EXEC_PID': '1457', 'DBUS_SESSION_BUS_ADDRESS': 'unix:path=/run/user/1000/bus', 'COLORTERM': 'truecolor', 'TERMINATOR_DBUS_NAME': 'net.tenshu.Terminator25ef4b219e3b005583550f2b0f9f990c3', 'GIO_LAUNCHED_DESKTOP_FILE_PID': '21098', 'IM_CONFIG_PHASE': '1', 'WAYLAND_DISPLAY': 'wayland-0', 'COLCON_PREFIX_PATH': '/home/dhruv/ros2_sensor_ws/install:/home/dhruv/ros2_ws/install', 'ROS_DISTRO': 'humble', 'LOGNAME': 'dhruv', 'JOURNAL_STREAM': '8:6031', '_': '/usr/bin/colcon', 'ROS_VERSION': '2', 'XDG_SESSION_CLASS': 'user', 'USERNAME': 'dhruv', 'TERM': 'xterm-256color', 'GNOME_DESKTOP_SESSION_ID': 'this-is-deprecated', 'ROS_LOCALHOST_ONLY': '0', 'PATH': '/opt/ros/humble/bin:/usr/local/sbin:/usr/local/bin:/usr/sbin:/usr/bin:/sbin:/bin:/usr/games:/usr/local/games:/snap/bin:/snap/bin', 'SESSION_MANAGER': 'local/dhruv-Predator-PH315-54:@/tmp/.ICE-unix/1403,unix/dhruv-Predator-PH315-54:/tmp/.ICE-unix/1403', 'INVOCATION_ID': 'e5c7fc0d1503477fb1f03cafb88fea5e', 'XDG_MENU_PREFIX': 'gnome-', 'GNOME_SETUP_DISPLAY': ':1', 'XDG_RUNTIME_DIR': '/run/user/1000', 'DISPLAY': ':0', 'TERMINATOR_DBUS_PATH': '/net/tenshu/Terminator2', 'LANG': 'en_US.UTF-8', 'XDG_CURRENT_DESKTOP': 'ubuntu:GNOME', 'IBUS_DISABLE_SNOOPER': '1', 'XMODIFIERS': '@im=ibus', 'XDG_SESSION_DESKTOP': 'ubuntu', 'XAUTHORITY': '/run/user/1000/.mutter-Xwaylandauth.Y78IL3', 'SSH_AGENT_LAUNCHER': 'gnome-keyring', 'SSH_AUTH_SOCK': '/run/user/1000/keyring/ssh', 'AMENT_PREFIX_PATH': '/home/dhruv/ros2_ws/install/rplidar_ros:/home/dhruv/ros2_ws/install/point_cloud_filter:/home/dhruv/ros2_sensor_ws/install/time_sync_tools:/home/dhruv/ros2_sensor_ws/install/sensor_fusion_pkg:/home/dhruv/ros2_sensor_ws/install/pointcloud_filter:/opt/ros/humble', 'SHELL': '/bin/bash', 'TERMINATOR_UUID': 'urn:uuid:5b9f6d15-dada-4c3e-9bdd-33c0f2546e92', 'QT_ACCESSIBILITY': '1', 'GDMSESSION': 'ubuntu', 'GJS_DEBUG_OUTPUT': 'stderr', 'QT_IM_MODULE': 'ibus', 'PWD': '/home/dhruv/ros2_sensor_ws/build/time_sync_tools', 'XDG_CONFIG_DIRS': '/etc/xdg/xdg-ubuntu:/etc/xdg', 'XDG_DATA_DIRS': '/usr/share/ubuntu:/usr/local/share/:/usr/share/:/var/lib/snapd/desktop', 'PYTHONPATH': '/home/dhruv/ros2_sensor_ws/build/time_sync_tools/prefix_override:/usr/lib/python3/dist-packages/colcon_core/task/python/colcon_distutils_commands:/home/dhruv/ros2_sensor_ws/install/time_sync_tools/lib/python3.10/site-packages:/home/dhruv/ros2_ws/install/point_cloud_filter/lib/python3.10/site-packages:/home/dhruv/ros2_sensor_ws/install/time_sync_tools/lib/python3.10/site-packages:/home/dhruv/ros2_sensor_ws/install/sensor_fusion_pkg/lib/python3.10/site-packages:/opt/ros/humble/lib/python3.10/site-packages:/opt/ros/humble/local/lib/python3.10/dist-packages', 'COLCON': '1', 'VTE_VERSION': '6800', 'CMAKE_PREFIX_PATH': '/home/dhruv/ros2_ws/install/rplidar_ros:/home/dhruv/ros2_sensor_ws/install/pointcloud_filter'}, 'shell': False}
[0.610484] (sensor_fusion_pkg) Command: {'cmd': ['/usr/bin/python3', '-W', 'ignore:setup.py install is deprecated', '-W', 'ignore:easy_install command is deprecated', 'setup.py', 'egg_info', '--egg-base', '../../build/sensor_fusion_pkg', 'build', '--build-base', '/home/dhruv/ros2_sensor_ws/build/sensor_fusion_pkg/build', 'install', '--record', '/home/dhruv/ros2_sensor_ws/build/sensor_fusion_pkg/install.log', '--single-version-externally-managed', 'install_data'], 'cwd': '/home/dhruv/ros2_sensor_ws/src/sensor_fusion_pkg', 'env': {'GJS_DEBUG_TOPICS': 'JS ERROR;JS LOG', 'USER': 'dhruv', 'XDG_SESSION_TYPE': 'wayland', 'SHLVL': '1', 'LD_LIBRARY_PATH': '/opt/ros/humble/opt/rviz_ogre_vendor/lib:/opt/ros/humble/lib/x86_64-linux-gnu:/opt/ros/humble/lib', 'HOME': '/home/dhruv', 'OLDPWD': '/home/dhruv/ros2_sensor_ws', 'DESKTOP_SESSION': 'ubuntu', 'GIO_LAUNCHED_DESKTOP_FILE': '/usr/share/applications/terminator.desktop', 'ROS_PYTHON_VERSION': '3', 'GNOME_SHELL_SESSION_MODE': 'ubuntu', 'GTK_MODULES': 'gail:atk-bridge', 'MANAGERPID': '1274', 'SYSTEMD_EXEC_PID': '1457', 'DBUS_SESSION_BUS_ADDRESS': 'unix:path=/run/user/1000/bus', 'COLORTERM': 'truecolor', 'TERMINATOR_DBUS_NAME': 'net.tenshu.Terminator25ef4b219e3b005583550f2b0f9f990c3', 'GIO_LAUNCHED_DESKTOP_FILE_PID': '21098', 'IM_CONFIG_PHASE': '1', 'WAYLAND_DISPLAY': 'wayland-0', 'COLCON_PREFIX_PATH': '/home/dhruv/ros2_sensor_ws/install:/home/dhruv/ros2_ws/install', 'ROS_DISTRO': 'humble', 'LOGNAME': 'dhruv', 'JOURNAL_STREAM': '8:6031', '_': '/usr/bin/colcon', 'ROS_VERSION': '2', 'XDG_SESSION_CLASS': 'user', 'USERNAME': 'dhruv', 'TERM': 'xterm-256color', 'GNOME_DESKTOP_SESSION_ID': 'this-is-deprecated', 'ROS_LOCALHOST_ONLY': '0', 'PATH': '/opt/ros/humble/bin:/usr/local/sbin:/usr/local/bin:/usr/sbin:/usr/bin:/sbin:/bin:/usr/games:/usr/local/games:/snap/bin:/snap/bin', 'SESSION_MANAGER': 'local/dhruv-Predator-PH315-54:@/tmp/.ICE-unix/1403,unix/dhruv-Predator-PH315-54:/tmp/.ICE-unix/1403', 'INVOCATION_ID': 'e5c7fc0d1503477fb1f03cafb88fea5e', 'XDG_MENU_PREFIX': 'gnome-', 'GNOME_SETUP_DISPLAY': ':1', 'XDG_RUNTIME_DIR': '/run/user/1000', 'DISPLAY': ':0', 'TERMINATOR_DBUS_PATH': '/net/tenshu/Terminator2', 'LANG': 'en_US.UTF-8', 'XDG_CURRENT_DESKTOP': 'ubuntu:GNOME', 'IBUS_DISABLE_SNOOPER': '1', 'XMODIFIERS': '@im=ibus', 'XDG_SESSION_DESKTOP': 'ubuntu', 'XAUTHORITY': '/run/user/1000/.mutter-Xwaylandauth.Y78IL3', 'SSH_AGENT_LAUNCHER': 'gnome-keyring', 'SSH_AUTH_SOCK': '/run/user/1000/keyring/ssh', 'AMENT_PREFIX_PATH': '/home/dhruv/ros2_ws/install/rplidar_ros:/home/dhruv/ros2_ws/install/point_cloud_filter:/home/dhruv/ros2_sensor_ws/install/time_sync_tools:/home/dhruv/ros2_sensor_ws/install/sensor_fusion_pkg:/home/dhruv/ros2_sensor_ws/install/pointcloud_filter:/opt/ros/humble', 'SHELL': '/bin/bash', 'TERMINATOR_UUID': 'urn:uuid:5b9f6d15-dada-4c3e-9bdd-33c0f2546e92', 'QT_ACCESSIBILITY': '1', 'GDMSESSION': 'ubuntu', 'GJS_DEBUG_OUTPUT': 'stderr', 'QT_IM_MODULE': 'ibus', 'PWD': '/home/dhruv/ros2_sensor_ws/build/sensor_fusion_pkg', 'XDG_CONFIG_DIRS': '/etc/xdg/xdg-ubuntu:/etc/xdg', 'XDG_DATA_DIRS': '/usr/share/ubuntu:/usr/local/share/:/usr/share/:/var/lib/snapd/desktop', 'PYTHONPATH': '/home/dhruv/ros2_sensor_ws/build/sensor_fusion_pkg/prefix_override:/usr/lib/python3/dist-packages/colcon_core/task/python/colcon_distutils_commands:/home/dhruv/ros2_sensor_ws/install/sensor_fusion_pkg/lib/python3.10/site-packages:/home/dhruv/ros2_ws/install/point_cloud_filter/lib/python3.10/site-packages:/home/dhruv/ros2_sensor_ws/install/time_sync_tools/lib/python3.10/site-packages:/home/dhruv/ros2_sensor_ws/install/sensor_fusion_pkg/lib/python3.10/site-packages:/opt/ros/humble/lib/python3.10/site-packages:/opt/ros/humble/local/lib/python3.10/dist-packages', 'COLCON': '1', 'VTE_VERSION': '6800', 'CMAKE_PREFIX_PATH': '/home/dhruv/ros2_ws/install/rplidar_ros:/home/dhruv/ros2_sensor_ws/install/pointcloud_filter'}, 'shell': False}
[0.700581] (-) TimerEvent: {}
[0.763699] (sensor_fusion_pkg) StdoutLine: {'line': b'running egg_info\n'}
[0.764146] (sensor_fusion_pkg) StdoutLine: {'line': b'writing ../../build/sensor_fusion_pkg/sensor_fusion_pkg.egg-info/PKG-INFO\n'}
[0.764206] (sensor_fusion_pkg) StdoutLine: {'line': b'writing dependency_links to ../../build/sensor_fusion_pkg/sensor_fusion_pkg.egg-info/dependency_links.txt\n'}
[0.764279] (sensor_fusion_pkg) StdoutLine: {'line': b'writing entry points to ../../build/sensor_fusion_pkg/sensor_fusion_pkg.egg-info/entry_points.txt\n'}
[0.764343] (sensor_fusion_pkg) StdoutLine: {'line': b'writing requirements to ../../build/sensor_fusion_pkg/sensor_fusion_pkg.egg-info/requires.txt\n'}
[0.764393] (sensor_fusion_pkg) StdoutLine: {'line': b'writing top-level names to ../../build/sensor_fusion_pkg/sensor_fusion_pkg.egg-info/top_level.txt\n'}
[0.765221] (time_sync_tools) StdoutLine: {'line': b'running egg_info\n'}
[0.765445] (sensor_fusion_pkg) StdoutLine: {'line': b"reading manifest file '../../build/sensor_fusion_pkg/sensor_fusion_pkg.egg-info/SOURCES.txt'\n"}
[0.765642] (time_sync_tools) StdoutLine: {'line': b'writing ../../build/time_sync_tools/time_sync_tools.egg-info/PKG-INFO\n'}
[0.765778] (time_sync_tools) StdoutLine: {'line': b'writing dependency_links to ../../build/time_sync_tools/time_sync_tools.egg-info/dependency_links.txt\n'}
[0.765853] (time_sync_tools) StdoutLine: {'line': b'writing entry points to ../../build/time_sync_tools/time_sync_tools.egg-info/entry_points.txt\n'}
[0.765932] (time_sync_tools) StdoutLine: {'line': b'writing requirements to ../../build/time_sync_tools/time_sync_tools.egg-info/requires.txt\n'}
[0.765993] (time_sync_tools) StdoutLine: {'line': b'writing top-level names to ../../build/time_sync_tools/time_sync_tools.egg-info/top_level.txt\n'}
[0.766104] (sensor_fusion_pkg) StdoutLine: {'line': b"writing manifest file '../../build/sensor_fusion_pkg/sensor_fusion_pkg.egg-info/SOURCES.txt'\n"}
[0.766156] (sensor_fusion_pkg) StdoutLine: {'line': b'running build\n'}
[0.766190] (sensor_fusion_pkg) StdoutLine: {'line': b'running build_py\n'}
[0.766382] (sensor_fusion_pkg) StdoutLine: {'line': b'running install\n'}
[0.766575] (sensor_fusion_pkg) StdoutLine: {'line': b'running install_lib\n'}
[0.767170] (time_sync_tools) StdoutLine: {'line': b"reading manifest file '../../build/time_sync_tools/time_sync_tools.egg-info/SOURCES.txt'\n"}
[0.767301] (sensor_fusion_pkg) StdoutLine: {'line': b'running install_data\n'}
[0.767385] (sensor_fusion_pkg) StdoutLine: {'line': b'running install_egg_info\n'}
[0.767784] (time_sync_tools) StdoutLine: {'line': b"writing manifest file '../../build/time_sync_tools/time_sync_tools.egg-info/SOURCES.txt'\n"}
[0.767875] (time_sync_tools) StdoutLine: {'line': b'running build\n'}
[0.767912] (time_sync_tools) StdoutLine: {'line': b'running build_py\n'}
[0.767978] (time_sync_tools) StdoutLine: {'line': b'running install\n'}
[0.768189] (time_sync_tools) StdoutLine: {'line': b'running install_lib\n'}
[0.768546] (sensor_fusion_pkg) StdoutLine: {'line': b"removing '/home/dhruv/ros2_sensor_ws/install/sensor_fusion_pkg/lib/python3.10/site-packages/sensor_fusion_pkg-0.0.0-py3.10.egg-info' (and everything under it)\n"}
[0.768672] (sensor_fusion_pkg) StdoutLine: {'line': b'Copying ../../build/sensor_fusion_pkg/sensor_fusion_pkg.egg-info to /home/dhruv/ros2_sensor_ws/install/sensor_fusion_pkg/lib/python3.10/site-packages/sensor_fusion_pkg-0.0.0-py3.10.egg-info\n'}
[0.768823] (time_sync_tools) StdoutLine: {'line': b'running install_data\n'}
[0.768908] (time_sync_tools) StdoutLine: {'line': b'running install_egg_info\n'}
[0.769075] (sensor_fusion_pkg) StdoutLine: {'line': b'running install_scripts\n'}
[0.770039] (time_sync_tools) StdoutLine: {'line': b"removing '/home/dhruv/ros2_sensor_ws/install/time_sync_tools/lib/python3.10/site-packages/time_sync_tools-0.0.0-py3.10.egg-info' (and everything under it)\n"}
[0.770185] (time_sync_tools) StdoutLine: {'line': b'Copying ../../build/time_sync_tools/time_sync_tools.egg-info to /home/dhruv/ros2_sensor_ws/install/time_sync_tools/lib/python3.10/site-packages/time_sync_tools-0.0.0-py3.10.egg-info\n'}
[0.770603] (time_sync_tools) StdoutLine: {'line': b'running install_scripts\n'}
[0.782575] (sensor_fusion_pkg) StdoutLine: {'line': b'Installing fusion script to /home/dhruv/ros2_sensor_ws/install/sensor_fusion_pkg/lib/sensor_fusion_pkg\n'}
[0.782666] (sensor_fusion_pkg) StdoutLine: {'line': b'Installing lidar_to_pointcloud script to /home/dhruv/ros2_sensor_ws/install/sensor_fusion_pkg/lib/sensor_fusion_pkg\n'}
[0.782719] (sensor_fusion_pkg) StdoutLine: {'line': b'Installing time_sync_monitor script to /home/dhruv/ros2_sensor_ws/install/sensor_fusion_pkg/lib/sensor_fusion_pkg\n'}
[0.782768] (sensor_fusion_pkg) StdoutLine: {'line': b'Installing voxel_filter script to /home/dhruv/ros2_sensor_ws/install/sensor_fusion_pkg/lib/sensor_fusion_pkg\n'}
[0.782935] (sensor_fusion_pkg) StdoutLine: {'line': b"writing list of installed files to '/home/dhruv/ros2_sensor_ws/build/sensor_fusion_pkg/install.log'\n"}
[0.784592] (time_sync_tools) StdoutLine: {'line': b"writing list of installed files to '/home/dhruv/ros2_sensor_ws/build/time_sync_tools/install.log'\n"}
[0.800461] (sensor_fusion_pkg) CommandEnded: {'returncode': 0}
[0.800895] (-) TimerEvent: {}
[0.804469] (sensor_fusion_pkg) JobEnded: {'identifier': 'sensor_fusion_pkg', 'rc': 0}
[0.805171] (time_sync_tools) CommandEnded: {'returncode': 0}
[0.808461] (time_sync_tools) JobEnded: {'identifier': 'time_sync_tools', 'rc': 0}
[0.808801] (-) EventReactorShutdown: {}
