[0.011s] Invoking command in '/home/dhruv/ros2_sensorRADAR_ws/build/pointcloud_filter': CMAKE_PREFIX_PATH=${CMAKE_PREFIX_PATH}:/home/dhruv/ros2_sensorRADAR_ws/install/sensor_fusion_pkg:/home/dhruv/ros2_ws/install/point_cloud_filter:/home/dhruv/install/sensor_fusion_pkg:/opt/ros/humble /usr/bin/cmake --build /home/dhruv/ros2_sensorRADAR_ws/build/pointcloud_filter -- -j16 -l16
[0.028s] -- Found ament_cmake: 1.3.12 (/opt/ros/humble/share/ament_cmake/cmake)
[0.104s] -- Override CMake install command with custom implementation using symlinks instead of copying resources
[0.108s] -- Found rclcpp: 16.0.17 (/opt/ros/humble/share/rclcpp/cmake)
[0.128s] -- Found rosidl_generator_c: 3.1.8 (/opt/ros/humble/share/rosidl_generator_c/cmake)
[0.130s] -- Found rosidl_adapter: 3.1.8 (/opt/ros/humble/share/rosidl_adapter/cmake)
[0.133s] -- Found rosidl_generator_cpp: 3.1.8 (/opt/ros/humble/share/rosidl_generator_cpp/cmake)
[0.139s] -- Using all available rosidl_typesupport_c: rosidl_typesupport_fastrtps_c;rosidl_typesupport_introspection_c
[0.146s] -- Using all available rosidl_typesupport_cpp: rosidl_typesupport_fastrtps_cpp;rosidl_typesupport_introspection_cpp
[0.166s] -- Found rmw_implementation_cmake: 6.1.2 (/opt/ros/humble/share/rmw_implementation_cmake/cmake)
[0.167s] -- Found rmw_fastrtps_cpp: 6.2.9 (/opt/ros/humble/share/rmw_fastrtps_cpp/cmake)
[0.239s] -- Using RMW implementation 'rmw_fastrtps_cpp' as default
[0.278s] -- Found sensor_msgs: 4.9.0 (/opt/ros/humble/share/sensor_msgs/cmake)
[0.300s] -- Found pcl_conversions: 2.4.5 (/opt/ros/humble/share/pcl_conversions/cmake)
[0.327s] -- Eigen found (include: /usr/include/eigen3, version: 3.4.0)
[0.353s] -- FLANN found (include: /usr/include, lib: /usr/lib/x86_64-linux-gnu/libflann_cpp.so)
[0.563s] -- OpenNI found (version: 1.5.4.0, include: /usr/include/ni, lib: /usr/lib/libOpenNI.so;libusb::libusb)
[0.567s] -- OpenNI2 found (version: 2.2.0.33, include: /usr/include/openni2, lib: /usr/lib/x86_64-linux-gnu/libOpenNI2.so;libusb::libusb)
[0.672s] -- Eigen found (include: /usr/include/eigen3, version: 3.4.0)
[0.677s] -- OpenNI found (version: 1.5.4.0, include: /usr/include/ni, lib: /usr/lib/libOpenNI.so;libusb::libusb)
[0.681s] -- OpenNI2 found (version: 2.2.0.33, include: /usr/include/openni2, lib: /usr/lib/x86_64-linux-gnu/libOpenNI2.so;libusb::libusb)
[0.785s] -- Found Qhull version 8.0.2
[0.897s] -- OpenNI found (version: 1.5.4.0, include: /usr/include/ni, lib: /usr/lib/libOpenNI.so;libusb::libusb)
[0.997s] -- Found pcl_ros: 2.4.5 (/opt/ros/humble/share/pcl_ros/cmake)
[1.006s] -- Found eigen3_cmake_module: 0.1.1 (/opt/ros/humble/share/eigen3_cmake_module/cmake)
[1.007s] -- Ensuring Eigen3 include directory is part of orocos-kdl CMake target
[1.055s] [33mCMake Warning (dev) at CMakeLists.txt:14 (find_package):
[1.056s]   Policy CMP0074 is not set: find_package uses <PackageName>_ROOT variables.
[1.056s]   Run "cmake --help-policy CMP0074" for policy details.  Use the cmake_policy
[1.056s]   command to set the policy and suppress this warning.
[1.056s] 
[1.056s]   CMake variable PCL_ROOT is set to:
[1.056s] 
[1.056s]     /usr
[1.056s] 
[1.056s]   For compatibility, CMake is ignoring the variable.
[1.056s] This warning is for project developers.  Use -Wno-dev to suppress it.
[1.056s] [0m
[1.060s] -- Found tf2_sensor_msgs: 0.25.19 (/opt/ros/humble/share/tf2_sensor_msgs/cmake)
[1.080s] -- Found ament_lint_auto: 0.12.14 (/opt/ros/humble/share/ament_lint_auto/cmake)
[1.124s] -- Added test 'cppcheck' to perform static code analysis on C / C++ code
[1.125s] -- Configured cppcheck include dirs: 
[1.125s] -- Configured cppcheck exclude dirs and/or files: 
[1.125s] -- Added test 'flake8' to check Python code syntax and style conventions
[1.125s] -- Added test 'lint_cmake' to check CMake code style
[1.125s] -- Added test 'pep257' to check Python code against some of the docstring style conventions in PEP 257
[1.126s] -- Added test 'uncrustify' to check C / C++ code style
[1.126s] -- Configured uncrustify additional arguments: 
[1.126s] -- Added test 'xmllint' to check XML markup files
[1.127s] -- Configuring done
[1.184s] -- Generating done
[1.199s] -- Build files have been written to: /home/dhruv/ros2_sensorRADAR_ws/build/pointcloud_filter
[1.222s] [35m[1mConsolidate compiler generated dependencies of target voxel_grid_filter[0m
[1.223s] [35m[1mConsolidate compiler generated dependencies of target camera_passthrough_filter[0m
[1.223s] [35m[1mConsolidate compiler generated dependencies of target radar_passthrough_filter[0m
[1.240s] [ 66%] Built target voxel_grid_filter
[1.240s] [ 66%] Built target radar_passthrough_filter
[1.241s] [100%] Built target camera_passthrough_filter
[1.248s] Invoked command in '/home/dhruv/ros2_sensorRADAR_ws/build/pointcloud_filter' returned '0': CMAKE_PREFIX_PATH=${CMAKE_PREFIX_PATH}:/home/dhruv/ros2_sensorRADAR_ws/install/sensor_fusion_pkg:/home/dhruv/ros2_ws/install/point_cloud_filter:/home/dhruv/install/sensor_fusion_pkg:/opt/ros/humble /usr/bin/cmake --build /home/dhruv/ros2_sensorRADAR_ws/build/pointcloud_filter -- -j16 -l16
[1.254s] Invoking command in '/home/dhruv/ros2_sensorRADAR_ws/build/pointcloud_filter': CMAKE_PREFIX_PATH=${CMAKE_PREFIX_PATH}:/home/dhruv/ros2_sensorRADAR_ws/install/sensor_fusion_pkg:/home/dhruv/ros2_ws/install/point_cloud_filter:/home/dhruv/install/sensor_fusion_pkg:/opt/ros/humble /usr/bin/cmake --install /home/dhruv/ros2_sensorRADAR_ws/build/pointcloud_filter
[1.258s] -- Install configuration: ""
[1.258s] -- Execute custom install script
[1.258s] -- Up-to-date symlink: /home/dhruv/ros2_sensorRADAR_ws/install/pointcloud_filter/lib/pointcloud_filter/camera_passthrough_filter
[1.258s] -- Up-to-date symlink: /home/dhruv/ros2_sensorRADAR_ws/install/pointcloud_filter/lib/pointcloud_filter/radar_passthrough_filter
[1.258s] -- Up-to-date symlink: /home/dhruv/ros2_sensorRADAR_ws/install/pointcloud_filter/lib/pointcloud_filter/voxel_grid_filter
[1.258s] -- Up-to-date symlink: /home/dhruv/ros2_sensorRADAR_ws/install/pointcloud_filter/share/pointcloud_filter/launch/__pycache__/pipeline.launch.cpython-310.pyc
[1.258s] -- Up-to-date symlink: /home/dhruv/ros2_sensorRADAR_ws/install/pointcloud_filter/share/pointcloud_filter/launch/pipeline.launch.py
[1.259s] -- Symlinking: /home/dhruv/ros2_sensorRADAR_ws/install/pointcloud_filter/share/pointcloud_filter/launch/test.launch.py
[1.263s] -- Up-to-date symlink: /home/dhruv/ros2_sensorRADAR_ws/install/pointcloud_filter/share/ament_index/resource_index/package_run_dependencies/pointcloud_filter
[1.264s] -- Up-to-date symlink: /home/dhruv/ros2_sensorRADAR_ws/install/pointcloud_filter/share/ament_index/resource_index/parent_prefix_path/pointcloud_filter
[1.264s] -- Up-to-date symlink: /home/dhruv/ros2_sensorRADAR_ws/install/pointcloud_filter/share/pointcloud_filter/environment/ament_prefix_path.sh
[1.264s] -- Up-to-date symlink: /home/dhruv/ros2_sensorRADAR_ws/install/pointcloud_filter/share/pointcloud_filter/environment/ament_prefix_path.dsv
[1.264s] -- Up-to-date symlink: /home/dhruv/ros2_sensorRADAR_ws/install/pointcloud_filter/share/pointcloud_filter/environment/path.sh
[1.264s] -- Up-to-date symlink: /home/dhruv/ros2_sensorRADAR_ws/install/pointcloud_filter/share/pointcloud_filter/environment/path.dsv
[1.264s] -- Up-to-date symlink: /home/dhruv/ros2_sensorRADAR_ws/install/pointcloud_filter/share/pointcloud_filter/local_setup.bash
[1.264s] -- Up-to-date symlink: /home/dhruv/ros2_sensorRADAR_ws/install/pointcloud_filter/share/pointcloud_filter/local_setup.sh
[1.264s] -- Up-to-date symlink: /home/dhruv/ros2_sensorRADAR_ws/install/pointcloud_filter/share/pointcloud_filter/local_setup.zsh
[1.264s] -- Up-to-date symlink: /home/dhruv/ros2_sensorRADAR_ws/install/pointcloud_filter/share/pointcloud_filter/local_setup.dsv
[1.264s] -- Symlinking: /home/dhruv/ros2_sensorRADAR_ws/install/pointcloud_filter/share/pointcloud_filter/package.dsv
[1.269s] -- Up-to-date symlink: /home/dhruv/ros2_sensorRADAR_ws/install/pointcloud_filter/share/ament_index/resource_index/packages/pointcloud_filter
[1.269s] -- Up-to-date symlink: /home/dhruv/ros2_sensorRADAR_ws/install/pointcloud_filter/share/pointcloud_filter/cmake/pointcloud_filterConfig.cmake
[1.269s] -- Up-to-date symlink: /home/dhruv/ros2_sensorRADAR_ws/install/pointcloud_filter/share/pointcloud_filter/cmake/pointcloud_filterConfig-version.cmake
[1.269s] -- Up-to-date symlink: /home/dhruv/ros2_sensorRADAR_ws/install/pointcloud_filter/share/pointcloud_filter/package.xml
[1.271s] Invoked command in '/home/dhruv/ros2_sensorRADAR_ws/build/pointcloud_filter' returned '0': CMAKE_PREFIX_PATH=${CMAKE_PREFIX_PATH}:/home/dhruv/ros2_sensorRADAR_ws/install/sensor_fusion_pkg:/home/dhruv/ros2_ws/install/point_cloud_filter:/home/dhruv/install/sensor_fusion_pkg:/opt/ros/humble /usr/bin/cmake --install /home/dhruv/ros2_sensorRADAR_ws/build/pointcloud_filter
