[0.388s] Invoking command in '/home/dhruv/ros2_sensor_ws/src/time_sync_tools': PYTHONPATH=/home/dhruv/ros2_sensor_ws/build/time_sync_tools/prefix_override:/usr/lib/python3/dist-packages/colcon_core/task/python/colcon_distutils_commands:/home/dhruv/ros2_sensor_ws/install/time_sync_tools/lib/python3.10/site-packages:${PYTHONPATH} /usr/bin/python3 -W ignore:setup.py install is deprecated -W ignore:easy_install command is deprecated setup.py egg_info --egg-base ../../build/time_sync_tools build --build-base /home/dhruv/ros2_sensor_ws/build/time_sync_tools/build install --record /home/dhruv/ros2_sensor_ws/build/time_sync_tools/install.log --single-version-externally-managed install_data
[0.533s] running egg_info
[0.533s] creating ../../build/time_sync_tools/time_sync_tools.egg-info
[0.533s] writing ../../build/time_sync_tools/time_sync_tools.egg-info/PKG-INFO
[0.533s] writing dependency_links to ../../build/time_sync_tools/time_sync_tools.egg-info/dependency_links.txt
[0.533s] writing entry points to ../../build/time_sync_tools/time_sync_tools.egg-info/entry_points.txt
[0.533s] writing requirements to ../../build/time_sync_tools/time_sync_tools.egg-info/requires.txt
[0.534s] writing top-level names to ../../build/time_sync_tools/time_sync_tools.egg-info/top_level.txt
[0.534s] writing manifest file '../../build/time_sync_tools/time_sync_tools.egg-info/SOURCES.txt'
[0.535s] reading manifest file '../../build/time_sync_tools/time_sync_tools.egg-info/SOURCES.txt'
[0.535s] writing manifest file '../../build/time_sync_tools/time_sync_tools.egg-info/SOURCES.txt'
[0.535s] running build
[0.535s] running build_py
[0.535s] creating /home/dhruv/ros2_sensor_ws/build/time_sync_tools/build
[0.535s] creating /home/dhruv/ros2_sensor_ws/build/time_sync_tools/build/lib
[0.535s] creating /home/dhruv/ros2_sensor_ws/build/time_sync_tools/build/lib/time_sync_tools
[0.535s] copying time_sync_tools/__init__.py -> /home/dhruv/ros2_sensor_ws/build/time_sync_tools/build/lib/time_sync_tools
[0.535s] running install
[0.535s] running install_lib
[0.536s] creating /home/dhruv/ros2_sensor_ws/install/time_sync_tools/lib/python3.10/site-packages/time_sync_tools
[0.536s] copying /home/dhruv/ros2_sensor_ws/build/time_sync_tools/build/lib/time_sync_tools/__init__.py -> /home/dhruv/ros2_sensor_ws/install/time_sync_tools/lib/python3.10/site-packages/time_sync_tools
[0.536s] byte-compiling /home/dhruv/ros2_sensor_ws/install/time_sync_tools/lib/python3.10/site-packages/time_sync_tools/__init__.py to __init__.cpython-310.pyc
[0.536s] running install_data
[0.536s] creating /home/dhruv/ros2_sensor_ws/install/time_sync_tools/share/ament_index
[0.536s] creating /home/dhruv/ros2_sensor_ws/install/time_sync_tools/share/ament_index/resource_index
[0.536s] creating /home/dhruv/ros2_sensor_ws/install/time_sync_tools/share/ament_index/resource_index/packages
[0.536s] copying resource/time_sync_tools -> /home/dhruv/ros2_sensor_ws/install/time_sync_tools/share/ament_index/resource_index/packages
[0.537s] copying package.xml -> /home/dhruv/ros2_sensor_ws/install/time_sync_tools/share/time_sync_tools
[0.537s] running install_egg_info
[0.538s] Copying ../../build/time_sync_tools/time_sync_tools.egg-info to /home/dhruv/ros2_sensor_ws/install/time_sync_tools/lib/python3.10/site-packages/time_sync_tools-0.0.0-py3.10.egg-info
[0.538s] running install_scripts
[0.552s] writing list of installed files to '/home/dhruv/ros2_sensor_ws/build/time_sync_tools/install.log'
[0.565s] Invoked command in '/home/dhruv/ros2_sensor_ws/src/time_sync_tools' returned '0': PYTHONPATH=/home/dhruv/ros2_sensor_ws/build/time_sync_tools/prefix_override:/usr/lib/python3/dist-packages/colcon_core/task/python/colcon_distutils_commands:/home/dhruv/ros2_sensor_ws/install/time_sync_tools/lib/python3.10/site-packages:${PYTHONPATH} /usr/bin/python3 -W ignore:setup.py install is deprecated -W ignore:easy_install command is deprecated setup.py egg_info --egg-base ../../build/time_sync_tools build --build-base /home/dhruv/ros2_sensor_ws/build/time_sync_tools/build install --record /home/dhruv/ros2_sensor_ws/build/time_sync_tools/install.log --single-version-externally-managed install_data
