[0.009s] Invoking command in '/home/dhruv/ros2_sensor_ws/build/pointcloud_filter': CMAKE_PREFIX_PATH=${CMAKE_PREFIX_PATH}:/home/dhruv/ros2_ws/install/point_cloud_filter:/home/dhruv/ros2_sensor_ws/install/time_sync_tools:/opt/ros/humble /usr/bin/cmake /home/dhruv/ros2_sensor_ws/src/pointcloud_filter -DAMENT_CMAKE_SYMLINK_INSTALL=1 -DCMAKE_INSTALL_PREFIX=/home/dhruv/ros2_sensor_ws/install/pointcloud_filter
[0.017s] -- Found ament_cmake: 1.3.12 (/opt/ros/humble/share/ament_cmake/cmake)
[0.088s] -- Override CMake install command with custom implementation using symlinks instead of copying resources
[0.093s] -- Found rclcpp: 16.0.17 (/opt/ros/humble/share/rclcpp/cmake)
[0.109s] -- Found rosidl_generator_c: 3.1.8 (/opt/ros/humble/share/rosidl_generator_c/cmake)
[0.110s] -- Found rosidl_adapter: 3.1.8 (/opt/ros/humble/share/rosidl_adapter/cmake)
[0.114s] -- Found rosidl_generator_cpp: 3.1.8 (/opt/ros/humble/share/rosidl_generator_cpp/cmake)
[0.119s] -- Using all available rosidl_typesupport_c: rosidl_typesupport_fastrtps_c;rosidl_typesupport_introspection_c
[0.126s] -- Using all available rosidl_typesupport_cpp: rosidl_typesupport_fastrtps_cpp;rosidl_typesupport_introspection_cpp
[0.145s] -- Found rmw_implementation_cmake: 6.1.2 (/opt/ros/humble/share/rmw_implementation_cmake/cmake)
[0.146s] -- Found rmw_fastrtps_cpp: 6.2.9 (/opt/ros/humble/share/rmw_fastrtps_cpp/cmake)
[0.206s] -- Using RMW implementation 'rmw_fastrtps_cpp' as default
[0.234s] -- Found sensor_msgs: 4.9.0 (/opt/ros/humble/share/sensor_msgs/cmake)
[0.250s] -- Found pcl_conversions: 2.4.5 (/opt/ros/humble/share/pcl_conversions/cmake)
[0.270s] -- Eigen found (include: /usr/include/eigen3, version: 3.4.0)
[0.288s] -- FLANN found (include: /usr/include, lib: /usr/lib/x86_64-linux-gnu/libflann_cpp.so)
[0.462s] -- OpenNI found (version: 1.5.4.0, include: /usr/include/ni, lib: /usr/lib/libOpenNI.so;libusb::libusb)
[0.466s] -- OpenNI2 found (version: 2.2.0.33, include: /usr/include/openni2, lib: /usr/lib/x86_64-linux-gnu/libOpenNI2.so;libusb::libusb)
[0.556s] -- Eigen found (include: /usr/include/eigen3, version: 3.4.0)
[0.559s] -- OpenNI found (version: 1.5.4.0, include: /usr/include/ni, lib: /usr/lib/libOpenNI.so;libusb::libusb)
[0.564s] -- OpenNI2 found (version: 2.2.0.33, include: /usr/include/openni2, lib: /usr/lib/x86_64-linux-gnu/libOpenNI2.so;libusb::libusb)
[0.647s] -- Found Qhull version 8.0.2
[0.733s] -- OpenNI found (version: 1.5.4.0, include: /usr/include/ni, lib: /usr/lib/libOpenNI.so;libusb::libusb)
[0.821s] -- Found pcl_ros: 2.4.5 (/opt/ros/humble/share/pcl_ros/cmake)
[0.829s] -- Found eigen3_cmake_module: 0.1.1 (/opt/ros/humble/share/eigen3_cmake_module/cmake)
[0.830s] -- Ensuring Eigen3 include directory is part of orocos-kdl CMake target
[0.876s] [33mCMake Warning (dev) at CMakeLists.txt:14 (find_package):
[0.876s]   Policy CMP0074 is not set: find_package uses <PackageName>_ROOT variables.
[0.876s]   Run "cmake --help-policy CMP0074" for policy details.  Use the cmake_policy
[0.876s]   command to set the policy and suppress this warning.
[0.876s] 
[0.876s]   CMake variable PCL_ROOT is set to:
[0.876s] 
[0.876s]     /usr
[0.876s] 
[0.876s]   For compatibility, CMake is ignoring the variable.
[0.876s] This warning is for project developers.  Use -Wno-dev to suppress it.
[0.876s] [0m
[0.890s] -- Found ament_lint_auto: 0.12.14 (/opt/ros/humble/share/ament_lint_auto/cmake)
[0.931s] -- Added test 'cppcheck' to perform static code analysis on C / C++ code
[0.931s] -- Configured cppcheck include dirs: /home/dhruv/ros2_sensor_ws/src/pointcloud_filter/include
[0.931s] -- Configured cppcheck exclude dirs and/or files: 
[0.932s] -- Added test 'lint_cmake' to check CMake code style
[0.932s] -- Added test 'uncrustify' to check C / C++ code style
[0.932s] -- Configured uncrustify additional arguments: 
[0.932s] -- Added test 'xmllint' to check XML markup files
[0.933s] -- Configuring done
[0.960s] -- Generating done
[0.969s] -- Build files have been written to: /home/dhruv/ros2_sensor_ws/build/pointcloud_filter
[0.979s] Invoked command in '/home/dhruv/ros2_sensor_ws/build/pointcloud_filter' returned '0': CMAKE_PREFIX_PATH=${CMAKE_PREFIX_PATH}:/home/dhruv/ros2_ws/install/point_cloud_filter:/home/dhruv/ros2_sensor_ws/install/time_sync_tools:/opt/ros/humble /usr/bin/cmake /home/dhruv/ros2_sensor_ws/src/pointcloud_filter -DAMENT_CMAKE_SYMLINK_INSTALL=1 -DCMAKE_INSTALL_PREFIX=/home/dhruv/ros2_sensor_ws/install/pointcloud_filter
[0.980s] Invoking command in '/home/dhruv/ros2_sensor_ws/build/pointcloud_filter': CMAKE_PREFIX_PATH=${CMAKE_PREFIX_PATH}:/home/dhruv/ros2_ws/install/point_cloud_filter:/home/dhruv/ros2_sensor_ws/install/time_sync_tools:/opt/ros/humble /usr/bin/cmake --build /home/dhruv/ros2_sensor_ws/build/pointcloud_filter -- -j16 -l16
[1.007s] [35m[1mConsolidate compiler generated dependencies of target passthrough_filter_node[0m
[1.007s] [35m[1mConsolidate compiler generated dependencies of target voxel_grid_filter_node[0m
[1.022s] [ 50%] [32m[1mLinking CXX executable voxel_grid_filter_node[0m
[1.022s] [ 50%] [32m[1mLinking CXX executable passthrough_filter_node[0m
[1.667s] [ 75%] Built target passthrough_filter_node
[1.676s] [100%] Built target voxel_grid_filter_node
[1.682s] Invoked command in '/home/dhruv/ros2_sensor_ws/build/pointcloud_filter' returned '0': CMAKE_PREFIX_PATH=${CMAKE_PREFIX_PATH}:/home/dhruv/ros2_ws/install/point_cloud_filter:/home/dhruv/ros2_sensor_ws/install/time_sync_tools:/opt/ros/humble /usr/bin/cmake --build /home/dhruv/ros2_sensor_ws/build/pointcloud_filter -- -j16 -l16
[1.687s] Invoking command in '/home/dhruv/ros2_sensor_ws/build/pointcloud_filter': CMAKE_PREFIX_PATH=${CMAKE_PREFIX_PATH}:/home/dhruv/ros2_ws/install/point_cloud_filter:/home/dhruv/ros2_sensor_ws/install/time_sync_tools:/opt/ros/humble /usr/bin/cmake --install /home/dhruv/ros2_sensor_ws/build/pointcloud_filter
[1.691s] -- Install configuration: ""
[1.691s] -- Execute custom install script
[1.692s] -- Symlinking: /home/dhruv/ros2_sensor_ws/install/pointcloud_filter/lib/pointcloud_filter/passthrough_filter_node
[1.697s] -- Up-to-date symlink: /home/dhruv/ros2_sensor_ws/install/pointcloud_filter/lib/pointcloud_filter/passthrough_filter_node
[1.697s] -- Symlinking: /home/dhruv/ros2_sensor_ws/install/pointcloud_filter/lib/pointcloud_filter/voxel_grid_filter_node
[1.702s] -- Symlinking: /home/dhruv/ros2_sensor_ws/install/pointcloud_filter/share/ament_index/resource_index/package_run_dependencies/pointcloud_filter
[1.708s] -- Symlinking: /home/dhruv/ros2_sensor_ws/install/pointcloud_filter/share/ament_index/resource_index/parent_prefix_path/pointcloud_filter
[1.716s] -- Symlinking: /home/dhruv/ros2_sensor_ws/install/pointcloud_filter/share/pointcloud_filter/environment/ament_prefix_path.sh
[1.723s] -- Symlinking: /home/dhruv/ros2_sensor_ws/install/pointcloud_filter/share/pointcloud_filter/environment/ament_prefix_path.dsv
[1.730s] -- Symlinking: /home/dhruv/ros2_sensor_ws/install/pointcloud_filter/share/pointcloud_filter/environment/path.sh
[1.734s] -- Symlinking: /home/dhruv/ros2_sensor_ws/install/pointcloud_filter/share/pointcloud_filter/environment/path.dsv
[1.739s] -- Symlinking: /home/dhruv/ros2_sensor_ws/install/pointcloud_filter/share/pointcloud_filter/local_setup.bash
[1.743s] -- Symlinking: /home/dhruv/ros2_sensor_ws/install/pointcloud_filter/share/pointcloud_filter/local_setup.sh
[1.747s] -- Symlinking: /home/dhruv/ros2_sensor_ws/install/pointcloud_filter/share/pointcloud_filter/local_setup.zsh
[1.751s] -- Symlinking: /home/dhruv/ros2_sensor_ws/install/pointcloud_filter/share/pointcloud_filter/local_setup.dsv
[1.756s] -- Symlinking: /home/dhruv/ros2_sensor_ws/install/pointcloud_filter/share/pointcloud_filter/package.dsv
[1.760s] -- Symlinking: /home/dhruv/ros2_sensor_ws/install/pointcloud_filter/share/ament_index/resource_index/packages/pointcloud_filter
[1.764s] -- Symlinking: /home/dhruv/ros2_sensor_ws/install/pointcloud_filter/share/pointcloud_filter/cmake/pointcloud_filterConfig.cmake
[1.769s] -- Symlinking: /home/dhruv/ros2_sensor_ws/install/pointcloud_filter/share/pointcloud_filter/cmake/pointcloud_filterConfig-version.cmake
[1.773s] -- Symlinking: /home/dhruv/ros2_sensor_ws/install/pointcloud_filter/share/pointcloud_filter/package.xml
[1.778s] Invoked command in '/home/dhruv/ros2_sensor_ws/build/pointcloud_filter' returned '0': CMAKE_PREFIX_PATH=${CMAKE_PREFIX_PATH}:/home/dhruv/ros2_ws/install/point_cloud_filter:/home/dhruv/ros2_sensor_ws/install/time_sync_tools:/opt/ros/humble /usr/bin/cmake --install /home/dhruv/ros2_sensor_ws/build/pointcloud_filter
