[0.000000] (-) TimerEvent: {}
[0.000231] (-) JobUnselected: {'identifier': 'pointcloud_filter'}
[0.000384] (-) JobUnselected: {'identifier': 'time_sync_tools'}
[0.000398] (sensor_fusion_pkg) JobQueued: {'identifier': 'sensor_fusion_pkg', 'dependencies': OrderedDict()}
[0.000410] (sensor_fusion_pkg) JobStarted: {'identifier': 'sensor_fusion_pkg'}
[0.099866] (-) TimerEvent: {}
[0.200105] (-) TimerEvent: {}
[0.300323] (-) TimerEvent: {}
[0.383907] (sensor_fusion_pkg) Command: {'cmd': ['/usr/bin/python3', '-W', 'ignore:setup.py install is deprecated', '-W', 'ignore:easy_install command is deprecated', 'setup.py', 'egg_info', '--egg-base', '../../build/sensor_fusion_pkg', 'build', '--build-base', '/home/dhruv/ros2_sensor_ws/build/sensor_fusion_pkg/build', 'install', '--record', '/home/dhruv/ros2_sensor_ws/build/sensor_fusion_pkg/install.log', '--single-version-externally-managed', 'install_data'], 'cwd': '/home/dhruv/ros2_sensor_ws/src/sensor_fusion_pkg', 'env': {'GJS_DEBUG_TOPICS': 'JS ERROR;JS LOG', 'USER': 'dhruv', 'XDG_SESSION_TYPE': 'wayland', 'SHLVL': '1', 'LD_LIBRARY_PATH': '/opt/ros/humble/opt/rviz_ogre_vendor/lib:/opt/ros/humble/lib/x86_64-linux-gnu:/opt/ros/humble/lib', 'HOME': '/home/dhruv', 'OLDPWD': '/home/dhruv/ros2_sensor_ws', 'DESKTOP_SESSION': 'ubuntu', 'GIO_LAUNCHED_DESKTOP_FILE': '/usr/share/applications/terminator.desktop', 'ROS_PYTHON_VERSION': '3', 'GNOME_SHELL_SESSION_MODE': 'ubuntu', 'GTK_MODULES': 'gail:atk-bridge', 'MANAGERPID': '1274', 'SYSTEMD_EXEC_PID': '1457', 'DBUS_SESSION_BUS_ADDRESS': 'unix:path=/run/user/1000/bus', 'COLORTERM': 'truecolor', 'TERMINATOR_DBUS_NAME': 'net.tenshu.Terminator25ef4b219e3b005583550f2b0f9f990c3', 'GIO_LAUNCHED_DESKTOP_FILE_PID': '21098', 'IM_CONFIG_PHASE': '1', 'WAYLAND_DISPLAY': 'wayland-0', 'COLCON_PREFIX_PATH': '/home/dhruv/ros2_sensor_ws/install:/home/dhruv/ros2_ws/install', 'ROS_DISTRO': 'humble', 'LOGNAME': 'dhruv', 'JOURNAL_STREAM': '8:6031', '_': '/usr/bin/colcon', 'ROS_VERSION': '2', 'XDG_SESSION_CLASS': 'user', 'USERNAME': 'dhruv', 'TERM': 'xterm-256color', 'GNOME_DESKTOP_SESSION_ID': 'this-is-deprecated', 'ROS_LOCALHOST_ONLY': '0', 'PATH': '/opt/ros/humble/bin:/usr/local/sbin:/usr/local/bin:/usr/sbin:/usr/bin:/sbin:/bin:/usr/games:/usr/local/games:/snap/bin:/snap/bin', 'SESSION_MANAGER': 'local/dhruv-Predator-PH315-54:@/tmp/.ICE-unix/1403,unix/dhruv-Predator-PH315-54:/tmp/.ICE-unix/1403', 'INVOCATION_ID': 'e5c7fc0d1503477fb1f03cafb88fea5e', 'XDG_MENU_PREFIX': 'gnome-', 'GNOME_SETUP_DISPLAY': ':1', 'XDG_RUNTIME_DIR': '/run/user/1000', 'DISPLAY': ':0', 'TERMINATOR_DBUS_PATH': '/net/tenshu/Terminator2', 'LANG': 'en_US.UTF-8', 'XDG_CURRENT_DESKTOP': 'ubuntu:GNOME', 'IBUS_DISABLE_SNOOPER': '1', 'XMODIFIERS': '@im=ibus', 'XDG_SESSION_DESKTOP': 'ubuntu', 'XAUTHORITY': '/run/user/1000/.mutter-Xwaylandauth.Y78IL3', 'SSH_AGENT_LAUNCHER': 'gnome-keyring', 'SSH_AUTH_SOCK': '/run/user/1000/keyring/ssh', 'AMENT_PREFIX_PATH': '/home/dhruv/ros2_ws/install/rplidar_ros:/home/dhruv/ros2_ws/install/point_cloud_filter:/home/dhruv/ros2_sensor_ws/install/time_sync_tools:/home/dhruv/ros2_sensor_ws/install/sensor_fusion_pkg:/home/dhruv/ros2_sensor_ws/install/pointcloud_filter:/opt/ros/humble', 'SHELL': '/bin/bash', 'TERMINATOR_UUID': 'urn:uuid:36a59eb1-6af5-4f8c-b76f-3cede4e3cc24', 'QT_ACCESSIBILITY': '1', 'GDMSESSION': 'ubuntu', 'GJS_DEBUG_OUTPUT': 'stderr', 'QT_IM_MODULE': 'ibus', 'PWD': '/home/dhruv/ros2_sensor_ws/build/sensor_fusion_pkg', 'XDG_CONFIG_DIRS': '/etc/xdg/xdg-ubuntu:/etc/xdg', 'XDG_DATA_DIRS': '/usr/share/ubuntu:/usr/local/share/:/usr/share/:/var/lib/snapd/desktop', 'PYTHONPATH': '/home/dhruv/ros2_sensor_ws/build/sensor_fusion_pkg/prefix_override:/usr/lib/python3/dist-packages/colcon_core/task/python/colcon_distutils_commands:/home/dhruv/ros2_sensor_ws/install/sensor_fusion_pkg/lib/python3.10/site-packages:/home/dhruv/ros2_ws/install/point_cloud_filter/lib/python3.10/site-packages:/home/dhruv/ros2_sensor_ws/install/time_sync_tools/lib/python3.10/site-packages:/home/dhruv/ros2_sensor_ws/install/sensor_fusion_pkg/lib/python3.10/site-packages:/opt/ros/humble/lib/python3.10/site-packages:/opt/ros/humble/local/lib/python3.10/dist-packages', 'COLCON': '1', 'VTE_VERSION': '6800', 'CMAKE_PREFIX_PATH': '/home/dhruv/ros2_ws/install/rplidar_ros:/home/dhruv/ros2_sensor_ws/install/pointcloud_filter'}, 'shell': False}
[0.400398] (-) TimerEvent: {}
[0.500542] (-) TimerEvent: {}
[0.552271] (sensor_fusion_pkg) StdoutLine: {'line': b'running egg_info\n'}
[0.552814] (sensor_fusion_pkg) StdoutLine: {'line': b'writing ../../build/sensor_fusion_pkg/sensor_fusion_pkg.egg-info/PKG-INFO\n'}
[0.552954] (sensor_fusion_pkg) StdoutLine: {'line': b'writing dependency_links to ../../build/sensor_fusion_pkg/sensor_fusion_pkg.egg-info/dependency_links.txt\n'}
[0.553057] (sensor_fusion_pkg) StdoutLine: {'line': b'writing entry points to ../../build/sensor_fusion_pkg/sensor_fusion_pkg.egg-info/entry_points.txt\n'}
[0.553123] (sensor_fusion_pkg) StdoutLine: {'line': b'writing requirements to ../../build/sensor_fusion_pkg/sensor_fusion_pkg.egg-info/requires.txt\n'}
[0.553176] (sensor_fusion_pkg) StdoutLine: {'line': b'writing top-level names to ../../build/sensor_fusion_pkg/sensor_fusion_pkg.egg-info/top_level.txt\n'}
[0.554261] (sensor_fusion_pkg) StdoutLine: {'line': b"reading manifest file '../../build/sensor_fusion_pkg/sensor_fusion_pkg.egg-info/SOURCES.txt'\n"}
[0.554961] (sensor_fusion_pkg) StdoutLine: {'line': b"writing manifest file '../../build/sensor_fusion_pkg/sensor_fusion_pkg.egg-info/SOURCES.txt'\n"}
[0.555014] (sensor_fusion_pkg) StdoutLine: {'line': b'running build\n'}
[0.555073] (sensor_fusion_pkg) StdoutLine: {'line': b'running build_py\n'}
[0.555302] (sensor_fusion_pkg) StdoutLine: {'line': b'running install\n'}
[0.555512] (sensor_fusion_pkg) StdoutLine: {'line': b'running install_lib\n'}
[0.556347] (sensor_fusion_pkg) StdoutLine: {'line': b'running install_data\n'}
[0.556421] (sensor_fusion_pkg) StdoutLine: {'line': b'running install_egg_info\n'}
[0.557613] (sensor_fusion_pkg) StdoutLine: {'line': b"removing '/home/dhruv/ros2_sensor_ws/install/sensor_fusion_pkg/lib/python3.10/site-packages/sensor_fusion_pkg-0.0.0-py3.10.egg-info' (and everything under it)\n"}
[0.557783] (sensor_fusion_pkg) StdoutLine: {'line': b'Copying ../../build/sensor_fusion_pkg/sensor_fusion_pkg.egg-info to /home/dhruv/ros2_sensor_ws/install/sensor_fusion_pkg/lib/python3.10/site-packages/sensor_fusion_pkg-0.0.0-py3.10.egg-info\n'}
[0.558315] (sensor_fusion_pkg) StdoutLine: {'line': b'running install_scripts\n'}
[0.572359] (sensor_fusion_pkg) StdoutLine: {'line': b'Installing fusion script to /home/dhruv/ros2_sensor_ws/install/sensor_fusion_pkg/lib/sensor_fusion_pkg\n'}
[0.572491] (sensor_fusion_pkg) StdoutLine: {'line': b'Installing lidar_to_pointcloud script to /home/dhruv/ros2_sensor_ws/install/sensor_fusion_pkg/lib/sensor_fusion_pkg\n'}
[0.572533] (sensor_fusion_pkg) StdoutLine: {'line': b'Installing time_sync_monitor script to /home/dhruv/ros2_sensor_ws/install/sensor_fusion_pkg/lib/sensor_fusion_pkg\n'}
[0.572587] (sensor_fusion_pkg) StdoutLine: {'line': b'Installing voxel_filter script to /home/dhruv/ros2_sensor_ws/install/sensor_fusion_pkg/lib/sensor_fusion_pkg\n'}
[0.572693] (sensor_fusion_pkg) StdoutLine: {'line': b"writing list of installed files to '/home/dhruv/ros2_sensor_ws/build/sensor_fusion_pkg/install.log'\n"}
[0.587957] (sensor_fusion_pkg) CommandEnded: {'returncode': 0}
[0.594463] (sensor_fusion_pkg) JobEnded: {'identifier': 'sensor_fusion_pkg', 'rc': 0}
[0.594854] (-) EventReactorShutdown: {}
