[0.010s] Invoking command in '/home/dhruv/ros2_sensorRADAR_ws/build/pointcloud_filter': CMAKE_PREFIX_PATH=${CMAKE_PREFIX_PATH}:/home/dhruv/ros2_sensorRADAR_ws/install/sensor_fusion_pkg:/home/dhruv/ros2_ws/install/point_cloud_filter:/home/dhruv/install/sensor_fusion_pkg:/opt/ros/humble /usr/bin/cmake --build /home/dhruv/ros2_sensorRADAR_ws/build/pointcloud_filter -- -j16 -l16
[0.053s] [100%] Built target voxel_grid_filter
[0.053s] [100%] Built target camera_passthrough_filter
[0.053s] [100%] Built target radar_passthrough_filter
[0.179s] Invoked command in '/home/dhruv/ros2_sensorRADAR_ws/build/pointcloud_filter' returned '0': CMAKE_PREFIX_PATH=${CMAKE_PREFIX_PATH}:/home/dhruv/ros2_sensorRADAR_ws/install/sensor_fusion_pkg:/home/dhruv/ros2_ws/install/point_cloud_filter:/home/dhruv/install/sensor_fusion_pkg:/opt/ros/humble /usr/bin/cmake --build /home/dhruv/ros2_sensorRADAR_ws/build/pointcloud_filter -- -j16 -l16
[0.185s] Invoking command in '/home/dhruv/ros2_sensorRADAR_ws/build/pointcloud_filter': CMAKE_PREFIX_PATH=${CMAKE_PREFIX_PATH}:/home/dhruv/ros2_sensorRADAR_ws/install/sensor_fusion_pkg:/home/dhruv/ros2_ws/install/point_cloud_filter:/home/dhruv/install/sensor_fusion_pkg:/opt/ros/humble /usr/bin/cmake --install /home/dhruv/ros2_sensorRADAR_ws/build/pointcloud_filter
[0.189s] -- Install configuration: ""
[0.189s] -- Execute custom install script
[0.190s] -- Up-to-date symlink: /home/dhruv/ros2_sensorRADAR_ws/install/pointcloud_filter/lib/pointcloud_filter/camera_passthrough_filter
[0.190s] -- Up-to-date symlink: /home/dhruv/ros2_sensorRADAR_ws/install/pointcloud_filter/lib/pointcloud_filter/radar_passthrough_filter
[0.190s] -- Up-to-date symlink: /home/dhruv/ros2_sensorRADAR_ws/install/pointcloud_filter/lib/pointcloud_filter/voxel_grid_filter
[0.190s] -- Up-to-date symlink: /home/dhruv/ros2_sensorRADAR_ws/install/pointcloud_filter/share/pointcloud_filter/launch/__pycache__/pipeline.launch.cpython-310.pyc
[0.190s] -- Up-to-date symlink: /home/dhruv/ros2_sensorRADAR_ws/install/pointcloud_filter/share/pointcloud_filter/launch/pipeline.launch.py
[0.190s] -- Up-to-date symlink: /home/dhruv/ros2_sensorRADAR_ws/install/pointcloud_filter/share/pointcloud_filter/launch/test.launch.py
[0.190s] -- Up-to-date symlink: /home/dhruv/ros2_sensorRADAR_ws/install/pointcloud_filter/share/ament_index/resource_index/package_run_dependencies/pointcloud_filter
[0.190s] -- Up-to-date symlink: /home/dhruv/ros2_sensorRADAR_ws/install/pointcloud_filter/share/ament_index/resource_index/parent_prefix_path/pointcloud_filter
[0.190s] -- Up-to-date symlink: /home/dhruv/ros2_sensorRADAR_ws/install/pointcloud_filter/share/pointcloud_filter/environment/ament_prefix_path.sh
[0.190s] -- Up-to-date symlink: /home/dhruv/ros2_sensorRADAR_ws/install/pointcloud_filter/share/pointcloud_filter/environment/ament_prefix_path.dsv
[0.190s] -- Up-to-date symlink: /home/dhruv/ros2_sensorRADAR_ws/install/pointcloud_filter/share/pointcloud_filter/environment/path.sh
[0.191s] -- Up-to-date symlink: /home/dhruv/ros2_sensorRADAR_ws/install/pointcloud_filter/share/pointcloud_filter/environment/path.dsv
[0.191s] -- Up-to-date symlink: /home/dhruv/ros2_sensorRADAR_ws/install/pointcloud_filter/share/pointcloud_filter/local_setup.bash
[0.191s] -- Up-to-date symlink: /home/dhruv/ros2_sensorRADAR_ws/install/pointcloud_filter/share/pointcloud_filter/local_setup.sh
[0.191s] -- Up-to-date symlink: /home/dhruv/ros2_sensorRADAR_ws/install/pointcloud_filter/share/pointcloud_filter/local_setup.zsh
[0.191s] -- Up-to-date symlink: /home/dhruv/ros2_sensorRADAR_ws/install/pointcloud_filter/share/pointcloud_filter/local_setup.dsv
[0.191s] -- Symlinking: /home/dhruv/ros2_sensorRADAR_ws/install/pointcloud_filter/share/pointcloud_filter/package.dsv
[0.196s] -- Up-to-date symlink: /home/dhruv/ros2_sensorRADAR_ws/install/pointcloud_filter/share/ament_index/resource_index/packages/pointcloud_filter
[0.196s] -- Up-to-date symlink: /home/dhruv/ros2_sensorRADAR_ws/install/pointcloud_filter/share/pointcloud_filter/cmake/pointcloud_filterConfig.cmake
[0.196s] -- Up-to-date symlink: /home/dhruv/ros2_sensorRADAR_ws/install/pointcloud_filter/share/pointcloud_filter/cmake/pointcloud_filterConfig-version.cmake
[0.196s] -- Up-to-date symlink: /home/dhruv/ros2_sensorRADAR_ws/install/pointcloud_filter/share/pointcloud_filter/package.xml
[0.198s] Invoked command in '/home/dhruv/ros2_sensorRADAR_ws/build/pointcloud_filter' returned '0': CMAKE_PREFIX_PATH=${CMAKE_PREFIX_PATH}:/home/dhruv/ros2_sensorRADAR_ws/install/sensor_fusion_pkg:/home/dhruv/ros2_ws/install/point_cloud_filter:/home/dhruv/install/sensor_fusion_pkg:/opt/ros/humble /usr/bin/cmake --install /home/dhruv/ros2_sensorRADAR_ws/build/pointcloud_filter
