[0.000000] (-) TimerEvent: {}
[0.000176] (pointcloud_filter) JobQueued: {'identifier': 'pointcloud_filter', 'dependencies': OrderedDict()}
[0.000320] (sensor_fusion_pkg) JobQueued: {'identifier': 'sensor_fusion_pkg', 'dependencies': OrderedDict()}
[0.000332] (pointcloud_filter) JobStarted: {'identifier': 'pointcloud_filter'}
[0.004141] (sensor_fusion_pkg) JobStarted: {'identifier': 'sensor_fusion_pkg'}
[0.008341] (pointcloud_filter) JobProgress: {'identifier': 'pointcloud_filter', 'progress': 'cmake'}
[0.008926] (pointcloud_filter) JobProgress: {'identifier': 'pointcloud_filter', 'progress': 'build'}
[0.009469] (pointcloud_filter) Command: {'cmd': ['/usr/bin/cmake', '--build', '/home/dhruv/ros2_sensorRADAR_ws/build/pointcloud_filter', '--', '-j16', '-l16'], 'cwd': '/home/dhruv/ros2_sensorRADAR_ws/build/pointcloud_filter', 'env': OrderedDict([('GJS_DEBUG_TOPICS', 'JS ERROR;JS LOG'), ('USER', 'dhruv'), ('XDG_SESSION_TYPE', 'wayland'), ('SHLVL', '1'), ('LD_LIBRARY_PATH', '/opt/ros/humble/opt/rviz_ogre_vendor/lib:/opt/ros/humble/lib/x86_64-linux-gnu:/opt/ros/humble/lib'), ('HOME', '/home/dhruv'), ('OLDPWD', '/home/dhruv/ros2_sensorRADAR_ws'), ('DESKTOP_SESSION', 'ubuntu'), ('GIO_LAUNCHED_DESKTOP_FILE', '/usr/share/applications/terminator.desktop'), ('ROS_PYTHON_VERSION', '3'), ('GNOME_SHELL_SESSION_MODE', 'ubuntu'), ('GTK_MODULES', 'gail:atk-bridge'), ('PS1', '\\[\\e[32m\\]\\u@\\h:\\w$ \\[\\e[0m\\]'), ('MANAGERPID', '1400'), ('SYSTEMD_EXEC_PID', '1564'), ('DBUS_SESSION_BUS_ADDRESS', 'unix:path=/run/user/1000/bus'), ('COLORTERM', 'truecolor'), ('TERMINATOR_DBUS_NAME', 'net.tenshu.Terminator25ef4b219e3b005583550f2b0f9f990c3'), ('GIO_LAUNCHED_DESKTOP_FILE_PID', '2104'), ('IM_CONFIG_PHASE', '1'), ('WAYLAND_DISPLAY', 'wayland-0'), ('COLCON_PREFIX_PATH', '/home/dhruv/ros2_sensorRADAR_ws/install:/home/dhruv/install:/home/dhruv/ros2_ws/install'), ('ROS_DISTRO', 'humble'), ('LOGNAME', 'dhruv'), ('JOURNAL_STREAM', '8:19653'), ('_', '/usr/bin/colcon'), ('ROS_VERSION', '2'), ('XDG_SESSION_CLASS', 'user'), ('USERNAME', 'dhruv'), ('TERM', 'xterm-256color'), ('GNOME_DESKTOP_SESSION_ID', 'this-is-deprecated'), ('ROS_LOCALHOST_ONLY', '0'), ('PATH', '/opt/ros/humble/bin:/usr/local/sbin:/usr/local/bin:/usr/sbin:/usr/bin:/sbin:/bin:/usr/games:/usr/local/games:/snap/bin:/snap/bin'), ('SESSION_MANAGER', 'local/dhruv-Predator-PH315-54:@/tmp/.ICE-unix/1518,unix/dhruv-Predator-PH315-54:/tmp/.ICE-unix/1518'), ('INVOCATION_ID', 'd8e0687eee0244b791550e63b338e423'), ('XDG_MENU_PREFIX', 'gnome-'), ('GNOME_SETUP_DISPLAY', ':1'), ('XDG_RUNTIME_DIR', '/run/user/1000'), ('DISPLAY', ':0'), ('TERMINATOR_DBUS_PATH', '/net/tenshu/Terminator2'), ('LANG', 'en_US.UTF-8'), ('XDG_CURRENT_DESKTOP', 'ubuntu:GNOME'), ('IBUS_DISABLE_SNOOPER', '1'), ('XMODIFIERS', '@im=ibus'), ('XDG_SESSION_DESKTOP', 'ubuntu'), ('XAUTHORITY', '/run/user/1000/.mutter-Xwaylandauth.JHK2M3'), ('SSH_AGENT_LAUNCHER', 'gnome-keyring'), ('SSH_AUTH_SOCK', '/run/user/1000/keyring/ssh'), ('AMENT_PREFIX_PATH', '/home/dhruv/ros2_sensorRADAR_ws/install/sensor_fusion_pkg:/home/dhruv/ros2_sensorRADAR_ws/install/pointcloud_filter:/home/dhruv/ros2_ws/install/rplidar_ros:/home/dhruv/ros2_ws/install/point_cloud_filter:/home/dhruv/install/sensor_fusion_pkg:/opt/ros/humble'), ('SHELL', '/bin/bash'), ('TERMINATOR_UUID', 'urn:uuid:0d299176-24a4-4935-92d8-b2991303af45'), ('QT_ACCESSIBILITY', '1'), ('GDMSESSION', 'ubuntu'), ('GJS_DEBUG_OUTPUT', 'stderr'), ('QT_IM_MODULE', 'ibus'), ('PWD', '/home/dhruv/ros2_sensorRADAR_ws/build/pointcloud_filter'), ('XDG_CONFIG_DIRS', '/etc/xdg/xdg-ubuntu:/etc/xdg'), ('XDG_DATA_DIRS', '/usr/share/ubuntu:/usr/local/share/:/usr/share/:/var/lib/snapd/desktop'), ('PYTHONPATH', '/home/dhruv/ros2_sensorRADAR_ws/build/sensor_fusion_pkg:/home/dhruv/ros2_sensorRADAR_ws/install/sensor_fusion_pkg/lib/python3.10/site-packages:/home/dhruv/ros2_ws/install/point_cloud_filter/lib/python3.10/site-packages:/home/dhruv/install/sensor_fusion_pkg/lib/python3.10/site-packages:/opt/ros/humble/lib/python3.10/site-packages:/opt/ros/humble/local/lib/python3.10/dist-packages'), ('COLCON', '1'), ('VTE_VERSION', '6800'), ('CMAKE_PREFIX_PATH', '/home/dhruv/ros2_sensorRADAR_ws/install/pointcloud_filter:/home/dhruv/ros2_ws/install/rplidar_ros:/home/dhruv/ros2_sensorRADAR_ws/install/sensor_fusion_pkg:/home/dhruv/ros2_ws/install/point_cloud_filter:/home/dhruv/install/sensor_fusion_pkg:/opt/ros/humble')]), 'shell': False}
[0.028010] (pointcloud_filter) StdoutLine: {'line': b'-- Found ament_cmake: 1.3.12 (/opt/ros/humble/share/ament_cmake/cmake)\n'}
[0.099944] (-) TimerEvent: {}
[0.104422] (pointcloud_filter) StdoutLine: {'line': b'-- Override CMake install command with custom implementation using symlinks instead of copying resources\n'}
[0.108453] (pointcloud_filter) StdoutLine: {'line': b'-- Found rclcpp: 16.0.17 (/opt/ros/humble/share/rclcpp/cmake)\n'}
[0.128523] (pointcloud_filter) StdoutLine: {'line': b'-- Found rosidl_generator_c: 3.1.8 (/opt/ros/humble/share/rosidl_generator_c/cmake)\n'}
[0.129973] (pointcloud_filter) StdoutLine: {'line': b'-- Found rosidl_adapter: 3.1.8 (/opt/ros/humble/share/rosidl_adapter/cmake)\n'}
[0.133570] (pointcloud_filter) StdoutLine: {'line': b'-- Found rosidl_generator_cpp: 3.1.8 (/opt/ros/humble/share/rosidl_generator_cpp/cmake)\n'}
[0.139128] (pointcloud_filter) StdoutLine: {'line': b'-- Using all available rosidl_typesupport_c: rosidl_typesupport_fastrtps_c;rosidl_typesupport_introspection_c\n'}
[0.146467] (pointcloud_filter) StdoutLine: {'line': b'-- Using all available rosidl_typesupport_cpp: rosidl_typesupport_fastrtps_cpp;rosidl_typesupport_introspection_cpp\n'}
[0.165999] (pointcloud_filter) StdoutLine: {'line': b'-- Found rmw_implementation_cmake: 6.1.2 (/opt/ros/humble/share/rmw_implementation_cmake/cmake)\n'}
[0.166864] (pointcloud_filter) StdoutLine: {'line': b'-- Found rmw_fastrtps_cpp: 6.2.9 (/opt/ros/humble/share/rmw_fastrtps_cpp/cmake)\n'}
[0.200028] (-) TimerEvent: {}
[0.238664] (pointcloud_filter) StdoutLine: {'line': b"-- Using RMW implementation 'rmw_fastrtps_cpp' as default\n"}
[0.278245] (pointcloud_filter) StdoutLine: {'line': b'-- Found sensor_msgs: 4.9.0 (/opt/ros/humble/share/sensor_msgs/cmake)\n'}
[0.299856] (pointcloud_filter) StdoutLine: {'line': b'-- Found pcl_conversions: 2.4.5 (/opt/ros/humble/share/pcl_conversions/cmake)\n'}
[0.300122] (-) TimerEvent: {}
[0.327059] (pointcloud_filter) StdoutLine: {'line': b'-- Eigen found (include: /usr/include/eigen3, version: 3.4.0)\n'}
[0.353765] (pointcloud_filter) StdoutLine: {'line': b'-- FLANN found (include: /usr/include, lib: /usr/lib/x86_64-linux-gnu/libflann_cpp.so)\n'}
[0.400244] (-) TimerEvent: {}
[0.410225] (sensor_fusion_pkg) Command: {'cmd': ['/usr/bin/python3', '-W', 'ignore:setup.py install is deprecated', '-W', 'ignore:easy_install command is deprecated', 'setup.py', 'develop', '--editable', '--build-directory', '/home/dhruv/ros2_sensorRADAR_ws/build/sensor_fusion_pkg/build', '--no-deps', 'symlink_data'], 'cwd': '/home/dhruv/ros2_sensorRADAR_ws/build/sensor_fusion_pkg', 'env': {'GJS_DEBUG_TOPICS': 'JS ERROR;JS LOG', 'USER': 'dhruv', 'XDG_SESSION_TYPE': 'wayland', 'SHLVL': '1', 'LD_LIBRARY_PATH': '/opt/ros/humble/opt/rviz_ogre_vendor/lib:/opt/ros/humble/lib/x86_64-linux-gnu:/opt/ros/humble/lib', 'HOME': '/home/dhruv', 'OLDPWD': '/home/dhruv/ros2_sensorRADAR_ws', 'DESKTOP_SESSION': 'ubuntu', 'GIO_LAUNCHED_DESKTOP_FILE': '/usr/share/applications/terminator.desktop', 'ROS_PYTHON_VERSION': '3', 'GNOME_SHELL_SESSION_MODE': 'ubuntu', 'GTK_MODULES': 'gail:atk-bridge', 'PS1': '\\[\\e[32m\\]\\u@\\h:\\w$ \\[\\e[0m\\]', 'MANAGERPID': '1400', 'SYSTEMD_EXEC_PID': '1564', 'DBUS_SESSION_BUS_ADDRESS': 'unix:path=/run/user/1000/bus', 'COLORTERM': 'truecolor', 'TERMINATOR_DBUS_NAME': 'net.tenshu.Terminator25ef4b219e3b005583550f2b0f9f990c3', 'GIO_LAUNCHED_DESKTOP_FILE_PID': '2104', 'IM_CONFIG_PHASE': '1', 'WAYLAND_DISPLAY': 'wayland-0', 'COLCON_PREFIX_PATH': '/home/dhruv/ros2_sensorRADAR_ws/install:/home/dhruv/install:/home/dhruv/ros2_ws/install', 'ROS_DISTRO': 'humble', 'LOGNAME': 'dhruv', 'JOURNAL_STREAM': '8:19653', '_': '/usr/bin/colcon', 'ROS_VERSION': '2', 'XDG_SESSION_CLASS': 'user', 'USERNAME': 'dhruv', 'TERM': 'xterm-256color', 'GNOME_DESKTOP_SESSION_ID': 'this-is-deprecated', 'ROS_LOCALHOST_ONLY': '0', 'PATH': '/opt/ros/humble/bin:/usr/local/sbin:/usr/local/bin:/usr/sbin:/usr/bin:/sbin:/bin:/usr/games:/usr/local/games:/snap/bin:/snap/bin', 'SESSION_MANAGER': 'local/dhruv-Predator-PH315-54:@/tmp/.ICE-unix/1518,unix/dhruv-Predator-PH315-54:/tmp/.ICE-unix/1518', 'INVOCATION_ID': 'd8e0687eee0244b791550e63b338e423', 'XDG_MENU_PREFIX': 'gnome-', 'GNOME_SETUP_DISPLAY': ':1', 'XDG_RUNTIME_DIR': '/run/user/1000', 'DISPLAY': ':0', 'TERMINATOR_DBUS_PATH': '/net/tenshu/Terminator2', 'LANG': 'en_US.UTF-8', 'XDG_CURRENT_DESKTOP': 'ubuntu:GNOME', 'IBUS_DISABLE_SNOOPER': '1', 'XMODIFIERS': '@im=ibus', 'XDG_SESSION_DESKTOP': 'ubuntu', 'XAUTHORITY': '/run/user/1000/.mutter-Xwaylandauth.JHK2M3', 'SSH_AGENT_LAUNCHER': 'gnome-keyring', 'SSH_AUTH_SOCK': '/run/user/1000/keyring/ssh', 'AMENT_PREFIX_PATH': '/home/dhruv/ros2_sensorRADAR_ws/install/sensor_fusion_pkg:/home/dhruv/ros2_sensorRADAR_ws/install/pointcloud_filter:/home/dhruv/ros2_ws/install/rplidar_ros:/home/dhruv/ros2_ws/install/point_cloud_filter:/home/dhruv/install/sensor_fusion_pkg:/opt/ros/humble', 'SHELL': '/bin/bash', 'TERMINATOR_UUID': 'urn:uuid:0d299176-24a4-4935-92d8-b2991303af45', 'QT_ACCESSIBILITY': '1', 'GDMSESSION': 'ubuntu', 'GJS_DEBUG_OUTPUT': 'stderr', 'QT_IM_MODULE': 'ibus', 'PWD': '/home/dhruv/ros2_sensorRADAR_ws/build/sensor_fusion_pkg', 'XDG_CONFIG_DIRS': '/etc/xdg/xdg-ubuntu:/etc/xdg', 'XDG_DATA_DIRS': '/usr/share/ubuntu:/usr/local/share/:/usr/share/:/var/lib/snapd/desktop', 'PYTHONPATH': '/home/dhruv/ros2_sensorRADAR_ws/build/sensor_fusion_pkg/prefix_override:/usr/lib/python3/dist-packages/colcon_core/task/python/colcon_distutils_commands:/home/dhruv/ros2_sensorRADAR_ws/install/sensor_fusion_pkg/lib/python3.10/site-packages:/home/dhruv/ros2_sensorRADAR_ws/build/sensor_fusion_pkg:/home/dhruv/ros2_sensorRADAR_ws/install/sensor_fusion_pkg/lib/python3.10/site-packages:/home/dhruv/ros2_ws/install/point_cloud_filter/lib/python3.10/site-packages:/home/dhruv/install/sensor_fusion_pkg/lib/python3.10/site-packages:/opt/ros/humble/lib/python3.10/site-packages:/opt/ros/humble/local/lib/python3.10/dist-packages', 'COLCON': '1', 'VTE_VERSION': '6800', 'CMAKE_PREFIX_PATH': '/home/dhruv/ros2_sensorRADAR_ws/install/pointcloud_filter:/home/dhruv/ros2_ws/install/rplidar_ros'}, 'shell': False}
[0.500335] (-) TimerEvent: {}
[0.563003] (pointcloud_filter) StdoutLine: {'line': b'-- OpenNI found (version: 1.5.4.0, include: /usr/include/ni, lib: /usr/lib/libOpenNI.so;libusb::libusb)\n'}
[0.566928] (pointcloud_filter) StdoutLine: {'line': b'-- OpenNI2 found (version: 2.2.0.33, include: /usr/include/openni2, lib: /usr/lib/x86_64-linux-gnu/libOpenNI2.so;libusb::libusb)\n'}
[0.588223] (sensor_fusion_pkg) StdoutLine: {'line': b'running develop\n'}
[0.600426] (-) TimerEvent: {}
[0.672384] (pointcloud_filter) StdoutLine: {'line': b'-- Eigen found (include: /usr/include/eigen3, version: 3.4.0)\n'}
[0.677318] (pointcloud_filter) StdoutLine: {'line': b'-- OpenNI found (version: 1.5.4.0, include: /usr/include/ni, lib: /usr/lib/libOpenNI.so;libusb::libusb)\n'}
[0.681673] (pointcloud_filter) StdoutLine: {'line': b'-- OpenNI2 found (version: 2.2.0.33, include: /usr/include/openni2, lib: /usr/lib/x86_64-linux-gnu/libOpenNI2.so;libusb::libusb)\n'}
[0.700537] (-) TimerEvent: {}
[0.725977] (sensor_fusion_pkg) StdoutLine: {'line': b'running egg_info\n'}
[0.726170] (sensor_fusion_pkg) StdoutLine: {'line': b'writing sensor_fusion_pkg.egg-info/PKG-INFO\n'}
[0.726340] (sensor_fusion_pkg) StdoutLine: {'line': b'writing dependency_links to sensor_fusion_pkg.egg-info/dependency_links.txt\n'}
[0.726437] (sensor_fusion_pkg) StdoutLine: {'line': b'writing entry points to sensor_fusion_pkg.egg-info/entry_points.txt\n'}
[0.726523] (sensor_fusion_pkg) StdoutLine: {'line': b'writing requirements to sensor_fusion_pkg.egg-info/requires.txt\n'}
[0.726580] (sensor_fusion_pkg) StdoutLine: {'line': b'writing top-level names to sensor_fusion_pkg.egg-info/top_level.txt\n'}
[0.728044] (sensor_fusion_pkg) StdoutLine: {'line': b"reading manifest file 'sensor_fusion_pkg.egg-info/SOURCES.txt'\n"}
[0.728513] (sensor_fusion_pkg) StdoutLine: {'line': b"writing manifest file 'sensor_fusion_pkg.egg-info/SOURCES.txt'\n"}
[0.729572] (sensor_fusion_pkg) StdoutLine: {'line': b'running build_ext\n'}
[0.729720] (sensor_fusion_pkg) StdoutLine: {'line': b'Creating /home/dhruv/ros2_sensorRADAR_ws/install/sensor_fusion_pkg/lib/python3.10/site-packages/sensor-fusion-pkg.egg-link (link to .)\n'}
[0.730328] (sensor_fusion_pkg) StdoutLine: {'line': b'Installing fusion script to /home/dhruv/ros2_sensorRADAR_ws/install/sensor_fusion_pkg/lib/sensor_fusion_pkg\n'}
[0.730572] (sensor_fusion_pkg) StdoutLine: {'line': b'\n'}
[0.730622] (sensor_fusion_pkg) StdoutLine: {'line': b'Installed /home/dhruv/ros2_sensorRADAR_ws/build/sensor_fusion_pkg\n'}
[0.730658] (sensor_fusion_pkg) StdoutLine: {'line': b'running symlink_data\n'}
[0.753245] (sensor_fusion_pkg) CommandEnded: {'returncode': 0}
[0.762308] (sensor_fusion_pkg) JobEnded: {'identifier': 'sensor_fusion_pkg', 'rc': 0}
[0.785128] (pointcloud_filter) StdoutLine: {'line': b'-- Found Qhull version 8.0.2\n'}
[0.800650] (-) TimerEvent: {}
[0.897432] (pointcloud_filter) StdoutLine: {'line': b'-- OpenNI found (version: 1.5.4.0, include: /usr/include/ni, lib: /usr/lib/libOpenNI.so;libusb::libusb)\n'}
[0.900724] (-) TimerEvent: {}
[0.997565] (pointcloud_filter) StdoutLine: {'line': b'-- Found pcl_ros: 2.4.5 (/opt/ros/humble/share/pcl_ros/cmake)\n'}
[1.000801] (-) TimerEvent: {}
[1.006731] (pointcloud_filter) StdoutLine: {'line': b'-- Found eigen3_cmake_module: 0.1.1 (/opt/ros/humble/share/eigen3_cmake_module/cmake)\n'}
[1.007562] (pointcloud_filter) StdoutLine: {'line': b'-- Ensuring Eigen3 include directory is part of orocos-kdl CMake target\n'}
[1.055731] (pointcloud_filter) StderrLine: {'line': b'\x1b[33mCMake Warning (dev) at CMakeLists.txt:14 (find_package):\n'}
[1.055866] (pointcloud_filter) StderrLine: {'line': b'  Policy CMP0074 is not set: find_package uses <PackageName>_ROOT variables.\n'}
[1.055904] (pointcloud_filter) StderrLine: {'line': b'  Run "cmake --help-policy CMP0074" for policy details.  Use the cmake_policy\n'}
[1.055936] (pointcloud_filter) StderrLine: {'line': b'  command to set the policy and suppress this warning.\n'}
[1.055966] (pointcloud_filter) StderrLine: {'line': b'\n'}
[1.055996] (pointcloud_filter) StderrLine: {'line': b'  CMake variable PCL_ROOT is set to:\n'}
[1.056024] (pointcloud_filter) StderrLine: {'line': b'\n'}
[1.056070] (pointcloud_filter) StderrLine: {'line': b'    /usr\n'}
[1.056104] (pointcloud_filter) StderrLine: {'line': b'\n'}
[1.056153] (pointcloud_filter) StderrLine: {'line': b'  For compatibility, CMake is ignoring the variable.\n'}
[1.056203] (pointcloud_filter) StderrLine: {'line': b'This warning is for project developers.  Use -Wno-dev to suppress it.\n'}
[1.056256] (pointcloud_filter) StderrLine: {'line': b'\x1b[0m\n'}
[1.060523] (pointcloud_filter) StdoutLine: {'line': b'-- Found tf2_sensor_msgs: 0.25.19 (/opt/ros/humble/share/tf2_sensor_msgs/cmake)\n'}
[1.080116] (pointcloud_filter) StdoutLine: {'line': b'-- Found ament_lint_auto: 0.12.14 (/opt/ros/humble/share/ament_lint_auto/cmake)\n'}
[1.100894] (-) TimerEvent: {}
[1.124588] (pointcloud_filter) StdoutLine: {'line': b"-- Added test 'cppcheck' to perform static code analysis on C / C++ code\n"}
[1.124906] (pointcloud_filter) StdoutLine: {'line': b'-- Configured cppcheck include dirs: \n'}
[1.124961] (pointcloud_filter) StdoutLine: {'line': b'-- Configured cppcheck exclude dirs and/or files: \n'}
[1.125226] (pointcloud_filter) StdoutLine: {'line': b"-- Added test 'flake8' to check Python code syntax and style conventions\n"}
[1.125429] (pointcloud_filter) StdoutLine: {'line': b"-- Added test 'lint_cmake' to check CMake code style\n"}
[1.125627] (pointcloud_filter) StdoutLine: {'line': b"-- Added test 'pep257' to check Python code against some of the docstring style conventions in PEP 257\n"}
[1.126114] (pointcloud_filter) StdoutLine: {'line': b"-- Added test 'uncrustify' to check C / C++ code style\n"}
[1.126158] (pointcloud_filter) StdoutLine: {'line': b'-- Configured uncrustify additional arguments: \n'}
[1.126315] (pointcloud_filter) StdoutLine: {'line': b"-- Added test 'xmllint' to check XML markup files\n"}
[1.126885] (pointcloud_filter) StdoutLine: {'line': b'-- Configuring done\n'}
[1.184486] (pointcloud_filter) StdoutLine: {'line': b'-- Generating done\n'}
[1.198995] (pointcloud_filter) StdoutLine: {'line': b'-- Build files have been written to: /home/dhruv/ros2_sensorRADAR_ws/build/pointcloud_filter\n'}
[1.200959] (-) TimerEvent: {}
[1.222711] (pointcloud_filter) StdoutLine: {'line': b'\x1b[35m\x1b[1mConsolidate compiler generated dependencies of target voxel_grid_filter\x1b[0m\n'}
[1.222855] (pointcloud_filter) StdoutLine: {'line': b'\x1b[35m\x1b[1mConsolidate compiler generated dependencies of target camera_passthrough_filter\x1b[0m\n'}
[1.222896] (pointcloud_filter) StdoutLine: {'line': b'\x1b[35m\x1b[1mConsolidate compiler generated dependencies of target radar_passthrough_filter\x1b[0m\n'}
[1.239748] (pointcloud_filter) StdoutLine: {'line': b'[ 66%] Built target voxel_grid_filter\n'}
[1.239897] (pointcloud_filter) StdoutLine: {'line': b'[ 66%] Built target radar_passthrough_filter\n'}
[1.241350] (pointcloud_filter) StdoutLine: {'line': b'[100%] Built target camera_passthrough_filter\n'}
[1.248245] (pointcloud_filter) CommandEnded: {'returncode': 0}
[1.248661] (pointcloud_filter) JobProgress: {'identifier': 'pointcloud_filter', 'progress': 'install'}
[1.253621] (pointcloud_filter) Command: {'cmd': ['/usr/bin/cmake', '--install', '/home/dhruv/ros2_sensorRADAR_ws/build/pointcloud_filter'], 'cwd': '/home/dhruv/ros2_sensorRADAR_ws/build/pointcloud_filter', 'env': OrderedDict([('GJS_DEBUG_TOPICS', 'JS ERROR;JS LOG'), ('USER', 'dhruv'), ('XDG_SESSION_TYPE', 'wayland'), ('SHLVL', '1'), ('LD_LIBRARY_PATH', '/opt/ros/humble/opt/rviz_ogre_vendor/lib:/opt/ros/humble/lib/x86_64-linux-gnu:/opt/ros/humble/lib'), ('HOME', '/home/dhruv'), ('OLDPWD', '/home/dhruv/ros2_sensorRADAR_ws'), ('DESKTOP_SESSION', 'ubuntu'), ('GIO_LAUNCHED_DESKTOP_FILE', '/usr/share/applications/terminator.desktop'), ('ROS_PYTHON_VERSION', '3'), ('GNOME_SHELL_SESSION_MODE', 'ubuntu'), ('GTK_MODULES', 'gail:atk-bridge'), ('PS1', '\\[\\e[32m\\]\\u@\\h:\\w$ \\[\\e[0m\\]'), ('MANAGERPID', '1400'), ('SYSTEMD_EXEC_PID', '1564'), ('DBUS_SESSION_BUS_ADDRESS', 'unix:path=/run/user/1000/bus'), ('COLORTERM', 'truecolor'), ('TERMINATOR_DBUS_NAME', 'net.tenshu.Terminator25ef4b219e3b005583550f2b0f9f990c3'), ('GIO_LAUNCHED_DESKTOP_FILE_PID', '2104'), ('IM_CONFIG_PHASE', '1'), ('WAYLAND_DISPLAY', 'wayland-0'), ('COLCON_PREFIX_PATH', '/home/dhruv/ros2_sensorRADAR_ws/install:/home/dhruv/install:/home/dhruv/ros2_ws/install'), ('ROS_DISTRO', 'humble'), ('LOGNAME', 'dhruv'), ('JOURNAL_STREAM', '8:19653'), ('_', '/usr/bin/colcon'), ('ROS_VERSION', '2'), ('XDG_SESSION_CLASS', 'user'), ('USERNAME', 'dhruv'), ('TERM', 'xterm-256color'), ('GNOME_DESKTOP_SESSION_ID', 'this-is-deprecated'), ('ROS_LOCALHOST_ONLY', '0'), ('PATH', '/opt/ros/humble/bin:/usr/local/sbin:/usr/local/bin:/usr/sbin:/usr/bin:/sbin:/bin:/usr/games:/usr/local/games:/snap/bin:/snap/bin'), ('SESSION_MANAGER', 'local/dhruv-Predator-PH315-54:@/tmp/.ICE-unix/1518,unix/dhruv-Predator-PH315-54:/tmp/.ICE-unix/1518'), ('INVOCATION_ID', 'd8e0687eee0244b791550e63b338e423'), ('XDG_MENU_PREFIX', 'gnome-'), ('GNOME_SETUP_DISPLAY', ':1'), ('XDG_RUNTIME_DIR', '/run/user/1000'), ('DISPLAY', ':0'), ('TERMINATOR_DBUS_PATH', '/net/tenshu/Terminator2'), ('LANG', 'en_US.UTF-8'), ('XDG_CURRENT_DESKTOP', 'ubuntu:GNOME'), ('IBUS_DISABLE_SNOOPER', '1'), ('XMODIFIERS', '@im=ibus'), ('XDG_SESSION_DESKTOP', 'ubuntu'), ('XAUTHORITY', '/run/user/1000/.mutter-Xwaylandauth.JHK2M3'), ('SSH_AGENT_LAUNCHER', 'gnome-keyring'), ('SSH_AUTH_SOCK', '/run/user/1000/keyring/ssh'), ('AMENT_PREFIX_PATH', '/home/dhruv/ros2_sensorRADAR_ws/install/sensor_fusion_pkg:/home/dhruv/ros2_sensorRADAR_ws/install/pointcloud_filter:/home/dhruv/ros2_ws/install/rplidar_ros:/home/dhruv/ros2_ws/install/point_cloud_filter:/home/dhruv/install/sensor_fusion_pkg:/opt/ros/humble'), ('SHELL', '/bin/bash'), ('TERMINATOR_UUID', 'urn:uuid:0d299176-24a4-4935-92d8-b2991303af45'), ('QT_ACCESSIBILITY', '1'), ('GDMSESSION', 'ubuntu'), ('GJS_DEBUG_OUTPUT', 'stderr'), ('QT_IM_MODULE', 'ibus'), ('PWD', '/home/dhruv/ros2_sensorRADAR_ws/build/pointcloud_filter'), ('XDG_CONFIG_DIRS', '/etc/xdg/xdg-ubuntu:/etc/xdg'), ('XDG_DATA_DIRS', '/usr/share/ubuntu:/usr/local/share/:/usr/share/:/var/lib/snapd/desktop'), ('PYTHONPATH', '/home/dhruv/ros2_sensorRADAR_ws/build/sensor_fusion_pkg:/home/dhruv/ros2_sensorRADAR_ws/install/sensor_fusion_pkg/lib/python3.10/site-packages:/home/dhruv/ros2_ws/install/point_cloud_filter/lib/python3.10/site-packages:/home/dhruv/install/sensor_fusion_pkg/lib/python3.10/site-packages:/opt/ros/humble/lib/python3.10/site-packages:/opt/ros/humble/local/lib/python3.10/dist-packages'), ('COLCON', '1'), ('VTE_VERSION', '6800'), ('CMAKE_PREFIX_PATH', '/home/dhruv/ros2_sensorRADAR_ws/install/pointcloud_filter:/home/dhruv/ros2_ws/install/rplidar_ros:/home/dhruv/ros2_sensorRADAR_ws/install/sensor_fusion_pkg:/home/dhruv/ros2_ws/install/point_cloud_filter:/home/dhruv/install/sensor_fusion_pkg:/opt/ros/humble')]), 'shell': False}
[1.257929] (pointcloud_filter) StdoutLine: {'line': b'-- Install configuration: ""\n'}
[1.258184] (pointcloud_filter) StdoutLine: {'line': b'-- Execute custom install script\n'}
[1.258365] (pointcloud_filter) StdoutLine: {'line': b'-- Up-to-date symlink: /home/dhruv/ros2_sensorRADAR_ws/install/pointcloud_filter/lib/pointcloud_filter/camera_passthrough_filter\n'}
[1.258449] (pointcloud_filter) StdoutLine: {'line': b'-- Up-to-date symlink: /home/dhruv/ros2_sensorRADAR_ws/install/pointcloud_filter/lib/pointcloud_filter/radar_passthrough_filter\n'}
[1.258524] (pointcloud_filter) StdoutLine: {'line': b'-- Up-to-date symlink: /home/dhruv/ros2_sensorRADAR_ws/install/pointcloud_filter/lib/pointcloud_filter/voxel_grid_filter\n'}
[1.258724] (pointcloud_filter) StdoutLine: {'line': b'-- Up-to-date symlink: /home/dhruv/ros2_sensorRADAR_ws/install/pointcloud_filter/share/pointcloud_filter/launch/__pycache__/pipeline.launch.cpython-310.pyc\n'}
[1.258779] (pointcloud_filter) StdoutLine: {'line': b'-- Up-to-date symlink: /home/dhruv/ros2_sensorRADAR_ws/install/pointcloud_filter/share/pointcloud_filter/launch/pipeline.launch.py\n'}
[1.258825] (pointcloud_filter) StdoutLine: {'line': b'-- Symlinking: /home/dhruv/ros2_sensorRADAR_ws/install/pointcloud_filter/share/pointcloud_filter/launch/test.launch.py\n'}
[1.263786] (pointcloud_filter) StdoutLine: {'line': b'-- Up-to-date symlink: /home/dhruv/ros2_sensorRADAR_ws/install/pointcloud_filter/share/ament_index/resource_index/package_run_dependencies/pointcloud_filter\n'}
[1.263851] (pointcloud_filter) StdoutLine: {'line': b'-- Up-to-date symlink: /home/dhruv/ros2_sensorRADAR_ws/install/pointcloud_filter/share/ament_index/resource_index/parent_prefix_path/pointcloud_filter\n'}
[1.263931] (pointcloud_filter) StdoutLine: {'line': b'-- Up-to-date symlink: /home/dhruv/ros2_sensorRADAR_ws/install/pointcloud_filter/share/pointcloud_filter/environment/ament_prefix_path.sh\n'}
[1.264008] (pointcloud_filter) StdoutLine: {'line': b'-- Up-to-date symlink: /home/dhruv/ros2_sensorRADAR_ws/install/pointcloud_filter/share/pointcloud_filter/environment/ament_prefix_path.dsv\n'}
[1.264092] (pointcloud_filter) StdoutLine: {'line': b'-- Up-to-date symlink: /home/dhruv/ros2_sensorRADAR_ws/install/pointcloud_filter/share/pointcloud_filter/environment/path.sh\n'}
[1.264171] (pointcloud_filter) StdoutLine: {'line': b'-- Up-to-date symlink: /home/dhruv/ros2_sensorRADAR_ws/install/pointcloud_filter/share/pointcloud_filter/environment/path.dsv\n'}
[1.264245] (pointcloud_filter) StdoutLine: {'line': b'-- Up-to-date symlink: /home/dhruv/ros2_sensorRADAR_ws/install/pointcloud_filter/share/pointcloud_filter/local_setup.bash\n'}
[1.264315] (pointcloud_filter) StdoutLine: {'line': b'-- Up-to-date symlink: /home/dhruv/ros2_sensorRADAR_ws/install/pointcloud_filter/share/pointcloud_filter/local_setup.sh\n'}
[1.264383] (pointcloud_filter) StdoutLine: {'line': b'-- Up-to-date symlink: /home/dhruv/ros2_sensorRADAR_ws/install/pointcloud_filter/share/pointcloud_filter/local_setup.zsh\n'}
[1.264452] (pointcloud_filter) StdoutLine: {'line': b'-- Up-to-date symlink: /home/dhruv/ros2_sensorRADAR_ws/install/pointcloud_filter/share/pointcloud_filter/local_setup.dsv\n'}
[1.264504] (pointcloud_filter) StdoutLine: {'line': b'-- Symlinking: /home/dhruv/ros2_sensorRADAR_ws/install/pointcloud_filter/share/pointcloud_filter/package.dsv\n'}
[1.269529] (pointcloud_filter) StdoutLine: {'line': b'-- Up-to-date symlink: /home/dhruv/ros2_sensorRADAR_ws/install/pointcloud_filter/share/ament_index/resource_index/packages/pointcloud_filter\n'}
[1.269636] (pointcloud_filter) StdoutLine: {'line': b'-- Up-to-date symlink: /home/dhruv/ros2_sensorRADAR_ws/install/pointcloud_filter/share/pointcloud_filter/cmake/pointcloud_filterConfig.cmake\n'}
[1.269679] (pointcloud_filter) StdoutLine: {'line': b'-- Up-to-date symlink: /home/dhruv/ros2_sensorRADAR_ws/install/pointcloud_filter/share/pointcloud_filter/cmake/pointcloud_filterConfig-version.cmake\n'}
[1.269731] (pointcloud_filter) StdoutLine: {'line': b'-- Up-to-date symlink: /home/dhruv/ros2_sensorRADAR_ws/install/pointcloud_filter/share/pointcloud_filter/package.xml\n'}
[1.270801] (pointcloud_filter) CommandEnded: {'returncode': 0}
[1.278124] (pointcloud_filter) JobEnded: {'identifier': 'pointcloud_filter', 'rc': 0}
[1.278556] (-) EventReactorShutdown: {}
