[0.384s] Invoking command in '/home/dhruv/ros2_sensor_ws/src/sensor_fusion_pkg': PYTHONPATH=/home/dhruv/ros2_sensor_ws/build/sensor_fusion_pkg/prefix_override:/usr/lib/python3/dist-packages/colcon_core/task/python/colcon_distutils_commands:/home/dhruv/ros2_sensor_ws/install/sensor_fusion_pkg/lib/python3.10/site-packages:${PYTHONPATH} /usr/bin/python3 -W ignore:setup.py install is deprecated -W ignore:easy_install command is deprecated setup.py egg_info --egg-base ../../build/sensor_fusion_pkg build --build-base /home/dhruv/ros2_sensor_ws/build/sensor_fusion_pkg/build install --record /home/dhruv/ros2_sensor_ws/build/sensor_fusion_pkg/install.log --single-version-externally-managed install_data
[0.526s] running egg_info
[0.526s] writing ../../build/sensor_fusion_pkg/sensor_fusion_pkg.egg-info/PKG-INFO
[0.526s] writing dependency_links to ../../build/sensor_fusion_pkg/sensor_fusion_pkg.egg-info/dependency_links.txt
[0.527s] writing entry points to ../../build/sensor_fusion_pkg/sensor_fusion_pkg.egg-info/entry_points.txt
[0.527s] writing requirements to ../../build/sensor_fusion_pkg/sensor_fusion_pkg.egg-info/requires.txt
[0.527s] writing top-level names to ../../build/sensor_fusion_pkg/sensor_fusion_pkg.egg-info/top_level.txt
[0.528s] reading manifest file '../../build/sensor_fusion_pkg/sensor_fusion_pkg.egg-info/SOURCES.txt'
[0.529s] writing manifest file '../../build/sensor_fusion_pkg/sensor_fusion_pkg.egg-info/SOURCES.txt'
[0.529s] running build
[0.529s] running build_py
[0.529s] running install
[0.529s] running install_lib
[0.530s] running install_data
[0.530s] copying launch/full_system.launch.py -> /home/dhruv/ros2_sensor_ws/install/sensor_fusion_pkg/share/sensor_fusion_pkg/launch
[0.530s] running install_egg_info
[0.531s] removing '/home/dhruv/ros2_sensor_ws/install/sensor_fusion_pkg/lib/python3.10/site-packages/sensor_fusion_pkg-0.0.0-py3.10.egg-info' (and everything under it)
[0.531s] Copying ../../build/sensor_fusion_pkg/sensor_fusion_pkg.egg-info to /home/dhruv/ros2_sensor_ws/install/sensor_fusion_pkg/lib/python3.10/site-packages/sensor_fusion_pkg-0.0.0-py3.10.egg-info
[0.532s] running install_scripts
[0.545s] Installing fusion script to /home/dhruv/ros2_sensor_ws/install/sensor_fusion_pkg/lib/sensor_fusion_pkg
[0.545s] Installing lidar_to_pointcloud script to /home/dhruv/ros2_sensor_ws/install/sensor_fusion_pkg/lib/sensor_fusion_pkg
[0.545s] Installing time_sync_monitor script to /home/dhruv/ros2_sensor_ws/install/sensor_fusion_pkg/lib/sensor_fusion_pkg
[0.545s] Installing voxel_filter script to /home/dhruv/ros2_sensor_ws/install/sensor_fusion_pkg/lib/sensor_fusion_pkg
[0.545s] writing list of installed files to '/home/dhruv/ros2_sensor_ws/build/sensor_fusion_pkg/install.log'
[0.558s] Invoked command in '/home/dhruv/ros2_sensor_ws/src/sensor_fusion_pkg' returned '0': PYTHONPATH=/home/dhruv/ros2_sensor_ws/build/sensor_fusion_pkg/prefix_override:/usr/lib/python3/dist-packages/colcon_core/task/python/colcon_distutils_commands:/home/dhruv/ros2_sensor_ws/install/sensor_fusion_pkg/lib/python3.10/site-packages:${PYTHONPATH} /usr/bin/python3 -W ignore:setup.py install is deprecated -W ignore:easy_install command is deprecated setup.py egg_info --egg-base ../../build/sensor_fusion_pkg build --build-base /home/dhruv/ros2_sensor_ws/build/sensor_fusion_pkg/build install --record /home/dhruv/ros2_sensor_ws/build/sensor_fusion_pkg/install.log --single-version-externally-managed install_data
