[0.551s] Invoking command in '/home/dhruv/ros2_sensor_ws/src/time_sync_tools': PYTHONPATH=/home/dhruv/ros2_sensor_ws/build/time_sync_tools/prefix_override:/usr/lib/python3/dist-packages/colcon_core/task/python/colcon_distutils_commands:/home/dhruv/ros2_sensor_ws/install/time_sync_tools/lib/python3.10/site-packages:${PYTHONPATH} /usr/bin/python3 -W ignore:setup.py install is deprecated -W ignore:easy_install command is deprecated setup.py egg_info --egg-base ../../build/time_sync_tools build --build-base /home/dhruv/ros2_sensor_ws/build/time_sync_tools/build install --record /home/dhruv/ros2_sensor_ws/build/time_sync_tools/install.log --single-version-externally-managed install_data
[0.699s] running egg_info
[0.700s] writing ../../build/time_sync_tools/time_sync_tools.egg-info/PKG-INFO
[0.700s] writing dependency_links to ../../build/time_sync_tools/time_sync_tools.egg-info/dependency_links.txt
[0.700s] writing entry points to ../../build/time_sync_tools/time_sync_tools.egg-info/entry_points.txt
[0.700s] writing requirements to ../../build/time_sync_tools/time_sync_tools.egg-info/requires.txt
[0.700s] writing top-level names to ../../build/time_sync_tools/time_sync_tools.egg-info/top_level.txt
[0.701s] reading manifest file '../../build/time_sync_tools/time_sync_tools.egg-info/SOURCES.txt'
[0.702s] writing manifest file '../../build/time_sync_tools/time_sync_tools.egg-info/SOURCES.txt'
[0.702s] running build
[0.702s] running build_py
[0.702s] running install
[0.702s] running install_lib
[0.703s] running install_data
[0.703s] running install_egg_info
[0.704s] removing '/home/dhruv/ros2_sensor_ws/install/time_sync_tools/lib/python3.10/site-packages/time_sync_tools-0.0.0-py3.10.egg-info' (and everything under it)
[0.704s] Copying ../../build/time_sync_tools/time_sync_tools.egg-info to /home/dhruv/ros2_sensor_ws/install/time_sync_tools/lib/python3.10/site-packages/time_sync_tools-0.0.0-py3.10.egg-info
[0.704s] running install_scripts
[0.717s] writing list of installed files to '/home/dhruv/ros2_sensor_ws/build/time_sync_tools/install.log'
[0.740s] Invoked command in '/home/dhruv/ros2_sensor_ws/src/time_sync_tools' returned '0': PYTHONPATH=/home/dhruv/ros2_sensor_ws/build/time_sync_tools/prefix_override:/usr/lib/python3/dist-packages/colcon_core/task/python/colcon_distutils_commands:/home/dhruv/ros2_sensor_ws/install/time_sync_tools/lib/python3.10/site-packages:${PYTHONPATH} /usr/bin/python3 -W ignore:setup.py install is deprecated -W ignore:easy_install command is deprecated setup.py egg_info --egg-base ../../build/time_sync_tools build --build-base /home/dhruv/ros2_sensor_ws/build/time_sync_tools/build install --record /home/dhruv/ros2_sensor_ws/build/time_sync_tools/install.log --single-version-externally-managed install_data
