[0.000000] (-) TimerEvent: {}
[0.000111] (-) JobUnselected: {'identifier': 'passthrough_filter_cpp'}
[0.000204] (pointcloud_filter) JobQueued: {'identifier': 'pointcloud_filter', 'dependencies': OrderedDict()}
[0.000218] (time_sync_tools) JobQueued: {'identifier': 'time_sync_tools', 'dependencies': OrderedDict()}
[0.000366] (pointcloud_filter) JobStarted: {'identifier': 'pointcloud_filter'}
[0.003690] (time_sync_tools) JobStarted: {'identifier': 'time_sync_tools'}
[0.007611] (pointcloud_filter) JobProgress: {'identifier': 'pointcloud_filter', 'progress': 'cmake'}
[0.008101] (pointcloud_filter) Command: {'cmd': ['/usr/bin/cmake', '/home/dhruv/ros2_sensor_ws/src/pointcloud_filter', '-DAMENT_CMAKE_SYMLINK_INSTALL=1', '-DCMAKE_INSTALL_PREFIX=/home/dhruv/ros2_sensor_ws/install/pointcloud_filter'], 'cwd': '/home/dhruv/ros2_sensor_ws/build/pointcloud_filter', 'env': OrderedDict([('GJS_DEBUG_TOPICS', 'JS ERROR;JS LOG'), ('USER', 'dhruv'), ('XDG_SESSION_TYPE', 'wayland'), ('SHLVL', '1'), ('LD_LIBRARY_PATH', '/opt/ros/humble/opt/rviz_ogre_vendor/lib:/opt/ros/humble/lib/x86_64-linux-gnu:/opt/ros/humble/lib'), ('HOME', '/home/dhruv'), ('OLDPWD', '/home/dhruv/ros2_sensor_ws'), ('DESKTOP_SESSION', 'ubuntu'), ('GIO_LAUNCHED_DESKTOP_FILE', '/usr/share/applications/terminator.desktop'), ('ROS_PYTHON_VERSION', '3'), ('GNOME_SHELL_SESSION_MODE', 'ubuntu'), ('GTK_MODULES', 'gail:atk-bridge'), ('MANAGERPID', '1274'), ('SYSTEMD_EXEC_PID', '1457'), ('DBUS_SESSION_BUS_ADDRESS', 'unix:path=/run/user/1000/bus'), ('COLORTERM', 'truecolor'), ('TERMINATOR_DBUS_NAME', 'net.tenshu.Terminator25ef4b219e3b005583550f2b0f9f990c3'), ('GIO_LAUNCHED_DESKTOP_FILE_PID', '21098'), ('IM_CONFIG_PHASE', '1'), ('WAYLAND_DISPLAY', 'wayland-0'), ('COLCON_PREFIX_PATH', '/home/dhruv/ros2_sensor_ws/install:/home/dhruv/ros2_ws/install'), ('ROS_DISTRO', 'humble'), ('LOGNAME', 'dhruv'), ('JOURNAL_STREAM', '8:6031'), ('_', '/usr/bin/colcon'), ('ROS_VERSION', '2'), ('XDG_SESSION_CLASS', 'user'), ('USERNAME', 'dhruv'), ('TERM', 'xterm-256color'), ('GNOME_DESKTOP_SESSION_ID', 'this-is-deprecated'), ('ROS_LOCALHOST_ONLY', '0'), ('PATH', '/opt/ros/humble/bin:/usr/local/sbin:/usr/local/bin:/usr/sbin:/usr/bin:/sbin:/bin:/usr/games:/usr/local/games:/snap/bin:/snap/bin'), ('SESSION_MANAGER', 'local/dhruv-Predator-PH315-54:@/tmp/.ICE-unix/1403,unix/dhruv-Predator-PH315-54:/tmp/.ICE-unix/1403'), ('INVOCATION_ID', 'e5c7fc0d1503477fb1f03cafb88fea5e'), ('XDG_MENU_PREFIX', 'gnome-'), ('GNOME_SETUP_DISPLAY', ':1'), ('XDG_RUNTIME_DIR', '/run/user/1000'), ('DISPLAY', ':0'), ('TERMINATOR_DBUS_PATH', '/net/tenshu/Terminator2'), ('LANG', 'en_US.UTF-8'), ('XDG_CURRENT_DESKTOP', 'ubuntu:GNOME'), ('IBUS_DISABLE_SNOOPER', '1'), ('XMODIFIERS', '@im=ibus'), ('XDG_SESSION_DESKTOP', 'ubuntu'), ('XAUTHORITY', '/run/user/1000/.mutter-Xwaylandauth.Y78IL3'), ('SSH_AGENT_LAUNCHER', 'gnome-keyring'), ('SSH_AUTH_SOCK', '/run/user/1000/keyring/ssh'), ('AMENT_PREFIX_PATH', '/home/dhruv/ros2_ws/install/rplidar_ros:/home/dhruv/ros2_ws/install/point_cloud_filter:/home/dhruv/ros2_sensor_ws/install/time_sync_tools:/home/dhruv/ros2_sensor_ws/install/pointcloud_filter:/opt/ros/humble'), ('SHELL', '/bin/bash'), ('TERMINATOR_UUID', 'urn:uuid:5129fe22-c7d4-488f-bfd7-4d0c38afa174'), ('QT_ACCESSIBILITY', '1'), ('GDMSESSION', 'ubuntu'), ('GJS_DEBUG_OUTPUT', 'stderr'), ('QT_IM_MODULE', 'ibus'), ('PWD', '/home/dhruv/ros2_sensor_ws/build/pointcloud_filter'), ('XDG_CONFIG_DIRS', '/etc/xdg/xdg-ubuntu:/etc/xdg'), ('XDG_DATA_DIRS', '/usr/share/ubuntu:/usr/local/share/:/usr/share/:/var/lib/snapd/desktop'), ('PYTHONPATH', '/home/dhruv/ros2_ws/install/point_cloud_filter/lib/python3.10/site-packages:/home/dhruv/ros2_sensor_ws/install/time_sync_tools/lib/python3.10/site-packages:/opt/ros/humble/lib/python3.10/site-packages:/opt/ros/humble/local/lib/python3.10/dist-packages'), ('COLCON', '1'), ('VTE_VERSION', '6800'), ('CMAKE_PREFIX_PATH', '/home/dhruv/ros2_ws/install/rplidar_ros:/home/dhruv/ros2_sensor_ws/install/pointcloud_filter:/home/dhruv/ros2_ws/install/point_cloud_filter:/home/dhruv/ros2_sensor_ws/install/time_sync_tools:/opt/ros/humble')]), 'shell': False}
[0.017272] (pointcloud_filter) StdoutLine: {'line': b'-- Found ament_cmake: 1.3.12 (/opt/ros/humble/share/ament_cmake/cmake)\n'}
[0.088201] (pointcloud_filter) StdoutLine: {'line': b'-- Override CMake install command with custom implementation using symlinks instead of copying resources\n'}
[0.092942] (pointcloud_filter) StdoutLine: {'line': b'-- Found rclcpp: 16.0.17 (/opt/ros/humble/share/rclcpp/cmake)\n'}
[0.099937] (-) TimerEvent: {}
[0.109270] (pointcloud_filter) StdoutLine: {'line': b'-- Found rosidl_generator_c: 3.1.8 (/opt/ros/humble/share/rosidl_generator_c/cmake)\n'}
[0.110741] (pointcloud_filter) StdoutLine: {'line': b'-- Found rosidl_adapter: 3.1.8 (/opt/ros/humble/share/rosidl_adapter/cmake)\n'}
[0.114198] (pointcloud_filter) StdoutLine: {'line': b'-- Found rosidl_generator_cpp: 3.1.8 (/opt/ros/humble/share/rosidl_generator_cpp/cmake)\n'}
[0.119709] (pointcloud_filter) StdoutLine: {'line': b'-- Using all available rosidl_typesupport_c: rosidl_typesupport_fastrtps_c;rosidl_typesupport_introspection_c\n'}
[0.126798] (pointcloud_filter) StdoutLine: {'line': b'-- Using all available rosidl_typesupport_cpp: rosidl_typesupport_fastrtps_cpp;rosidl_typesupport_introspection_cpp\n'}
[0.145201] (pointcloud_filter) StdoutLine: {'line': b'-- Found rmw_implementation_cmake: 6.1.2 (/opt/ros/humble/share/rmw_implementation_cmake/cmake)\n'}
[0.146004] (pointcloud_filter) StdoutLine: {'line': b'-- Found rmw_fastrtps_cpp: 6.2.9 (/opt/ros/humble/share/rmw_fastrtps_cpp/cmake)\n'}
[0.200021] (-) TimerEvent: {}
[0.205894] (pointcloud_filter) StdoutLine: {'line': b"-- Using RMW implementation 'rmw_fastrtps_cpp' as default\n"}
[0.234297] (pointcloud_filter) StdoutLine: {'line': b'-- Found sensor_msgs: 4.9.0 (/opt/ros/humble/share/sensor_msgs/cmake)\n'}
[0.250659] (pointcloud_filter) StdoutLine: {'line': b'-- Found pcl_conversions: 2.4.5 (/opt/ros/humble/share/pcl_conversions/cmake)\n'}
[0.270593] (pointcloud_filter) StdoutLine: {'line': b'-- Eigen found (include: /usr/include/eigen3, version: 3.4.0)\n'}
[0.288304] (pointcloud_filter) StdoutLine: {'line': b'-- FLANN found (include: /usr/include, lib: /usr/lib/x86_64-linux-gnu/libflann_cpp.so)\n'}
[0.300147] (-) TimerEvent: {}
[0.362172] (time_sync_tools) Command: {'cmd': ['/usr/bin/python3', '-W', 'ignore:setup.py install is deprecated', '-W', 'ignore:easy_install command is deprecated', 'setup.py', 'develop', '--editable', '--build-directory', '/home/dhruv/ros2_sensor_ws/build/time_sync_tools/build', '--no-deps', 'symlink_data', '--force'], 'cwd': '/home/dhruv/ros2_sensor_ws/build/time_sync_tools', 'env': {'GJS_DEBUG_TOPICS': 'JS ERROR;JS LOG', 'USER': 'dhruv', 'XDG_SESSION_TYPE': 'wayland', 'SHLVL': '1', 'LD_LIBRARY_PATH': '/opt/ros/humble/opt/rviz_ogre_vendor/lib:/opt/ros/humble/lib/x86_64-linux-gnu:/opt/ros/humble/lib', 'HOME': '/home/dhruv', 'OLDPWD': '/home/dhruv/ros2_sensor_ws', 'DESKTOP_SESSION': 'ubuntu', 'GIO_LAUNCHED_DESKTOP_FILE': '/usr/share/applications/terminator.desktop', 'ROS_PYTHON_VERSION': '3', 'GNOME_SHELL_SESSION_MODE': 'ubuntu', 'GTK_MODULES': 'gail:atk-bridge', 'MANAGERPID': '1274', 'SYSTEMD_EXEC_PID': '1457', 'DBUS_SESSION_BUS_ADDRESS': 'unix:path=/run/user/1000/bus', 'COLORTERM': 'truecolor', 'TERMINATOR_DBUS_NAME': 'net.tenshu.Terminator25ef4b219e3b005583550f2b0f9f990c3', 'GIO_LAUNCHED_DESKTOP_FILE_PID': '21098', 'IM_CONFIG_PHASE': '1', 'WAYLAND_DISPLAY': 'wayland-0', 'COLCON_PREFIX_PATH': '/home/dhruv/ros2_sensor_ws/install:/home/dhruv/ros2_ws/install', 'ROS_DISTRO': 'humble', 'LOGNAME': 'dhruv', 'JOURNAL_STREAM': '8:6031', '_': '/usr/bin/colcon', 'ROS_VERSION': '2', 'XDG_SESSION_CLASS': 'user', 'USERNAME': 'dhruv', 'TERM': 'xterm-256color', 'GNOME_DESKTOP_SESSION_ID': 'this-is-deprecated', 'ROS_LOCALHOST_ONLY': '0', 'PATH': '/opt/ros/humble/bin:/usr/local/sbin:/usr/local/bin:/usr/sbin:/usr/bin:/sbin:/bin:/usr/games:/usr/local/games:/snap/bin:/snap/bin', 'SESSION_MANAGER': 'local/dhruv-Predator-PH315-54:@/tmp/.ICE-unix/1403,unix/dhruv-Predator-PH315-54:/tmp/.ICE-unix/1403', 'INVOCATION_ID': 'e5c7fc0d1503477fb1f03cafb88fea5e', 'XDG_MENU_PREFIX': 'gnome-', 'GNOME_SETUP_DISPLAY': ':1', 'XDG_RUNTIME_DIR': '/run/user/1000', 'DISPLAY': ':0', 'TERMINATOR_DBUS_PATH': '/net/tenshu/Terminator2', 'LANG': 'en_US.UTF-8', 'XDG_CURRENT_DESKTOP': 'ubuntu:GNOME', 'IBUS_DISABLE_SNOOPER': '1', 'XMODIFIERS': '@im=ibus', 'XDG_SESSION_DESKTOP': 'ubuntu', 'XAUTHORITY': '/run/user/1000/.mutter-Xwaylandauth.Y78IL3', 'SSH_AGENT_LAUNCHER': 'gnome-keyring', 'SSH_AUTH_SOCK': '/run/user/1000/keyring/ssh', 'AMENT_PREFIX_PATH': '/home/dhruv/ros2_ws/install/rplidar_ros:/home/dhruv/ros2_ws/install/point_cloud_filter:/home/dhruv/ros2_sensor_ws/install/time_sync_tools:/home/dhruv/ros2_sensor_ws/install/pointcloud_filter:/opt/ros/humble', 'SHELL': '/bin/bash', 'TERMINATOR_UUID': 'urn:uuid:5129fe22-c7d4-488f-bfd7-4d0c38afa174', 'QT_ACCESSIBILITY': '1', 'GDMSESSION': 'ubuntu', 'GJS_DEBUG_OUTPUT': 'stderr', 'QT_IM_MODULE': 'ibus', 'PWD': '/home/dhruv/ros2_sensor_ws/build/time_sync_tools', 'XDG_CONFIG_DIRS': '/etc/xdg/xdg-ubuntu:/etc/xdg', 'XDG_DATA_DIRS': '/usr/share/ubuntu:/usr/local/share/:/usr/share/:/var/lib/snapd/desktop', 'PYTHONPATH': '/home/dhruv/ros2_sensor_ws/build/time_sync_tools/prefix_override:/usr/lib/python3/dist-packages/colcon_core/task/python/colcon_distutils_commands:/home/dhruv/ros2_sensor_ws/install/time_sync_tools/lib/python3.10/site-packages:/home/dhruv/ros2_ws/install/point_cloud_filter/lib/python3.10/site-packages:/home/dhruv/ros2_sensor_ws/install/time_sync_tools/lib/python3.10/site-packages:/opt/ros/humble/lib/python3.10/site-packages:/opt/ros/humble/local/lib/python3.10/dist-packages', 'COLCON': '1', 'VTE_VERSION': '6800', 'CMAKE_PREFIX_PATH': '/home/dhruv/ros2_ws/install/rplidar_ros:/home/dhruv/ros2_sensor_ws/install/pointcloud_filter'}, 'shell': False}
[0.400257] (-) TimerEvent: {}
[0.462683] (pointcloud_filter) StdoutLine: {'line': b'-- OpenNI found (version: 1.5.4.0, include: /usr/include/ni, lib: /usr/lib/libOpenNI.so;libusb::libusb)\n'}
[0.466028] (pointcloud_filter) StdoutLine: {'line': b'-- OpenNI2 found (version: 2.2.0.33, include: /usr/include/openni2, lib: /usr/lib/x86_64-linux-gnu/libOpenNI2.so;libusb::libusb)\n'}
[0.500406] (-) TimerEvent: {}
[0.522138] (time_sync_tools) StdoutLine: {'line': b'running develop\n'}
[0.555780] (pointcloud_filter) StdoutLine: {'line': b'-- Eigen found (include: /usr/include/eigen3, version: 3.4.0)\n'}
[0.559761] (pointcloud_filter) StdoutLine: {'line': b'-- OpenNI found (version: 1.5.4.0, include: /usr/include/ni, lib: /usr/lib/libOpenNI.so;libusb::libusb)\n'}
[0.563805] (pointcloud_filter) StdoutLine: {'line': b'-- OpenNI2 found (version: 2.2.0.33, include: /usr/include/openni2, lib: /usr/lib/x86_64-linux-gnu/libOpenNI2.so;libusb::libusb)\n'}
[0.600508] (-) TimerEvent: {}
[0.620270] (time_sync_tools) StdoutLine: {'line': b'running egg_info\n'}
[0.620518] (time_sync_tools) StdoutLine: {'line': b'writing time_sync_tools.egg-info/PKG-INFO\n'}
[0.620600] (time_sync_tools) StdoutLine: {'line': b'writing dependency_links to time_sync_tools.egg-info/dependency_links.txt\n'}
[0.620801] (time_sync_tools) StdoutLine: {'line': b'writing entry points to time_sync_tools.egg-info/entry_points.txt\n'}
[0.620844] (time_sync_tools) StdoutLine: {'line': b'writing requirements to time_sync_tools.egg-info/requires.txt\n'}
[0.620886] (time_sync_tools) StdoutLine: {'line': b'writing top-level names to time_sync_tools.egg-info/top_level.txt\n'}
[0.621965] (time_sync_tools) StdoutLine: {'line': b"reading manifest file 'time_sync_tools.egg-info/SOURCES.txt'\n"}
[0.622451] (time_sync_tools) StdoutLine: {'line': b"writing manifest file 'time_sync_tools.egg-info/SOURCES.txt'\n"}
[0.623219] (time_sync_tools) StdoutLine: {'line': b'running build_ext\n'}
[0.623316] (time_sync_tools) StdoutLine: {'line': b'Creating /home/dhruv/ros2_sensor_ws/install/time_sync_tools/lib/python3.10/site-packages/time-sync-tools.egg-link (link to .)\n'}
[0.623803] (time_sync_tools) StdoutLine: {'line': b'\n'}
[0.623849] (time_sync_tools) StdoutLine: {'line': b'Installed /home/dhruv/ros2_sensor_ws/build/time_sync_tools\n'}
[0.623908] (time_sync_tools) StdoutLine: {'line': b'running symlink_data\n'}
[0.624003] (time_sync_tools) StdoutLine: {'line': b'symbolically linking /home/dhruv/ros2_sensor_ws/build/time_sync_tools/resource/time_sync_tools -> /home/dhruv/ros2_sensor_ws/install/time_sync_tools/share/ament_index/resource_index/packages\n'}
[0.624063] (time_sync_tools) StdoutLine: {'line': b'symbolically linking /home/dhruv/ros2_sensor_ws/build/time_sync_tools/package.xml -> /home/dhruv/ros2_sensor_ws/install/time_sync_tools/share/time_sync_tools\n'}
[0.640280] (time_sync_tools) CommandEnded: {'returncode': 0}
[0.647379] (time_sync_tools) JobEnded: {'identifier': 'time_sync_tools', 'rc': 0}
[0.647760] (pointcloud_filter) StdoutLine: {'line': b'-- Found Qhull version 8.0.2\n'}
[0.700593] (-) TimerEvent: {}
[0.733618] (pointcloud_filter) StdoutLine: {'line': b'-- OpenNI found (version: 1.5.4.0, include: /usr/include/ni, lib: /usr/lib/libOpenNI.so;libusb::libusb)\n'}
[0.800741] (-) TimerEvent: {}
[0.820791] (pointcloud_filter) StdoutLine: {'line': b'-- Found pcl_ros: 2.4.5 (/opt/ros/humble/share/pcl_ros/cmake)\n'}
[0.829644] (pointcloud_filter) StdoutLine: {'line': b'-- Found eigen3_cmake_module: 0.1.1 (/opt/ros/humble/share/eigen3_cmake_module/cmake)\n'}
[0.830466] (pointcloud_filter) StdoutLine: {'line': b'-- Ensuring Eigen3 include directory is part of orocos-kdl CMake target\n'}
[0.876334] (pointcloud_filter) StderrLine: {'line': b'\x1b[33mCMake Warning (dev) at CMakeLists.txt:14 (find_package):\n'}
[0.876442] (pointcloud_filter) StderrLine: {'line': b'  Policy CMP0074 is not set: find_package uses <PackageName>_ROOT variables.\n'}
[0.876482] (pointcloud_filter) StderrLine: {'line': b'  Run "cmake --help-policy CMP0074" for policy details.  Use the cmake_policy\n'}
[0.876515] (pointcloud_filter) StderrLine: {'line': b'  command to set the policy and suppress this warning.\n'}
[0.876548] (pointcloud_filter) StderrLine: {'line': b'\n'}
[0.876579] (pointcloud_filter) StderrLine: {'line': b'  CMake variable PCL_ROOT is set to:\n'}
[0.876611] (pointcloud_filter) StderrLine: {'line': b'\n'}
[0.876640] (pointcloud_filter) StderrLine: {'line': b'    /usr\n'}
[0.876670] (pointcloud_filter) StderrLine: {'line': b'\n'}
[0.876699] (pointcloud_filter) StderrLine: {'line': b'  For compatibility, CMake is ignoring the variable.\n'}
[0.876730] (pointcloud_filter) StderrLine: {'line': b'This warning is for project developers.  Use -Wno-dev to suppress it.\n'}
[0.876760] (pointcloud_filter) StderrLine: {'line': b'\x1b[0m\n'}
[0.890404] (pointcloud_filter) StdoutLine: {'line': b'-- Found ament_lint_auto: 0.12.14 (/opt/ros/humble/share/ament_lint_auto/cmake)\n'}
[0.900870] (-) TimerEvent: {}
[0.931556] (pointcloud_filter) StdoutLine: {'line': b"-- Added test 'cppcheck' to perform static code analysis on C / C++ code\n"}
[0.931739] (pointcloud_filter) StdoutLine: {'line': b'-- Configured cppcheck include dirs: /home/dhruv/ros2_sensor_ws/src/pointcloud_filter/include\n'}
[0.931780] (pointcloud_filter) StdoutLine: {'line': b'-- Configured cppcheck exclude dirs and/or files: \n'}
[0.932114] (pointcloud_filter) StdoutLine: {'line': b"-- Added test 'lint_cmake' to check CMake code style\n"}
[0.932388] (pointcloud_filter) StdoutLine: {'line': b"-- Added test 'uncrustify' to check C / C++ code style\n"}
[0.932446] (pointcloud_filter) StdoutLine: {'line': b'-- Configured uncrustify additional arguments: \n'}
[0.932568] (pointcloud_filter) StdoutLine: {'line': b"-- Added test 'xmllint' to check XML markup files\n"}
[0.933160] (pointcloud_filter) StdoutLine: {'line': b'-- Configuring done\n'}
[0.960491] (pointcloud_filter) StdoutLine: {'line': b'-- Generating done\n'}
[0.969114] (pointcloud_filter) StdoutLine: {'line': b'-- Build files have been written to: /home/dhruv/ros2_sensor_ws/build/pointcloud_filter\n'}
[0.979185] (pointcloud_filter) CommandEnded: {'returncode': 0}
[0.979633] (pointcloud_filter) JobProgress: {'identifier': 'pointcloud_filter', 'progress': 'build'}
[0.980288] (pointcloud_filter) Command: {'cmd': ['/usr/bin/cmake', '--build', '/home/dhruv/ros2_sensor_ws/build/pointcloud_filter', '--', '-j16', '-l16'], 'cwd': '/home/dhruv/ros2_sensor_ws/build/pointcloud_filter', 'env': OrderedDict([('GJS_DEBUG_TOPICS', 'JS ERROR;JS LOG'), ('USER', 'dhruv'), ('XDG_SESSION_TYPE', 'wayland'), ('SHLVL', '1'), ('LD_LIBRARY_PATH', '/opt/ros/humble/opt/rviz_ogre_vendor/lib:/opt/ros/humble/lib/x86_64-linux-gnu:/opt/ros/humble/lib'), ('HOME', '/home/dhruv'), ('OLDPWD', '/home/dhruv/ros2_sensor_ws'), ('DESKTOP_SESSION', 'ubuntu'), ('GIO_LAUNCHED_DESKTOP_FILE', '/usr/share/applications/terminator.desktop'), ('ROS_PYTHON_VERSION', '3'), ('GNOME_SHELL_SESSION_MODE', 'ubuntu'), ('GTK_MODULES', 'gail:atk-bridge'), ('MANAGERPID', '1274'), ('SYSTEMD_EXEC_PID', '1457'), ('DBUS_SESSION_BUS_ADDRESS', 'unix:path=/run/user/1000/bus'), ('COLORTERM', 'truecolor'), ('TERMINATOR_DBUS_NAME', 'net.tenshu.Terminator25ef4b219e3b005583550f2b0f9f990c3'), ('GIO_LAUNCHED_DESKTOP_FILE_PID', '21098'), ('IM_CONFIG_PHASE', '1'), ('WAYLAND_DISPLAY', 'wayland-0'), ('COLCON_PREFIX_PATH', '/home/dhruv/ros2_sensor_ws/install:/home/dhruv/ros2_ws/install'), ('ROS_DISTRO', 'humble'), ('LOGNAME', 'dhruv'), ('JOURNAL_STREAM', '8:6031'), ('_', '/usr/bin/colcon'), ('ROS_VERSION', '2'), ('XDG_SESSION_CLASS', 'user'), ('USERNAME', 'dhruv'), ('TERM', 'xterm-256color'), ('GNOME_DESKTOP_SESSION_ID', 'this-is-deprecated'), ('ROS_LOCALHOST_ONLY', '0'), ('PATH', '/opt/ros/humble/bin:/usr/local/sbin:/usr/local/bin:/usr/sbin:/usr/bin:/sbin:/bin:/usr/games:/usr/local/games:/snap/bin:/snap/bin'), ('SESSION_MANAGER', 'local/dhruv-Predator-PH315-54:@/tmp/.ICE-unix/1403,unix/dhruv-Predator-PH315-54:/tmp/.ICE-unix/1403'), ('INVOCATION_ID', 'e5c7fc0d1503477fb1f03cafb88fea5e'), ('XDG_MENU_PREFIX', 'gnome-'), ('GNOME_SETUP_DISPLAY', ':1'), ('XDG_RUNTIME_DIR', '/run/user/1000'), ('DISPLAY', ':0'), ('TERMINATOR_DBUS_PATH', '/net/tenshu/Terminator2'), ('LANG', 'en_US.UTF-8'), ('XDG_CURRENT_DESKTOP', 'ubuntu:GNOME'), ('IBUS_DISABLE_SNOOPER', '1'), ('XMODIFIERS', '@im=ibus'), ('XDG_SESSION_DESKTOP', 'ubuntu'), ('XAUTHORITY', '/run/user/1000/.mutter-Xwaylandauth.Y78IL3'), ('SSH_AGENT_LAUNCHER', 'gnome-keyring'), ('SSH_AUTH_SOCK', '/run/user/1000/keyring/ssh'), ('AMENT_PREFIX_PATH', '/home/dhruv/ros2_ws/install/rplidar_ros:/home/dhruv/ros2_ws/install/point_cloud_filter:/home/dhruv/ros2_sensor_ws/install/time_sync_tools:/home/dhruv/ros2_sensor_ws/install/pointcloud_filter:/opt/ros/humble'), ('SHELL', '/bin/bash'), ('TERMINATOR_UUID', 'urn:uuid:5129fe22-c7d4-488f-bfd7-4d0c38afa174'), ('QT_ACCESSIBILITY', '1'), ('GDMSESSION', 'ubuntu'), ('GJS_DEBUG_OUTPUT', 'stderr'), ('QT_IM_MODULE', 'ibus'), ('PWD', '/home/dhruv/ros2_sensor_ws/build/pointcloud_filter'), ('XDG_CONFIG_DIRS', '/etc/xdg/xdg-ubuntu:/etc/xdg'), ('XDG_DATA_DIRS', '/usr/share/ubuntu:/usr/local/share/:/usr/share/:/var/lib/snapd/desktop'), ('PYTHONPATH', '/home/dhruv/ros2_ws/install/point_cloud_filter/lib/python3.10/site-packages:/home/dhruv/ros2_sensor_ws/install/time_sync_tools/lib/python3.10/site-packages:/opt/ros/humble/lib/python3.10/site-packages:/opt/ros/humble/local/lib/python3.10/dist-packages'), ('COLCON', '1'), ('VTE_VERSION', '6800'), ('CMAKE_PREFIX_PATH', '/home/dhruv/ros2_ws/install/rplidar_ros:/home/dhruv/ros2_sensor_ws/install/pointcloud_filter:/home/dhruv/ros2_ws/install/point_cloud_filter:/home/dhruv/ros2_sensor_ws/install/time_sync_tools:/opt/ros/humble')]), 'shell': False}
[1.000914] (-) TimerEvent: {}
[1.007524] (pointcloud_filter) StdoutLine: {'line': b'\x1b[35m\x1b[1mConsolidate compiler generated dependencies of target passthrough_filter_node\x1b[0m\n'}
[1.007723] (pointcloud_filter) StdoutLine: {'line': b'\x1b[35m\x1b[1mConsolidate compiler generated dependencies of target voxel_grid_filter_node\x1b[0m\n'}
[1.022500] (pointcloud_filter) StdoutLine: {'line': b'[ 50%] \x1b[32m\x1b[1mLinking CXX executable voxel_grid_filter_node\x1b[0m\n'}
[1.022592] (pointcloud_filter) StdoutLine: {'line': b'[ 50%] \x1b[32m\x1b[1mLinking CXX executable passthrough_filter_node\x1b[0m\n'}
[1.101006] (-) TimerEvent: {}
[1.201216] (-) TimerEvent: {}
[1.301396] (-) TimerEvent: {}
[1.401554] (-) TimerEvent: {}
[1.501693] (-) TimerEvent: {}
[1.601978] (-) TimerEvent: {}
[1.667053] (pointcloud_filter) StdoutLine: {'line': b'[ 75%] Built target passthrough_filter_node\n'}
[1.675861] (pointcloud_filter) StdoutLine: {'line': b'[100%] Built target voxel_grid_filter_node\n'}
[1.682226] (pointcloud_filter) CommandEnded: {'returncode': 0}
[1.682629] (pointcloud_filter) JobProgress: {'identifier': 'pointcloud_filter', 'progress': 'install'}
[1.687352] (pointcloud_filter) Command: {'cmd': ['/usr/bin/cmake', '--install', '/home/dhruv/ros2_sensor_ws/build/pointcloud_filter'], 'cwd': '/home/dhruv/ros2_sensor_ws/build/pointcloud_filter', 'env': OrderedDict([('GJS_DEBUG_TOPICS', 'JS ERROR;JS LOG'), ('USER', 'dhruv'), ('XDG_SESSION_TYPE', 'wayland'), ('SHLVL', '1'), ('LD_LIBRARY_PATH', '/opt/ros/humble/opt/rviz_ogre_vendor/lib:/opt/ros/humble/lib/x86_64-linux-gnu:/opt/ros/humble/lib'), ('HOME', '/home/dhruv'), ('OLDPWD', '/home/dhruv/ros2_sensor_ws'), ('DESKTOP_SESSION', 'ubuntu'), ('GIO_LAUNCHED_DESKTOP_FILE', '/usr/share/applications/terminator.desktop'), ('ROS_PYTHON_VERSION', '3'), ('GNOME_SHELL_SESSION_MODE', 'ubuntu'), ('GTK_MODULES', 'gail:atk-bridge'), ('MANAGERPID', '1274'), ('SYSTEMD_EXEC_PID', '1457'), ('DBUS_SESSION_BUS_ADDRESS', 'unix:path=/run/user/1000/bus'), ('COLORTERM', 'truecolor'), ('TERMINATOR_DBUS_NAME', 'net.tenshu.Terminator25ef4b219e3b005583550f2b0f9f990c3'), ('GIO_LAUNCHED_DESKTOP_FILE_PID', '21098'), ('IM_CONFIG_PHASE', '1'), ('WAYLAND_DISPLAY', 'wayland-0'), ('COLCON_PREFIX_PATH', '/home/dhruv/ros2_sensor_ws/install:/home/dhruv/ros2_ws/install'), ('ROS_DISTRO', 'humble'), ('LOGNAME', 'dhruv'), ('JOURNAL_STREAM', '8:6031'), ('_', '/usr/bin/colcon'), ('ROS_VERSION', '2'), ('XDG_SESSION_CLASS', 'user'), ('USERNAME', 'dhruv'), ('TERM', 'xterm-256color'), ('GNOME_DESKTOP_SESSION_ID', 'this-is-deprecated'), ('ROS_LOCALHOST_ONLY', '0'), ('PATH', '/opt/ros/humble/bin:/usr/local/sbin:/usr/local/bin:/usr/sbin:/usr/bin:/sbin:/bin:/usr/games:/usr/local/games:/snap/bin:/snap/bin'), ('SESSION_MANAGER', 'local/dhruv-Predator-PH315-54:@/tmp/.ICE-unix/1403,unix/dhruv-Predator-PH315-54:/tmp/.ICE-unix/1403'), ('INVOCATION_ID', 'e5c7fc0d1503477fb1f03cafb88fea5e'), ('XDG_MENU_PREFIX', 'gnome-'), ('GNOME_SETUP_DISPLAY', ':1'), ('XDG_RUNTIME_DIR', '/run/user/1000'), ('DISPLAY', ':0'), ('TERMINATOR_DBUS_PATH', '/net/tenshu/Terminator2'), ('LANG', 'en_US.UTF-8'), ('XDG_CURRENT_DESKTOP', 'ubuntu:GNOME'), ('IBUS_DISABLE_SNOOPER', '1'), ('XMODIFIERS', '@im=ibus'), ('XDG_SESSION_DESKTOP', 'ubuntu'), ('XAUTHORITY', '/run/user/1000/.mutter-Xwaylandauth.Y78IL3'), ('SSH_AGENT_LAUNCHER', 'gnome-keyring'), ('SSH_AUTH_SOCK', '/run/user/1000/keyring/ssh'), ('AMENT_PREFIX_PATH', '/home/dhruv/ros2_ws/install/rplidar_ros:/home/dhruv/ros2_ws/install/point_cloud_filter:/home/dhruv/ros2_sensor_ws/install/time_sync_tools:/home/dhruv/ros2_sensor_ws/install/pointcloud_filter:/opt/ros/humble'), ('SHELL', '/bin/bash'), ('TERMINATOR_UUID', 'urn:uuid:5129fe22-c7d4-488f-bfd7-4d0c38afa174'), ('QT_ACCESSIBILITY', '1'), ('GDMSESSION', 'ubuntu'), ('GJS_DEBUG_OUTPUT', 'stderr'), ('QT_IM_MODULE', 'ibus'), ('PWD', '/home/dhruv/ros2_sensor_ws/build/pointcloud_filter'), ('XDG_CONFIG_DIRS', '/etc/xdg/xdg-ubuntu:/etc/xdg'), ('XDG_DATA_DIRS', '/usr/share/ubuntu:/usr/local/share/:/usr/share/:/var/lib/snapd/desktop'), ('PYTHONPATH', '/home/dhruv/ros2_ws/install/point_cloud_filter/lib/python3.10/site-packages:/home/dhruv/ros2_sensor_ws/install/time_sync_tools/lib/python3.10/site-packages:/opt/ros/humble/lib/python3.10/site-packages:/opt/ros/humble/local/lib/python3.10/dist-packages'), ('COLCON', '1'), ('VTE_VERSION', '6800'), ('CMAKE_PREFIX_PATH', '/home/dhruv/ros2_ws/install/rplidar_ros:/home/dhruv/ros2_sensor_ws/install/pointcloud_filter:/home/dhruv/ros2_ws/install/point_cloud_filter:/home/dhruv/ros2_sensor_ws/install/time_sync_tools:/opt/ros/humble')]), 'shell': False}
[1.691647] (pointcloud_filter) StdoutLine: {'line': b'-- Install configuration: ""\n'}
[1.691826] (pointcloud_filter) StdoutLine: {'line': b'-- Execute custom install script\n'}
[1.691999] (pointcloud_filter) StdoutLine: {'line': b'-- Symlinking: /home/dhruv/ros2_sensor_ws/install/pointcloud_filter/lib/pointcloud_filter/passthrough_filter_node\n'}
[1.696946] (pointcloud_filter) StdoutLine: {'line': b'-- Up-to-date symlink: /home/dhruv/ros2_sensor_ws/install/pointcloud_filter/lib/pointcloud_filter/passthrough_filter_node\n'}
[1.697018] (pointcloud_filter) StdoutLine: {'line': b'-- Symlinking: /home/dhruv/ros2_sensor_ws/install/pointcloud_filter/lib/pointcloud_filter/voxel_grid_filter_node\n'}
[1.701973] (pointcloud_filter) StdoutLine: {'line': b'-- Symlinking: /home/dhruv/ros2_sensor_ws/install/pointcloud_filter/share/ament_index/resource_index/package_run_dependencies/pointcloud_filter\n'}
[1.702059] (-) TimerEvent: {}
[1.708022] (pointcloud_filter) StdoutLine: {'line': b'-- Symlinking: /home/dhruv/ros2_sensor_ws/install/pointcloud_filter/share/ament_index/resource_index/parent_prefix_path/pointcloud_filter\n'}
[1.716348] (pointcloud_filter) StdoutLine: {'line': b'-- Symlinking: /home/dhruv/ros2_sensor_ws/install/pointcloud_filter/share/pointcloud_filter/environment/ament_prefix_path.sh\n'}
[1.723511] (pointcloud_filter) StdoutLine: {'line': b'-- Symlinking: /home/dhruv/ros2_sensor_ws/install/pointcloud_filter/share/pointcloud_filter/environment/ament_prefix_path.dsv\n'}
[1.730061] (pointcloud_filter) StdoutLine: {'line': b'-- Symlinking: /home/dhruv/ros2_sensor_ws/install/pointcloud_filter/share/pointcloud_filter/environment/path.sh\n'}
[1.734796] (pointcloud_filter) StdoutLine: {'line': b'-- Symlinking: /home/dhruv/ros2_sensor_ws/install/pointcloud_filter/share/pointcloud_filter/environment/path.dsv\n'}
[1.739215] (pointcloud_filter) StdoutLine: {'line': b'-- Symlinking: /home/dhruv/ros2_sensor_ws/install/pointcloud_filter/share/pointcloud_filter/local_setup.bash\n'}
[1.743483] (pointcloud_filter) StdoutLine: {'line': b'-- Symlinking: /home/dhruv/ros2_sensor_ws/install/pointcloud_filter/share/pointcloud_filter/local_setup.sh\n'}
[1.747737] (pointcloud_filter) StdoutLine: {'line': b'-- Symlinking: /home/dhruv/ros2_sensor_ws/install/pointcloud_filter/share/pointcloud_filter/local_setup.zsh\n'}
[1.751750] (pointcloud_filter) StdoutLine: {'line': b'-- Symlinking: /home/dhruv/ros2_sensor_ws/install/pointcloud_filter/share/pointcloud_filter/local_setup.dsv\n'}
[1.755973] (pointcloud_filter) StdoutLine: {'line': b'-- Symlinking: /home/dhruv/ros2_sensor_ws/install/pointcloud_filter/share/pointcloud_filter/package.dsv\n'}
[1.760380] (pointcloud_filter) StdoutLine: {'line': b'-- Symlinking: /home/dhruv/ros2_sensor_ws/install/pointcloud_filter/share/ament_index/resource_index/packages/pointcloud_filter\n'}
[1.764709] (pointcloud_filter) StdoutLine: {'line': b'-- Symlinking: /home/dhruv/ros2_sensor_ws/install/pointcloud_filter/share/pointcloud_filter/cmake/pointcloud_filterConfig.cmake\n'}
[1.768879] (pointcloud_filter) StdoutLine: {'line': b'-- Symlinking: /home/dhruv/ros2_sensor_ws/install/pointcloud_filter/share/pointcloud_filter/cmake/pointcloud_filterConfig-version.cmake\n'}
[1.773119] (pointcloud_filter) StdoutLine: {'line': b'-- Symlinking: /home/dhruv/ros2_sensor_ws/install/pointcloud_filter/share/pointcloud_filter/package.xml\n'}
[1.778277] (pointcloud_filter) CommandEnded: {'returncode': 0}
[1.787534] (pointcloud_filter) JobEnded: {'identifier': 'pointcloud_filter', 'rc': 0}
[1.788058] (-) EventReactorShutdown: {}
