[35m[1mConsolidate compiler generated dependencies of target voxel_grid_filter_node[0m
[ 50%] Built target passthrough_filter_node
[ 75%] [32mBuilding CXX object CMakeFiles/voxel_grid_filter_node.dir/src/voxel_grid_filter_node.cpp.o[0m
[100%] [32m[1mLinking CXX executable voxel_grid_filter_node[0m
[100%] Built target voxel_grid_filter_node
-- Install configuration: ""
-- Execute custom install script
-- Up-to-date symlink: /home/dhruv/ros2_sensor_ws/install/pointcloud_filter/lib/pointcloud_filter/passthrough_filter_node
-- Up-to-date symlink: /home/dhruv/ros2_sensor_ws/install/pointcloud_filter/lib/pointcloud_filter/passthrough_filter_node
-- Up-to-date symlink: /home/dhruv/ros2_sensor_ws/install/pointcloud_filter/lib/pointcloud_filter/voxel_grid_filter_node
-- Up-to-date symlink: /home/dhruv/ros2_sensor_ws/install/pointcloud_filter/share/ament_index/resource_index/package_run_dependencies/pointcloud_filter
-- Up-to-date symlink: /home/dhruv/ros2_sensor_ws/install/pointcloud_filter/share/ament_index/resource_index/parent_prefix_path/pointcloud_filter
-- Up-to-date symlink: /home/dhruv/ros2_sensor_ws/install/pointcloud_filter/share/pointcloud_filter/environment/ament_prefix_path.sh
-- Up-to-date symlink: /home/dhruv/ros2_sensor_ws/install/pointcloud_filter/share/pointcloud_filter/environment/ament_prefix_path.dsv
-- Up-to-date symlink: /home/dhruv/ros2_sensor_ws/install/pointcloud_filter/share/pointcloud_filter/environment/path.sh
-- Up-to-date symlink: /home/dhruv/ros2_sensor_ws/install/pointcloud_filter/share/pointcloud_filter/environment/path.dsv
-- Up-to-date symlink: /home/dhruv/ros2_sensor_ws/install/pointcloud_filter/share/pointcloud_filter/local_setup.bash
-- Up-to-date symlink: /home/dhruv/ros2_sensor_ws/install/pointcloud_filter/share/pointcloud_filter/local_setup.sh
-- Up-to-date symlink: /home/dhruv/ros2_sensor_ws/install/pointcloud_filter/share/pointcloud_filter/local_setup.zsh
-- Up-to-date symlink: /home/dhruv/ros2_sensor_ws/install/pointcloud_filter/share/pointcloud_filter/local_setup.dsv
-- Symlinking: /home/dhruv/ros2_sensor_ws/install/pointcloud_filter/share/pointcloud_filter/package.dsv
-- Up-to-date symlink: /home/dhruv/ros2_sensor_ws/install/pointcloud_filter/share/ament_index/resource_index/packages/pointcloud_filter
-- Up-to-date symlink: /home/dhruv/ros2_sensor_ws/install/pointcloud_filter/share/pointcloud_filter/cmake/pointcloud_filterConfig.cmake
-- Up-to-date symlink: /home/dhruv/ros2_sensor_ws/install/pointcloud_filter/share/pointcloud_filter/cmake/pointcloud_filterConfig-version.cmake
-- Up-to-date symlink: /home/dhruv/ros2_sensor_ws/install/pointcloud_filter/share/pointcloud_filter/package.xml
