[0.008s] Invoking command in '/home/dhruv/ros2_sensor_ws/build/pointcloud_filter': CMAKE_PREFIX_PATH=${CMAKE_PREFIX_PATH}:/home/dhruv/ros2_ws/install/point_cloud_filter:/home/dhruv/ros2_sensor_ws/install/time_sync_tools:/home/dhruv/ros2_sensor_ws/install/sensor_fusion_pkg:/opt/ros/humble /usr/bin/cmake --build /home/dhruv/ros2_sensor_ws/build/pointcloud_filter -- -j16 -l16
[0.041s] [35m[1mConsolidate compiler generated dependencies of target voxel_grid_filter_node[0m
[0.052s] [ 50%] Built target passthrough_filter_node
[0.057s] [ 75%] [32mBuilding CXX object CMakeFiles/voxel_grid_filter_node.dir/src/voxel_grid_filter_node.cpp.o[0m
[8.607s] [100%] [32m[1mLinking CXX executable voxel_grid_filter_node[0m
[9.243s] [100%] Built target voxel_grid_filter_node
[9.250s] Invoked command in '/home/dhruv/ros2_sensor_ws/build/pointcloud_filter' returned '0': CMAKE_PREFIX_PATH=${CMAKE_PREFIX_PATH}:/home/dhruv/ros2_ws/install/point_cloud_filter:/home/dhruv/ros2_sensor_ws/install/time_sync_tools:/home/dhruv/ros2_sensor_ws/install/sensor_fusion_pkg:/opt/ros/humble /usr/bin/cmake --build /home/dhruv/ros2_sensor_ws/build/pointcloud_filter -- -j16 -l16
[9.257s] Invoking command in '/home/dhruv/ros2_sensor_ws/build/pointcloud_filter': CMAKE_PREFIX_PATH=${CMAKE_PREFIX_PATH}:/home/dhruv/ros2_ws/install/point_cloud_filter:/home/dhruv/ros2_sensor_ws/install/time_sync_tools:/home/dhruv/ros2_sensor_ws/install/sensor_fusion_pkg:/opt/ros/humble /usr/bin/cmake --install /home/dhruv/ros2_sensor_ws/build/pointcloud_filter
[9.262s] -- Install configuration: ""
[9.262s] -- Execute custom install script
[9.262s] -- Up-to-date symlink: /home/dhruv/ros2_sensor_ws/install/pointcloud_filter/lib/pointcloud_filter/passthrough_filter_node
[9.262s] -- Up-to-date symlink: /home/dhruv/ros2_sensor_ws/install/pointcloud_filter/lib/pointcloud_filter/passthrough_filter_node
[9.262s] -- Up-to-date symlink: /home/dhruv/ros2_sensor_ws/install/pointcloud_filter/lib/pointcloud_filter/voxel_grid_filter_node
[9.262s] -- Up-to-date symlink: /home/dhruv/ros2_sensor_ws/install/pointcloud_filter/share/ament_index/resource_index/package_run_dependencies/pointcloud_filter
[9.262s] -- Up-to-date symlink: /home/dhruv/ros2_sensor_ws/install/pointcloud_filter/share/ament_index/resource_index/parent_prefix_path/pointcloud_filter
[9.262s] -- Up-to-date symlink: /home/dhruv/ros2_sensor_ws/install/pointcloud_filter/share/pointcloud_filter/environment/ament_prefix_path.sh
[9.263s] -- Up-to-date symlink: /home/dhruv/ros2_sensor_ws/install/pointcloud_filter/share/pointcloud_filter/environment/ament_prefix_path.dsv
[9.263s] -- Up-to-date symlink: /home/dhruv/ros2_sensor_ws/install/pointcloud_filter/share/pointcloud_filter/environment/path.sh
[9.263s] -- Up-to-date symlink: /home/dhruv/ros2_sensor_ws/install/pointcloud_filter/share/pointcloud_filter/environment/path.dsv
[9.263s] -- Up-to-date symlink: /home/dhruv/ros2_sensor_ws/install/pointcloud_filter/share/pointcloud_filter/local_setup.bash
[9.263s] -- Up-to-date symlink: /home/dhruv/ros2_sensor_ws/install/pointcloud_filter/share/pointcloud_filter/local_setup.sh
[9.263s] -- Up-to-date symlink: /home/dhruv/ros2_sensor_ws/install/pointcloud_filter/share/pointcloud_filter/local_setup.zsh
[9.263s] -- Up-to-date symlink: /home/dhruv/ros2_sensor_ws/install/pointcloud_filter/share/pointcloud_filter/local_setup.dsv
[9.263s] -- Symlinking: /home/dhruv/ros2_sensor_ws/install/pointcloud_filter/share/pointcloud_filter/package.dsv
[9.269s] -- Up-to-date symlink: /home/dhruv/ros2_sensor_ws/install/pointcloud_filter/share/ament_index/resource_index/packages/pointcloud_filter
[9.269s] -- Up-to-date symlink: /home/dhruv/ros2_sensor_ws/install/pointcloud_filter/share/pointcloud_filter/cmake/pointcloud_filterConfig.cmake
[9.269s] -- Up-to-date symlink: /home/dhruv/ros2_sensor_ws/install/pointcloud_filter/share/pointcloud_filter/cmake/pointcloud_filterConfig-version.cmake
[9.269s] -- Up-to-date symlink: /home/dhruv/ros2_sensor_ws/install/pointcloud_filter/share/pointcloud_filter/package.xml
[9.271s] Invoked command in '/home/dhruv/ros2_sensor_ws/build/pointcloud_filter' returned '0': CMAKE_PREFIX_PATH=${CMAKE_PREFIX_PATH}:/home/dhruv/ros2_ws/install/point_cloud_filter:/home/dhruv/ros2_sensor_ws/install/time_sync_tools:/home/dhruv/ros2_sensor_ws/install/sensor_fusion_pkg:/opt/ros/humble /usr/bin/cmake --install /home/dhruv/ros2_sensor_ws/build/pointcloud_filter
