[0.369s] Invoking command in '/home/dhruv/ros2_sensor_ws/src/sensor_fusion_pkg': PYTHONPATH=/home/dhruv/ros2_sensor_ws/build/sensor_fusion_pkg/prefix_override:/usr/lib/python3/dist-packages/colcon_core/task/python/colcon_distutils_commands:/home/dhruv/ros2_sensor_ws/install/sensor_fusion_pkg/lib/python3.10/site-packages:${PYTHONPATH} /usr/bin/python3 -W ignore:setup.py install is deprecated -W ignore:easy_install command is deprecated setup.py egg_info --egg-base ../../build/sensor_fusion_pkg build --build-base /home/dhruv/ros2_sensor_ws/build/sensor_fusion_pkg/build install --record /home/dhruv/ros2_sensor_ws/build/sensor_fusion_pkg/install.log --single-version-externally-managed install_data
[0.513s] running egg_info
[0.513s] creating ../../build/sensor_fusion_pkg/sensor_fusion_pkg.egg-info
[0.513s] writing ../../build/sensor_fusion_pkg/sensor_fusion_pkg.egg-info/PKG-INFO
[0.513s] writing dependency_links to ../../build/sensor_fusion_pkg/sensor_fusion_pkg.egg-info/dependency_links.txt
[0.513s] writing entry points to ../../build/sensor_fusion_pkg/sensor_fusion_pkg.egg-info/entry_points.txt
[0.513s] writing requirements to ../../build/sensor_fusion_pkg/sensor_fusion_pkg.egg-info/requires.txt
[0.514s] writing top-level names to ../../build/sensor_fusion_pkg/sensor_fusion_pkg.egg-info/top_level.txt
[0.514s] writing manifest file '../../build/sensor_fusion_pkg/sensor_fusion_pkg.egg-info/SOURCES.txt'
[0.514s] reading manifest file '../../build/sensor_fusion_pkg/sensor_fusion_pkg.egg-info/SOURCES.txt'
[0.515s] writing manifest file '../../build/sensor_fusion_pkg/sensor_fusion_pkg.egg-info/SOURCES.txt'
[0.515s] running build
[0.515s] running build_py
[0.515s] creating /home/dhruv/ros2_sensor_ws/build/sensor_fusion_pkg/build
[0.515s] creating /home/dhruv/ros2_sensor_ws/build/sensor_fusion_pkg/build/lib
[0.515s] creating /home/dhruv/ros2_sensor_ws/build/sensor_fusion_pkg/build/lib/sensor_fusion_pkg
[0.515s] copying sensor_fusion_pkg/fusion.py -> /home/dhruv/ros2_sensor_ws/build/sensor_fusion_pkg/build/lib/sensor_fusion_pkg
[0.515s] copying sensor_fusion_pkg/__init__.py -> /home/dhruv/ros2_sensor_ws/build/sensor_fusion_pkg/build/lib/sensor_fusion_pkg
[0.515s] copying sensor_fusion_pkg/time_sync_monitor.py -> /home/dhruv/ros2_sensor_ws/build/sensor_fusion_pkg/build/lib/sensor_fusion_pkg
[0.516s] copying sensor_fusion_pkg/lidar_to_pointcloud.py -> /home/dhruv/ros2_sensor_ws/build/sensor_fusion_pkg/build/lib/sensor_fusion_pkg
[0.516s] running install
[0.516s] running install_lib
[0.516s] creating /home/dhruv/ros2_sensor_ws/install/sensor_fusion_pkg/lib/python3.10/site-packages/sensor_fusion_pkg
[0.516s] copying /home/dhruv/ros2_sensor_ws/build/sensor_fusion_pkg/build/lib/sensor_fusion_pkg/fusion.py -> /home/dhruv/ros2_sensor_ws/install/sensor_fusion_pkg/lib/python3.10/site-packages/sensor_fusion_pkg
[0.516s] copying /home/dhruv/ros2_sensor_ws/build/sensor_fusion_pkg/build/lib/sensor_fusion_pkg/__init__.py -> /home/dhruv/ros2_sensor_ws/install/sensor_fusion_pkg/lib/python3.10/site-packages/sensor_fusion_pkg
[0.516s] copying /home/dhruv/ros2_sensor_ws/build/sensor_fusion_pkg/build/lib/sensor_fusion_pkg/time_sync_monitor.py -> /home/dhruv/ros2_sensor_ws/install/sensor_fusion_pkg/lib/python3.10/site-packages/sensor_fusion_pkg
[0.516s] copying /home/dhruv/ros2_sensor_ws/build/sensor_fusion_pkg/build/lib/sensor_fusion_pkg/lidar_to_pointcloud.py -> /home/dhruv/ros2_sensor_ws/install/sensor_fusion_pkg/lib/python3.10/site-packages/sensor_fusion_pkg
[0.516s] byte-compiling /home/dhruv/ros2_sensor_ws/install/sensor_fusion_pkg/lib/python3.10/site-packages/sensor_fusion_pkg/fusion.py to fusion.cpython-310.pyc
[0.517s] byte-compiling /home/dhruv/ros2_sensor_ws/install/sensor_fusion_pkg/lib/python3.10/site-packages/sensor_fusion_pkg/__init__.py to __init__.cpython-310.pyc
[0.517s] byte-compiling /home/dhruv/ros2_sensor_ws/install/sensor_fusion_pkg/lib/python3.10/site-packages/sensor_fusion_pkg/time_sync_monitor.py to time_sync_monitor.cpython-310.pyc
[0.518s] byte-compiling /home/dhruv/ros2_sensor_ws/install/sensor_fusion_pkg/lib/python3.10/site-packages/sensor_fusion_pkg/lidar_to_pointcloud.py to lidar_to_pointcloud.cpython-310.pyc
[0.518s] running install_data
[0.518s] creating /home/dhruv/ros2_sensor_ws/install/sensor_fusion_pkg/share/ament_index
[0.518s] creating /home/dhruv/ros2_sensor_ws/install/sensor_fusion_pkg/share/ament_index/resource_index
[0.518s] creating /home/dhruv/ros2_sensor_ws/install/sensor_fusion_pkg/share/ament_index/resource_index/packages
[0.518s] copying resource/sensor_fusion_pkg -> /home/dhruv/ros2_sensor_ws/install/sensor_fusion_pkg/share/ament_index/resource_index/packages
[0.518s] copying package.xml -> /home/dhruv/ros2_sensor_ws/install/sensor_fusion_pkg/share/sensor_fusion_pkg
[0.518s] creating /home/dhruv/ros2_sensor_ws/install/sensor_fusion_pkg/share/sensor_fusion_pkg/launch
[0.518s] copying launch/complete_pipeline.launch.py -> /home/dhruv/ros2_sensor_ws/install/sensor_fusion_pkg/share/sensor_fusion_pkg/launch
[0.518s] running install_egg_info
[0.519s] Copying ../../build/sensor_fusion_pkg/sensor_fusion_pkg.egg-info to /home/dhruv/ros2_sensor_ws/install/sensor_fusion_pkg/lib/python3.10/site-packages/sensor_fusion_pkg-0.0.0-py3.10.egg-info
[0.520s] running install_scripts
[0.532s] Installing fusion script to /home/dhruv/ros2_sensor_ws/install/sensor_fusion_pkg/lib/sensor_fusion_pkg
[0.533s] Installing lidar_to_pointcloud script to /home/dhruv/ros2_sensor_ws/install/sensor_fusion_pkg/lib/sensor_fusion_pkg
[0.533s] Installing time_sync_monitor script to /home/dhruv/ros2_sensor_ws/install/sensor_fusion_pkg/lib/sensor_fusion_pkg
[0.533s] Installing voxel_filter script to /home/dhruv/ros2_sensor_ws/install/sensor_fusion_pkg/lib/sensor_fusion_pkg
[0.533s] writing list of installed files to '/home/dhruv/ros2_sensor_ws/build/sensor_fusion_pkg/install.log'
[0.546s] Invoked command in '/home/dhruv/ros2_sensor_ws/src/sensor_fusion_pkg' returned '0': PYTHONPATH=/home/dhruv/ros2_sensor_ws/build/sensor_fusion_pkg/prefix_override:/usr/lib/python3/dist-packages/colcon_core/task/python/colcon_distutils_commands:/home/dhruv/ros2_sensor_ws/install/sensor_fusion_pkg/lib/python3.10/site-packages:${PYTHONPATH} /usr/bin/python3 -W ignore:setup.py install is deprecated -W ignore:easy_install command is deprecated setup.py egg_info --egg-base ../../build/sensor_fusion_pkg build --build-base /home/dhruv/ros2_sensor_ws/build/sensor_fusion_pkg/build install --record /home/dhruv/ros2_sensor_ws/build/sensor_fusion_pkg/install.log --single-version-externally-managed install_data
