[0.068s] DEBUG:colcon:Command line arguments: ['/usr/bin/colcon', 'build']
[0.068s] DEBUG:colcon:Parsed command line arguments: Namespace(log_base=None, log_level=None, verb_name='build', build_base='build', install_base='install', merge_install=False, symlink_install=False, test_result_base=None, continue_on_error=False, executor='parallel', parallel_workers=16, event_handlers=None, ignore_user_meta=False, metas=['./colcon.meta'], base_paths=['.'], packages_ignore=None, packages_ignore_regex=None, paths=None, packages_up_to=None, packages_up_to_regex=None, packages_above=None, packages_above_and_dependencies=None, packages_above_depth=None, packages_select_by_dep=None, packages_skip_by_dep=None, packages_skip_up_to=None, packages_select_build_failed=False, packages_skip_build_finished=False, packages_select_test_failures=False, packages_skip_test_passed=False, packages_select=None, packages_skip=None, packages_select_regex=None, packages_skip_regex=None, packages_start=None, packages_end=None, allow_overriding=[], cmake_args=None, cmake_target=None, cmake_target_skip_unavailable=False, cmake_clean_cache=False, cmake_clean_first=False, cmake_force_configure=False, ament_cmake_args=None, catkin_cmake_args=None, catkin_skip_building_tests=False, mixin_files=None, mixin=None, verb_parser=<colcon_mixin.mixin.mixin_argument.MixinArgumentDecorator object at 0x7cdd73c56d70>, verb_extension=<colcon_core.verb.build.BuildVerb object at 0x7cdd73d4bc10>, main=<bound method BuildVerb.main of <colcon_core.verb.build.BuildVerb object at 0x7cdd73d4bc10>>, mixin_verb=('build',))
[0.172s] Level 1:colcon.colcon_core.package_discovery:discover_packages(colcon_meta) check parameters
[0.173s] Level 1:colcon.colcon_core.package_discovery:discover_packages(recursive) check parameters
[0.173s] Level 1:colcon.colcon_core.package_discovery:discover_packages(ignore) check parameters
[0.173s] Level 1:colcon.colcon_core.package_discovery:discover_packages(path) check parameters
[0.173s] Level 1:colcon.colcon_core.package_discovery:discover_packages(colcon_meta) discover
[0.173s] Level 1:colcon.colcon_core.package_discovery:discover_packages(recursive) discover
[0.173s] INFO:colcon.colcon_core.package_discovery:Crawling recursively for packages in '/home/dhruv/ros2_sensor_ws'
[0.201s] Level 1:colcon.colcon_core.package_identification:_identify(.) by extensions ['ignore', 'ignore_ament_install']
[0.201s] Level 1:colcon.colcon_core.package_identification:_identify(.) by extension 'ignore'
[0.201s] Level 1:colcon.colcon_core.package_identification:_identify(.) by extension 'ignore_ament_install'
[0.201s] Level 1:colcon.colcon_core.package_identification:_identify(.) by extensions ['colcon_pkg']
[0.201s] Level 1:colcon.colcon_core.package_identification:_identify(.) by extension 'colcon_pkg'
[0.201s] Level 1:colcon.colcon_core.package_identification:_identify(.) by extensions ['colcon_meta']
[0.201s] Level 1:colcon.colcon_core.package_identification:_identify(.) by extension 'colcon_meta'
[0.201s] Level 1:colcon.colcon_core.package_identification:_identify(.) by extensions ['ros']
[0.201s] Level 1:colcon.colcon_core.package_identification:_identify(.) by extension 'ros'
[0.208s] Level 1:colcon.colcon_core.package_identification:_identify(.) by extensions ['cmake', 'python']
[0.209s] Level 1:colcon.colcon_core.package_identification:_identify(.) by extension 'cmake'
[0.209s] Level 1:colcon.colcon_core.package_identification:_identify(.) by extension 'python'
[0.209s] Level 1:colcon.colcon_core.package_identification:_identify(.) by extensions ['python_setup_py']
[0.209s] Level 1:colcon.colcon_core.package_identification:_identify(.) by extension 'python_setup_py'
[0.209s] Level 1:colcon.colcon_core.package_identification:_identify(build) by extensions ['ignore', 'ignore_ament_install']
[0.209s] Level 1:colcon.colcon_core.package_identification:_identify(build) by extension 'ignore'
[0.209s] Level 1:colcon.colcon_core.package_identification:_identify(build) ignored
[0.209s] Level 1:colcon.colcon_core.package_identification:_identify(install) by extensions ['ignore', 'ignore_ament_install']
[0.209s] Level 1:colcon.colcon_core.package_identification:_identify(install) by extension 'ignore'
[0.209s] Level 1:colcon.colcon_core.package_identification:_identify(install) ignored
[0.209s] Level 1:colcon.colcon_core.package_identification:_identify(log) by extensions ['ignore', 'ignore_ament_install']
[0.209s] Level 1:colcon.colcon_core.package_identification:_identify(log) by extension 'ignore'
[0.209s] Level 1:colcon.colcon_core.package_identification:_identify(log) ignored
[0.209s] Level 1:colcon.colcon_core.package_identification:_identify(src) by extensions ['ignore', 'ignore_ament_install']
[0.210s] Level 1:colcon.colcon_core.package_identification:_identify(src) by extension 'ignore'
[0.210s] Level 1:colcon.colcon_core.package_identification:_identify(src) by extension 'ignore_ament_install'
[0.210s] Level 1:colcon.colcon_core.package_identification:_identify(src) by extensions ['colcon_pkg']
[0.210s] Level 1:colcon.colcon_core.package_identification:_identify(src) by extension 'colcon_pkg'
[0.210s] Level 1:colcon.colcon_core.package_identification:_identify(src) by extensions ['colcon_meta']
[0.210s] Level 1:colcon.colcon_core.package_identification:_identify(src) by extension 'colcon_meta'
[0.210s] Level 1:colcon.colcon_core.package_identification:_identify(src) by extensions ['ros']
[0.210s] Level 1:colcon.colcon_core.package_identification:_identify(src) by extension 'ros'
[0.210s] Level 1:colcon.colcon_core.package_identification:_identify(src) by extensions ['cmake', 'python']
[0.210s] Level 1:colcon.colcon_core.package_identification:_identify(src) by extension 'cmake'
[0.210s] Level 1:colcon.colcon_core.package_identification:_identify(src) by extension 'python'
[0.210s] Level 1:colcon.colcon_core.package_identification:_identify(src) by extensions ['python_setup_py']
[0.210s] Level 1:colcon.colcon_core.package_identification:_identify(src) by extension 'python_setup_py'
[0.210s] Level 1:colcon.colcon_core.package_identification:_identify(src/pointcloud_filter) by extensions ['ignore', 'ignore_ament_install']
[0.210s] Level 1:colcon.colcon_core.package_identification:_identify(src/pointcloud_filter) by extension 'ignore'
[0.210s] Level 1:colcon.colcon_core.package_identification:_identify(src/pointcloud_filter) by extension 'ignore_ament_install'
[0.210s] Level 1:colcon.colcon_core.package_identification:_identify(src/pointcloud_filter) by extensions ['colcon_pkg']
[0.210s] Level 1:colcon.colcon_core.package_identification:_identify(src/pointcloud_filter) by extension 'colcon_pkg'
[0.210s] Level 1:colcon.colcon_core.package_identification:_identify(src/pointcloud_filter) by extensions ['colcon_meta']
[0.210s] Level 1:colcon.colcon_core.package_identification:_identify(src/pointcloud_filter) by extension 'colcon_meta'
[0.210s] Level 1:colcon.colcon_core.package_identification:_identify(src/pointcloud_filter) by extensions ['ros']
[0.210s] Level 1:colcon.colcon_core.package_identification:_identify(src/pointcloud_filter) by extension 'ros'
[0.212s] DEBUG:colcon.colcon_core.package_identification:Package 'src/pointcloud_filter' with type 'ros.ament_cmake' and name 'pointcloud_filter'
[0.212s] Level 1:colcon.colcon_core.package_identification:_identify(src/sensor_fusion_pkg) by extensions ['ignore', 'ignore_ament_install']
[0.212s] Level 1:colcon.colcon_core.package_identification:_identify(src/sensor_fusion_pkg) by extension 'ignore'
[0.212s] Level 1:colcon.colcon_core.package_identification:_identify(src/sensor_fusion_pkg) by extension 'ignore_ament_install'
[0.212s] Level 1:colcon.colcon_core.package_identification:_identify(src/sensor_fusion_pkg) by extensions ['colcon_pkg']
[0.213s] Level 1:colcon.colcon_core.package_identification:_identify(src/sensor_fusion_pkg) by extension 'colcon_pkg'
[0.213s] Level 1:colcon.colcon_core.package_identification:_identify(src/sensor_fusion_pkg) by extensions ['colcon_meta']
[0.213s] Level 1:colcon.colcon_core.package_identification:_identify(src/sensor_fusion_pkg) by extension 'colcon_meta'
[0.213s] Level 1:colcon.colcon_core.package_identification:_identify(src/sensor_fusion_pkg) by extensions ['ros']
[0.213s] Level 1:colcon.colcon_core.package_identification:_identify(src/sensor_fusion_pkg) by extension 'ros'
[0.213s] DEBUG:colcon.colcon_core.package_identification:Package 'src/sensor_fusion_pkg' with type 'ros.ament_python' and name 'sensor_fusion_pkg'
[0.213s] Level 1:colcon.colcon_core.package_identification:_identify(src/time_sync_tools) by extensions ['ignore', 'ignore_ament_install']
[0.213s] Level 1:colcon.colcon_core.package_identification:_identify(src/time_sync_tools) by extension 'ignore'
[0.213s] Level 1:colcon.colcon_core.package_identification:_identify(src/time_sync_tools) by extension 'ignore_ament_install'
[0.213s] Level 1:colcon.colcon_core.package_identification:_identify(src/time_sync_tools) by extensions ['colcon_pkg']
[0.214s] Level 1:colcon.colcon_core.package_identification:_identify(src/time_sync_tools) by extension 'colcon_pkg'
[0.214s] Level 1:colcon.colcon_core.package_identification:_identify(src/time_sync_tools) by extensions ['colcon_meta']
[0.214s] Level 1:colcon.colcon_core.package_identification:_identify(src/time_sync_tools) by extension 'colcon_meta'
[0.214s] Level 1:colcon.colcon_core.package_identification:_identify(src/time_sync_tools) by extensions ['ros']
[0.214s] Level 1:colcon.colcon_core.package_identification:_identify(src/time_sync_tools) by extension 'ros'
[0.214s] DEBUG:colcon.colcon_core.package_identification:Package 'src/time_sync_tools' with type 'ros.ament_python' and name 'time_sync_tools'
[0.214s] Level 1:colcon.colcon_core.package_discovery:discover_packages(recursive) using defaults
[0.214s] Level 1:colcon.colcon_core.package_discovery:discover_packages(ignore) discover
[0.214s] Level 1:colcon.colcon_core.package_discovery:discover_packages(ignore) using defaults
[0.214s] Level 1:colcon.colcon_core.package_discovery:discover_packages(path) discover
[0.214s] Level 1:colcon.colcon_core.package_discovery:discover_packages(path) using defaults
[0.234s] Level 1:colcon.colcon_core.package_discovery:discover_packages(prefix_path) check parameters
[0.234s] Level 1:colcon.colcon_core.package_discovery:discover_packages(prefix_path) discover
[0.235s] DEBUG:colcon.colcon_installed_package_information.package_discovery:Found 3 installed packages in /home/dhruv/ros2_sensor_ws/install
[0.235s] DEBUG:colcon.colcon_installed_package_information.package_discovery:Found 2 installed packages in /home/dhruv/ros2_ws/install
[0.236s] DEBUG:colcon.colcon_installed_package_information.package_discovery:Found 278 installed packages in /opt/ros/humble
[0.237s] Level 1:colcon.colcon_core.package_discovery:discover_packages(prefix_path) using defaults
[0.260s] Level 5:colcon.colcon_core.verb:set package 'pointcloud_filter' build argument 'cmake_args' from command line to 'None'
[0.260s] Level 5:colcon.colcon_core.verb:set package 'pointcloud_filter' build argument 'cmake_target' from command line to 'None'
[0.260s] Level 5:colcon.colcon_core.verb:set package 'pointcloud_filter' build argument 'cmake_target_skip_unavailable' from command line to 'False'
[0.260s] Level 5:colcon.colcon_core.verb:set package 'pointcloud_filter' build argument 'cmake_clean_cache' from command line to 'False'
[0.260s] Level 5:colcon.colcon_core.verb:set package 'pointcloud_filter' build argument 'cmake_clean_first' from command line to 'False'
[0.260s] Level 5:colcon.colcon_core.verb:set package 'pointcloud_filter' build argument 'cmake_force_configure' from command line to 'False'
[0.260s] Level 5:colcon.colcon_core.verb:set package 'pointcloud_filter' build argument 'ament_cmake_args' from command line to 'None'
[0.260s] Level 5:colcon.colcon_core.verb:set package 'pointcloud_filter' build argument 'catkin_cmake_args' from command line to 'None'
[0.260s] Level 5:colcon.colcon_core.verb:set package 'pointcloud_filter' build argument 'catkin_skip_building_tests' from command line to 'False'
[0.260s] DEBUG:colcon.colcon_core.verb:Building package 'pointcloud_filter' with the following arguments: {'ament_cmake_args': None, 'build_base': '/home/dhruv/ros2_sensor_ws/build/pointcloud_filter', 'catkin_cmake_args': None, 'catkin_skip_building_tests': False, 'cmake_args': None, 'cmake_clean_cache': False, 'cmake_clean_first': False, 'cmake_force_configure': False, 'cmake_target': None, 'cmake_target_skip_unavailable': False, 'install_base': '/home/dhruv/ros2_sensor_ws/install/pointcloud_filter', 'merge_install': False, 'path': '/home/dhruv/ros2_sensor_ws/src/pointcloud_filter', 'symlink_install': False, 'test_result_base': None}
[0.260s] Level 5:colcon.colcon_core.verb:set package 'sensor_fusion_pkg' build argument 'cmake_args' from command line to 'None'
[0.260s] Level 5:colcon.colcon_core.verb:set package 'sensor_fusion_pkg' build argument 'cmake_target' from command line to 'None'
[0.260s] Level 5:colcon.colcon_core.verb:set package 'sensor_fusion_pkg' build argument 'cmake_target_skip_unavailable' from command line to 'False'
[0.260s] Level 5:colcon.colcon_core.verb:set package 'sensor_fusion_pkg' build argument 'cmake_clean_cache' from command line to 'False'
[0.260s] Level 5:colcon.colcon_core.verb:set package 'sensor_fusion_pkg' build argument 'cmake_clean_first' from command line to 'False'
[0.260s] Level 5:colcon.colcon_core.verb:set package 'sensor_fusion_pkg' build argument 'cmake_force_configure' from command line to 'False'
[0.260s] Level 5:colcon.colcon_core.verb:set package 'sensor_fusion_pkg' build argument 'ament_cmake_args' from command line to 'None'
[0.260s] Level 5:colcon.colcon_core.verb:set package 'sensor_fusion_pkg' build argument 'catkin_cmake_args' from command line to 'None'
[0.260s] Level 5:colcon.colcon_core.verb:set package 'sensor_fusion_pkg' build argument 'catkin_skip_building_tests' from command line to 'False'
[0.260s] DEBUG:colcon.colcon_core.verb:Building package 'sensor_fusion_pkg' with the following arguments: {'ament_cmake_args': None, 'build_base': '/home/dhruv/ros2_sensor_ws/build/sensor_fusion_pkg', 'catkin_cmake_args': None, 'catkin_skip_building_tests': False, 'cmake_args': None, 'cmake_clean_cache': False, 'cmake_clean_first': False, 'cmake_force_configure': False, 'cmake_target': None, 'cmake_target_skip_unavailable': False, 'install_base': '/home/dhruv/ros2_sensor_ws/install/sensor_fusion_pkg', 'merge_install': False, 'path': '/home/dhruv/ros2_sensor_ws/src/sensor_fusion_pkg', 'symlink_install': False, 'test_result_base': None}
[0.260s] Level 5:colcon.colcon_core.verb:set package 'time_sync_tools' build argument 'cmake_args' from command line to 'None'
[0.260s] Level 5:colcon.colcon_core.verb:set package 'time_sync_tools' build argument 'cmake_target' from command line to 'None'
[0.261s] Level 5:colcon.colcon_core.verb:set package 'time_sync_tools' build argument 'cmake_target_skip_unavailable' from command line to 'False'
[0.261s] Level 5:colcon.colcon_core.verb:set package 'time_sync_tools' build argument 'cmake_clean_cache' from command line to 'False'
[0.261s] Level 5:colcon.colcon_core.verb:set package 'time_sync_tools' build argument 'cmake_clean_first' from command line to 'False'
[0.261s] Level 5:colcon.colcon_core.verb:set package 'time_sync_tools' build argument 'cmake_force_configure' from command line to 'False'
[0.261s] Level 5:colcon.colcon_core.verb:set package 'time_sync_tools' build argument 'ament_cmake_args' from command line to 'None'
[0.261s] Level 5:colcon.colcon_core.verb:set package 'time_sync_tools' build argument 'catkin_cmake_args' from command line to 'None'
[0.261s] Level 5:colcon.colcon_core.verb:set package 'time_sync_tools' build argument 'catkin_skip_building_tests' from command line to 'False'
[0.261s] DEBUG:colcon.colcon_core.verb:Building package 'time_sync_tools' with the following arguments: {'ament_cmake_args': None, 'build_base': '/home/dhruv/ros2_sensor_ws/build/time_sync_tools', 'catkin_cmake_args': None, 'catkin_skip_building_tests': False, 'cmake_args': None, 'cmake_clean_cache': False, 'cmake_clean_first': False, 'cmake_force_configure': False, 'cmake_target': None, 'cmake_target_skip_unavailable': False, 'install_base': '/home/dhruv/ros2_sensor_ws/install/time_sync_tools', 'merge_install': False, 'path': '/home/dhruv/ros2_sensor_ws/src/time_sync_tools', 'symlink_install': False, 'test_result_base': None}
[0.261s] INFO:colcon.colcon_core.executor:Executing jobs using 'parallel' executor
[0.261s] DEBUG:colcon.colcon_parallel_executor.executor.parallel:run_until_complete
[0.262s] INFO:colcon.colcon_ros.task.ament_cmake.build:Building ROS package in '/home/dhruv/ros2_sensor_ws/src/pointcloud_filter' with build type 'ament_cmake'
[0.262s] INFO:colcon.colcon_cmake.task.cmake.build:Building CMake package in '/home/dhruv/ros2_sensor_ws/src/pointcloud_filter'
[0.263s] INFO:colcon.colcon_core.plugin_system:Skipping extension 'colcon_core.shell.bat': Not used on non-Windows systems
[0.263s] INFO:colcon.colcon_core.shell:Skip shell extension 'powershell' for command environment: Not usable outside of PowerShell
[0.263s] DEBUG:colcon.colcon_core.shell:Skip shell extension 'dsv' for command environment
[0.265s] INFO:colcon.colcon_ros.task.ament_python.build:Building ROS package in '/home/dhruv/ros2_sensor_ws/src/sensor_fusion_pkg' with build type 'ament_python'
[0.265s] Level 1:colcon.colcon_core.shell:create_environment_hook('sensor_fusion_pkg', 'ament_prefix_path')
[0.266s] INFO:colcon.colcon_core.shell:Creating environment hook '/home/dhruv/ros2_sensor_ws/install/sensor_fusion_pkg/share/sensor_fusion_pkg/hook/ament_prefix_path.ps1'
[0.266s] INFO:colcon.colcon_core.shell:Creating environment descriptor '/home/dhruv/ros2_sensor_ws/install/sensor_fusion_pkg/share/sensor_fusion_pkg/hook/ament_prefix_path.dsv'
[0.266s] INFO:colcon.colcon_core.shell:Creating environment hook '/home/dhruv/ros2_sensor_ws/install/sensor_fusion_pkg/share/sensor_fusion_pkg/hook/ament_prefix_path.sh'
[0.267s] INFO:colcon.colcon_core.shell:Skip shell extension 'powershell' for command environment: Not usable outside of PowerShell
[0.267s] DEBUG:colcon.colcon_core.shell:Skip shell extension 'dsv' for command environment
[0.269s] INFO:colcon.colcon_ros.task.ament_python.build:Building ROS package in '/home/dhruv/ros2_sensor_ws/src/time_sync_tools' with build type 'ament_python'
[0.269s] Level 1:colcon.colcon_core.shell:create_environment_hook('time_sync_tools', 'ament_prefix_path')
[0.269s] INFO:colcon.colcon_core.shell:Creating environment hook '/home/dhruv/ros2_sensor_ws/install/time_sync_tools/share/time_sync_tools/hook/ament_prefix_path.ps1'
[0.269s] INFO:colcon.colcon_core.shell:Creating environment descriptor '/home/dhruv/ros2_sensor_ws/install/time_sync_tools/share/time_sync_tools/hook/ament_prefix_path.dsv'
[0.269s] INFO:colcon.colcon_core.shell:Creating environment hook '/home/dhruv/ros2_sensor_ws/install/time_sync_tools/share/time_sync_tools/hook/ament_prefix_path.sh'
[0.270s] INFO:colcon.colcon_core.shell:Skip shell extension 'powershell' for command environment: Not usable outside of PowerShell
[0.270s] DEBUG:colcon.colcon_core.shell:Skip shell extension 'dsv' for command environment
[0.275s] DEBUG:colcon.colcon_core.event_handler.log_command:Invoking command in '/home/dhruv/ros2_sensor_ws/build/pointcloud_filter': CMAKE_PREFIX_PATH=${CMAKE_PREFIX_PATH}:/home/dhruv/ros2_ws/install/point_cloud_filter:/home/dhruv/ros2_sensor_ws/install/time_sync_tools:/home/dhruv/ros2_sensor_ws/install/sensor_fusion_pkg:/opt/ros/humble /usr/bin/cmake --build /home/dhruv/ros2_sensor_ws/build/pointcloud_filter -- -j16 -l16
[0.440s] INFO:colcon.colcon_core.task.python.build:Building Python package in '/home/dhruv/ros2_sensor_ws/src/sensor_fusion_pkg'
[0.441s] INFO:colcon.colcon_core.shell:Skip shell extension 'powershell' for command environment: Not usable outside of PowerShell
[0.441s] DEBUG:colcon.colcon_core.shell:Skip shell extension 'dsv' for command environment
[0.606s] INFO:colcon.colcon_core.task.python.build:Building Python package in '/home/dhruv/ros2_sensor_ws/src/time_sync_tools'
[0.607s] INFO:colcon.colcon_core.shell:Skip shell extension 'powershell' for command environment: Not usable outside of PowerShell
[0.607s] DEBUG:colcon.colcon_core.shell:Skip shell extension 'dsv' for command environment
[0.610s] DEBUG:colcon.colcon_core.event_handler.log_command:Invoked command in '/home/dhruv/ros2_sensor_ws/build/pointcloud_filter' returned '0': CMAKE_PREFIX_PATH=${CMAKE_PREFIX_PATH}:/home/dhruv/ros2_ws/install/point_cloud_filter:/home/dhruv/ros2_sensor_ws/install/time_sync_tools:/home/dhruv/ros2_sensor_ws/install/sensor_fusion_pkg:/opt/ros/humble /usr/bin/cmake --build /home/dhruv/ros2_sensor_ws/build/pointcloud_filter -- -j16 -l16
[0.616s] DEBUG:colcon.colcon_core.event_handler.log_command:Invoking command in '/home/dhruv/ros2_sensor_ws/build/pointcloud_filter': CMAKE_PREFIX_PATH=${CMAKE_PREFIX_PATH}:/home/dhruv/ros2_ws/install/point_cloud_filter:/home/dhruv/ros2_sensor_ws/install/time_sync_tools:/home/dhruv/ros2_sensor_ws/install/sensor_fusion_pkg:/opt/ros/humble /usr/bin/cmake --install /home/dhruv/ros2_sensor_ws/build/pointcloud_filter
[0.631s] Level 1:colcon.colcon_core.environment:create_environment_scripts_only(pointcloud_filter)
[0.631s] DEBUG:colcon.colcon_core.event_handler.log_command:Invoked command in '/home/dhruv/ros2_sensor_ws/build/pointcloud_filter' returned '0': CMAKE_PREFIX_PATH=${CMAKE_PREFIX_PATH}:/home/dhruv/ros2_ws/install/point_cloud_filter:/home/dhruv/ros2_sensor_ws/install/time_sync_tools:/home/dhruv/ros2_sensor_ws/install/sensor_fusion_pkg:/opt/ros/humble /usr/bin/cmake --install /home/dhruv/ros2_sensor_ws/build/pointcloud_filter
[0.632s] Level 1:colcon.colcon_core.environment:checking '/home/dhruv/ros2_sensor_ws/install/pointcloud_filter' for CMake module files
[0.633s] Level 1:colcon.colcon_core.environment:checking '/home/dhruv/ros2_sensor_ws/install/pointcloud_filter' for CMake config files
[0.633s] Level 1:colcon.colcon_core.shell:create_environment_hook('pointcloud_filter', 'cmake_prefix_path')
[0.633s] INFO:colcon.colcon_core.shell:Creating environment hook '/home/dhruv/ros2_sensor_ws/install/pointcloud_filter/share/pointcloud_filter/hook/cmake_prefix_path.ps1'
[0.633s] INFO:colcon.colcon_core.shell:Creating environment descriptor '/home/dhruv/ros2_sensor_ws/install/pointcloud_filter/share/pointcloud_filter/hook/cmake_prefix_path.dsv'
[0.634s] INFO:colcon.colcon_core.shell:Creating environment hook '/home/dhruv/ros2_sensor_ws/install/pointcloud_filter/share/pointcloud_filter/hook/cmake_prefix_path.sh'
[0.634s] Level 1:colcon.colcon_core.environment:checking '/home/dhruv/ros2_sensor_ws/install/pointcloud_filter/lib'
[0.634s] Level 1:colcon.colcon_core.environment:checking '/home/dhruv/ros2_sensor_ws/install/pointcloud_filter/bin'
[0.634s] Level 1:colcon.colcon_core.environment:checking '/home/dhruv/ros2_sensor_ws/install/pointcloud_filter/lib/pkgconfig/pointcloud_filter.pc'
[0.634s] Level 1:colcon.colcon_core.environment:checking '/home/dhruv/ros2_sensor_ws/install/pointcloud_filter/lib/python3.10/site-packages'
[0.634s] Level 1:colcon.colcon_core.environment:checking '/home/dhruv/ros2_sensor_ws/install/pointcloud_filter/bin'
[0.635s] INFO:colcon.colcon_core.shell:Creating package script '/home/dhruv/ros2_sensor_ws/install/pointcloud_filter/share/pointcloud_filter/package.ps1'
[0.635s] INFO:colcon.colcon_core.shell:Creating package descriptor '/home/dhruv/ros2_sensor_ws/install/pointcloud_filter/share/pointcloud_filter/package.dsv'
[0.635s] INFO:colcon.colcon_core.shell:Creating package script '/home/dhruv/ros2_sensor_ws/install/pointcloud_filter/share/pointcloud_filter/package.sh'
[0.636s] INFO:colcon.colcon_core.shell:Creating package script '/home/dhruv/ros2_sensor_ws/install/pointcloud_filter/share/pointcloud_filter/package.bash'
[0.636s] INFO:colcon.colcon_core.shell:Creating package script '/home/dhruv/ros2_sensor_ws/install/pointcloud_filter/share/pointcloud_filter/package.zsh'
[0.637s] Level 1:colcon.colcon_core.environment:create_file_with_runtime_dependencies(/home/dhruv/ros2_sensor_ws/install/pointcloud_filter/share/colcon-core/packages/pointcloud_filter)
[0.637s] Level 1:colcon.colcon_core.environment:create_environment_scripts_only(pointcloud_filter)
[0.637s] Level 1:colcon.colcon_core.environment:checking '/home/dhruv/ros2_sensor_ws/install/pointcloud_filter' for CMake module files
[0.638s] Level 1:colcon.colcon_core.environment:checking '/home/dhruv/ros2_sensor_ws/install/pointcloud_filter' for CMake config files
[0.638s] Level 1:colcon.colcon_core.shell:create_environment_hook('pointcloud_filter', 'cmake_prefix_path')
[0.638s] INFO:colcon.colcon_core.shell:Creating environment hook '/home/dhruv/ros2_sensor_ws/install/pointcloud_filter/share/pointcloud_filter/hook/cmake_prefix_path.ps1'
[0.638s] INFO:colcon.colcon_core.shell:Creating environment descriptor '/home/dhruv/ros2_sensor_ws/install/pointcloud_filter/share/pointcloud_filter/hook/cmake_prefix_path.dsv'
[0.638s] INFO:colcon.colcon_core.shell:Creating environment hook '/home/dhruv/ros2_sensor_ws/install/pointcloud_filter/share/pointcloud_filter/hook/cmake_prefix_path.sh'
[0.639s] Level 1:colcon.colcon_core.environment:checking '/home/dhruv/ros2_sensor_ws/install/pointcloud_filter/lib'
[0.639s] Level 1:colcon.colcon_core.environment:checking '/home/dhruv/ros2_sensor_ws/install/pointcloud_filter/bin'
[0.639s] Level 1:colcon.colcon_core.environment:checking '/home/dhruv/ros2_sensor_ws/install/pointcloud_filter/lib/pkgconfig/pointcloud_filter.pc'
[0.639s] Level 1:colcon.colcon_core.environment:checking '/home/dhruv/ros2_sensor_ws/install/pointcloud_filter/lib/python3.10/site-packages'
[0.639s] Level 1:colcon.colcon_core.environment:checking '/home/dhruv/ros2_sensor_ws/install/pointcloud_filter/bin'
[0.639s] INFO:colcon.colcon_core.shell:Creating package script '/home/dhruv/ros2_sensor_ws/install/pointcloud_filter/share/pointcloud_filter/package.ps1'
[0.639s] INFO:colcon.colcon_core.shell:Creating package descriptor '/home/dhruv/ros2_sensor_ws/install/pointcloud_filter/share/pointcloud_filter/package.dsv'
[0.640s] INFO:colcon.colcon_core.shell:Creating package script '/home/dhruv/ros2_sensor_ws/install/pointcloud_filter/share/pointcloud_filter/package.sh'
[0.640s] INFO:colcon.colcon_core.shell:Creating package script '/home/dhruv/ros2_sensor_ws/install/pointcloud_filter/share/pointcloud_filter/package.bash'
[0.640s] INFO:colcon.colcon_core.shell:Creating package script '/home/dhruv/ros2_sensor_ws/install/pointcloud_filter/share/pointcloud_filter/package.zsh'
[0.640s] Level 1:colcon.colcon_core.environment:create_file_with_runtime_dependencies(/home/dhruv/ros2_sensor_ws/install/pointcloud_filter/share/colcon-core/packages/pointcloud_filter)
[0.828s] DEBUG:colcon.colcon_core.event_handler.log_command:Invoking command in '/home/dhruv/ros2_sensor_ws/src/sensor_fusion_pkg': PYTHONPATH=/home/dhruv/ros2_sensor_ws/build/sensor_fusion_pkg/prefix_override:/usr/lib/python3/dist-packages/colcon_core/task/python/colcon_distutils_commands:/home/dhruv/ros2_sensor_ws/install/sensor_fusion_pkg/lib/python3.10/site-packages:${PYTHONPATH} /usr/bin/python3 -W ignore:setup.py install is deprecated -W ignore:easy_install command is deprecated setup.py egg_info --egg-base ../../build/sensor_fusion_pkg build --build-base /home/dhruv/ros2_sensor_ws/build/sensor_fusion_pkg/build install --record /home/dhruv/ros2_sensor_ws/build/sensor_fusion_pkg/install.log --single-version-externally-managed install_data
[0.839s] DEBUG:colcon.colcon_core.event_handler.log_command:Invoking command in '/home/dhruv/ros2_sensor_ws/src/time_sync_tools': PYTHONPATH=/home/dhruv/ros2_sensor_ws/build/time_sync_tools/prefix_override:/usr/lib/python3/dist-packages/colcon_core/task/python/colcon_distutils_commands:/home/dhruv/ros2_sensor_ws/install/time_sync_tools/lib/python3.10/site-packages:${PYTHONPATH} /usr/bin/python3 -W ignore:setup.py install is deprecated -W ignore:easy_install command is deprecated setup.py egg_info --egg-base ../../build/time_sync_tools build --build-base /home/dhruv/ros2_sensor_ws/build/time_sync_tools/build install --record /home/dhruv/ros2_sensor_ws/build/time_sync_tools/install.log --single-version-externally-managed install_data
[1.016s] Level 1:colcon.colcon_core.environment:checking '/home/dhruv/ros2_sensor_ws/install/sensor_fusion_pkg' for CMake module files
[1.017s] DEBUG:colcon.colcon_core.event_handler.log_command:Invoked command in '/home/dhruv/ros2_sensor_ws/src/sensor_fusion_pkg' returned '0': PYTHONPATH=/home/dhruv/ros2_sensor_ws/build/sensor_fusion_pkg/prefix_override:/usr/lib/python3/dist-packages/colcon_core/task/python/colcon_distutils_commands:/home/dhruv/ros2_sensor_ws/install/sensor_fusion_pkg/lib/python3.10/site-packages:${PYTHONPATH} /usr/bin/python3 -W ignore:setup.py install is deprecated -W ignore:easy_install command is deprecated setup.py egg_info --egg-base ../../build/sensor_fusion_pkg build --build-base /home/dhruv/ros2_sensor_ws/build/sensor_fusion_pkg/build install --record /home/dhruv/ros2_sensor_ws/build/sensor_fusion_pkg/install.log --single-version-externally-managed install_data
[1.017s] Level 1:colcon.colcon_core.environment:checking '/home/dhruv/ros2_sensor_ws/install/sensor_fusion_pkg' for CMake config files
[1.017s] Level 1:colcon.colcon_core.environment:checking '/home/dhruv/ros2_sensor_ws/install/sensor_fusion_pkg/lib'
[1.017s] Level 1:colcon.colcon_core.environment:checking '/home/dhruv/ros2_sensor_ws/install/sensor_fusion_pkg/bin'
[1.017s] Level 1:colcon.colcon_core.environment:checking '/home/dhruv/ros2_sensor_ws/install/sensor_fusion_pkg/lib/pkgconfig/sensor_fusion_pkg.pc'
[1.017s] Level 1:colcon.colcon_core.environment:checking '/home/dhruv/ros2_sensor_ws/install/sensor_fusion_pkg/lib/python3.10/site-packages'
[1.017s] Level 1:colcon.colcon_core.shell:create_environment_hook('sensor_fusion_pkg', 'pythonpath')
[1.018s] INFO:colcon.colcon_core.shell:Creating environment hook '/home/dhruv/ros2_sensor_ws/install/sensor_fusion_pkg/share/sensor_fusion_pkg/hook/pythonpath.ps1'
[1.018s] INFO:colcon.colcon_core.shell:Creating environment descriptor '/home/dhruv/ros2_sensor_ws/install/sensor_fusion_pkg/share/sensor_fusion_pkg/hook/pythonpath.dsv'
[1.018s] INFO:colcon.colcon_core.shell:Creating environment hook '/home/dhruv/ros2_sensor_ws/install/sensor_fusion_pkg/share/sensor_fusion_pkg/hook/pythonpath.sh'
[1.019s] Level 1:colcon.colcon_core.environment:checking '/home/dhruv/ros2_sensor_ws/install/sensor_fusion_pkg/bin'
[1.019s] Level 1:colcon.colcon_core.environment:create_environment_scripts_only(sensor_fusion_pkg)
[1.019s] INFO:colcon.colcon_core.shell:Creating package script '/home/dhruv/ros2_sensor_ws/install/sensor_fusion_pkg/share/sensor_fusion_pkg/package.ps1'
[1.019s] INFO:colcon.colcon_core.shell:Creating package descriptor '/home/dhruv/ros2_sensor_ws/install/sensor_fusion_pkg/share/sensor_fusion_pkg/package.dsv'
[1.019s] INFO:colcon.colcon_core.shell:Creating package script '/home/dhruv/ros2_sensor_ws/install/sensor_fusion_pkg/share/sensor_fusion_pkg/package.sh'
[1.020s] INFO:colcon.colcon_core.shell:Creating package script '/home/dhruv/ros2_sensor_ws/install/sensor_fusion_pkg/share/sensor_fusion_pkg/package.bash'
[1.020s] INFO:colcon.colcon_core.shell:Creating package script '/home/dhruv/ros2_sensor_ws/install/sensor_fusion_pkg/share/sensor_fusion_pkg/package.zsh'
[1.020s] Level 1:colcon.colcon_core.environment:create_file_with_runtime_dependencies(/home/dhruv/ros2_sensor_ws/install/sensor_fusion_pkg/share/colcon-core/packages/sensor_fusion_pkg)
[1.035s] Level 1:colcon.colcon_core.environment:checking '/home/dhruv/ros2_sensor_ws/install/time_sync_tools' for CMake module files
[1.036s] DEBUG:colcon.colcon_core.event_handler.log_command:Invoked command in '/home/dhruv/ros2_sensor_ws/src/time_sync_tools' returned '0': PYTHONPATH=/home/dhruv/ros2_sensor_ws/build/time_sync_tools/prefix_override:/usr/lib/python3/dist-packages/colcon_core/task/python/colcon_distutils_commands:/home/dhruv/ros2_sensor_ws/install/time_sync_tools/lib/python3.10/site-packages:${PYTHONPATH} /usr/bin/python3 -W ignore:setup.py install is deprecated -W ignore:easy_install command is deprecated setup.py egg_info --egg-base ../../build/time_sync_tools build --build-base /home/dhruv/ros2_sensor_ws/build/time_sync_tools/build install --record /home/dhruv/ros2_sensor_ws/build/time_sync_tools/install.log --single-version-externally-managed install_data
[1.036s] Level 1:colcon.colcon_core.environment:checking '/home/dhruv/ros2_sensor_ws/install/time_sync_tools' for CMake config files
[1.036s] Level 1:colcon.colcon_core.environment:checking '/home/dhruv/ros2_sensor_ws/install/time_sync_tools/lib'
[1.036s] Level 1:colcon.colcon_core.environment:checking '/home/dhruv/ros2_sensor_ws/install/time_sync_tools/bin'
[1.036s] Level 1:colcon.colcon_core.environment:checking '/home/dhruv/ros2_sensor_ws/install/time_sync_tools/lib/pkgconfig/time_sync_tools.pc'
[1.037s] Level 1:colcon.colcon_core.environment:checking '/home/dhruv/ros2_sensor_ws/install/time_sync_tools/lib/python3.10/site-packages'
[1.037s] Level 1:colcon.colcon_core.shell:create_environment_hook('time_sync_tools', 'pythonpath')
[1.037s] INFO:colcon.colcon_core.shell:Creating environment hook '/home/dhruv/ros2_sensor_ws/install/time_sync_tools/share/time_sync_tools/hook/pythonpath.ps1'
[1.037s] INFO:colcon.colcon_core.shell:Creating environment descriptor '/home/dhruv/ros2_sensor_ws/install/time_sync_tools/share/time_sync_tools/hook/pythonpath.dsv'
[1.037s] INFO:colcon.colcon_core.shell:Creating environment hook '/home/dhruv/ros2_sensor_ws/install/time_sync_tools/share/time_sync_tools/hook/pythonpath.sh'
[1.038s] Level 1:colcon.colcon_core.environment:checking '/home/dhruv/ros2_sensor_ws/install/time_sync_tools/bin'
[1.038s] Level 1:colcon.colcon_core.environment:create_environment_scripts_only(time_sync_tools)
[1.038s] INFO:colcon.colcon_core.shell:Creating package script '/home/dhruv/ros2_sensor_ws/install/time_sync_tools/share/time_sync_tools/package.ps1'
[1.039s] INFO:colcon.colcon_core.shell:Creating package descriptor '/home/dhruv/ros2_sensor_ws/install/time_sync_tools/share/time_sync_tools/package.dsv'
[1.039s] INFO:colcon.colcon_core.shell:Creating package script '/home/dhruv/ros2_sensor_ws/install/time_sync_tools/share/time_sync_tools/package.sh'
[1.039s] INFO:colcon.colcon_core.shell:Creating package script '/home/dhruv/ros2_sensor_ws/install/time_sync_tools/share/time_sync_tools/package.bash'
[1.039s] INFO:colcon.colcon_core.shell:Creating package script '/home/dhruv/ros2_sensor_ws/install/time_sync_tools/share/time_sync_tools/package.zsh'
[1.040s] Level 1:colcon.colcon_core.environment:create_file_with_runtime_dependencies(/home/dhruv/ros2_sensor_ws/install/time_sync_tools/share/colcon-core/packages/time_sync_tools)
[1.040s] DEBUG:colcon.colcon_parallel_executor.executor.parallel:closing loop
[1.040s] DEBUG:colcon.colcon_parallel_executor.executor.parallel:loop closed
[1.040s] DEBUG:colcon.colcon_parallel_executor.executor.parallel:run_until_complete finished with '0'
[1.040s] DEBUG:colcon.colcon_core.event_reactor:joining thread
[1.043s] INFO:colcon.colcon_core.plugin_system:Skipping extension 'colcon_notification.desktop_notification.terminal_notifier': Not used on non-Darwin systems
[1.043s] INFO:colcon.colcon_core.plugin_system:Skipping extension 'colcon_notification.desktop_notification.win32': Not used on non-Windows systems
[1.044s] INFO:colcon.colcon_notification.desktop_notification:Sending desktop notification using 'notify2'
[1.051s] DEBUG:colcon.colcon_core.event_reactor:joined thread
[1.051s] INFO:colcon.colcon_core.shell:Creating prefix script '/home/dhruv/ros2_sensor_ws/install/local_setup.ps1'
[1.052s] INFO:colcon.colcon_core.shell:Creating prefix util module '/home/dhruv/ros2_sensor_ws/install/_local_setup_util_ps1.py'
[1.052s] INFO:colcon.colcon_core.shell:Creating prefix chain script '/home/dhruv/ros2_sensor_ws/install/setup.ps1'
[1.053s] INFO:colcon.colcon_core.shell:Creating prefix script '/home/dhruv/ros2_sensor_ws/install/local_setup.sh'
[1.054s] INFO:colcon.colcon_core.shell:Creating prefix util module '/home/dhruv/ros2_sensor_ws/install/_local_setup_util_sh.py'
[1.054s] INFO:colcon.colcon_core.shell:Creating prefix chain script '/home/dhruv/ros2_sensor_ws/install/setup.sh'
[1.055s] INFO:colcon.colcon_core.shell:Creating prefix script '/home/dhruv/ros2_sensor_ws/install/local_setup.bash'
[1.055s] INFO:colcon.colcon_core.shell:Creating prefix chain script '/home/dhruv/ros2_sensor_ws/install/setup.bash'
[1.056s] INFO:colcon.colcon_core.shell:Creating prefix script '/home/dhruv/ros2_sensor_ws/install/local_setup.zsh'
[1.056s] INFO:colcon.colcon_core.shell:Creating prefix chain script '/home/dhruv/ros2_sensor_ws/install/setup.zsh'
