running develop
Removing /home/dhruv/ros2_sensor_ws/install/time_sync_tools/lib/python3.10/site-packages/time-sync-tools.egg-link (link to .)
running egg_info
writing ../../build/time_sync_tools/time_sync_tools.egg-info/PKG-INFO
writing dependency_links to ../../build/time_sync_tools/time_sync_tools.egg-info/dependency_links.txt
writing entry points to ../../build/time_sync_tools/time_sync_tools.egg-info/entry_points.txt
writing requirements to ../../build/time_sync_tools/time_sync_tools.egg-info/requires.txt
writing top-level names to ../../build/time_sync_tools/time_sync_tools.egg-info/top_level.txt
reading manifest file '../../build/time_sync_tools/time_sync_tools.egg-info/SOURCES.txt'
writing manifest file '../../build/time_sync_tools/time_sync_tools.egg-info/SOURCES.txt'
running build
running build_py
running install
running install_lib
creating /home/dhruv/ros2_sensor_ws/install/time_sync_tools/lib/python3.10/site-packages/time_sync_tools
copying /home/dhruv/ros2_sensor_ws/build/time_sync_tools/build/lib/time_sync_tools/__init__.py -> /home/dhruv/ros2_sensor_ws/install/time_sync_tools/lib/python3.10/site-packages/time_sync_tools
byte-compiling /home/dhruv/ros2_sensor_ws/install/time_sync_tools/lib/python3.10/site-packages/time_sync_tools/__init__.py to __init__.cpython-310.pyc
running install_data
copying resource/time_sync_tools -> /home/dhruv/ros2_sensor_ws/install/time_sync_tools/share/ament_index/resource_index/packages
copying package.xml -> /home/dhruv/ros2_sensor_ws/install/time_sync_tools/share/time_sync_tools
running install_egg_info
Copying ../../build/time_sync_tools/time_sync_tools.egg-info to /home/dhruv/ros2_sensor_ws/install/time_sync_tools/lib/python3.10/site-packages/time_sync_tools-0.0.0-py3.10.egg-info
running install_scripts
writing list of installed files to '/home/dhruv/ros2_sensor_ws/build/time_sync_tools/install.log'
