[0.585s] Invoking command in '/home/dhruv/ros2_sensor_ws/build/time_sync_tools': PYTHONPATH=/home/dhruv/ros2_sensor_ws/build/time_sync_tools/prefix_override:/usr/lib/python3/dist-packages/colcon_core/task/python/colcon_distutils_commands:/home/dhruv/ros2_sensor_ws/install/time_sync_tools/lib/python3.10/site-packages:${PYTHONPATH} /usr/bin/python3 -W ignore:setup.py install is deprecated -W ignore:easy_install command is deprecated setup.py develop --uninstall --editable --build-directory /home/dhruv/ros2_sensor_ws/build/time_sync_tools/build
[0.752s] running develop
[0.857s] Removing /home/dhruv/ros2_sensor_ws/install/time_sync_tools/lib/python3.10/site-packages/time-sync-tools.egg-link (link to .)
[0.873s] Invoked command in '/home/dhruv/ros2_sensor_ws/build/time_sync_tools' returned '0': PYTHONPATH=/home/dhruv/ros2_sensor_ws/build/time_sync_tools/prefix_override:/usr/lib/python3/dist-packages/colcon_core/task/python/colcon_distutils_commands:/home/dhruv/ros2_sensor_ws/install/time_sync_tools/lib/python3.10/site-packages:${PYTHONPATH} /usr/bin/python3 -W ignore:setup.py install is deprecated -W ignore:easy_install command is deprecated setup.py develop --uninstall --editable --build-directory /home/dhruv/ros2_sensor_ws/build/time_sync_tools/build
[0.874s] Invoking command in '/home/dhruv/ros2_sensor_ws/src/time_sync_tools': PYTHONPATH=/home/dhruv/ros2_sensor_ws/build/time_sync_tools/prefix_override:/usr/lib/python3/dist-packages/colcon_core/task/python/colcon_distutils_commands:/home/dhruv/ros2_sensor_ws/install/time_sync_tools/lib/python3.10/site-packages:${PYTHONPATH} /usr/bin/python3 -W ignore:setup.py install is deprecated -W ignore:easy_install command is deprecated setup.py egg_info --egg-base ../../build/time_sync_tools build --build-base /home/dhruv/ros2_sensor_ws/build/time_sync_tools/build install --record /home/dhruv/ros2_sensor_ws/build/time_sync_tools/install.log --single-version-externally-managed install_data --force
[1.028s] running egg_info
[1.028s] writing ../../build/time_sync_tools/time_sync_tools.egg-info/PKG-INFO
[1.029s] writing dependency_links to ../../build/time_sync_tools/time_sync_tools.egg-info/dependency_links.txt
[1.029s] writing entry points to ../../build/time_sync_tools/time_sync_tools.egg-info/entry_points.txt
[1.029s] writing requirements to ../../build/time_sync_tools/time_sync_tools.egg-info/requires.txt
[1.029s] writing top-level names to ../../build/time_sync_tools/time_sync_tools.egg-info/top_level.txt
[1.030s] reading manifest file '../../build/time_sync_tools/time_sync_tools.egg-info/SOURCES.txt'
[1.030s] writing manifest file '../../build/time_sync_tools/time_sync_tools.egg-info/SOURCES.txt'
[1.030s] running build
[1.031s] running build_py
[1.031s] running install
[1.031s] running install_lib
[1.031s] creating /home/dhruv/ros2_sensor_ws/install/time_sync_tools/lib/python3.10/site-packages/time_sync_tools
[1.031s] copying /home/dhruv/ros2_sensor_ws/build/time_sync_tools/build/lib/time_sync_tools/__init__.py -> /home/dhruv/ros2_sensor_ws/install/time_sync_tools/lib/python3.10/site-packages/time_sync_tools
[1.032s] byte-compiling /home/dhruv/ros2_sensor_ws/install/time_sync_tools/lib/python3.10/site-packages/time_sync_tools/__init__.py to __init__.cpython-310.pyc
[1.032s] running install_data
[1.032s] copying resource/time_sync_tools -> /home/dhruv/ros2_sensor_ws/install/time_sync_tools/share/ament_index/resource_index/packages
[1.032s] copying package.xml -> /home/dhruv/ros2_sensor_ws/install/time_sync_tools/share/time_sync_tools
[1.032s] running install_egg_info
[1.033s] Copying ../../build/time_sync_tools/time_sync_tools.egg-info to /home/dhruv/ros2_sensor_ws/install/time_sync_tools/lib/python3.10/site-packages/time_sync_tools-0.0.0-py3.10.egg-info
[1.033s] running install_scripts
[1.047s] writing list of installed files to '/home/dhruv/ros2_sensor_ws/build/time_sync_tools/install.log'
[1.061s] Invoked command in '/home/dhruv/ros2_sensor_ws/src/time_sync_tools' returned '0': PYTHONPATH=/home/dhruv/ros2_sensor_ws/build/time_sync_tools/prefix_override:/usr/lib/python3/dist-packages/colcon_core/task/python/colcon_distutils_commands:/home/dhruv/ros2_sensor_ws/install/time_sync_tools/lib/python3.10/site-packages:${PYTHONPATH} /usr/bin/python3 -W ignore:setup.py install is deprecated -W ignore:easy_install command is deprecated setup.py egg_info --egg-base ../../build/time_sync_tools build --build-base /home/dhruv/ros2_sensor_ws/build/time_sync_tools/build install --record /home/dhruv/ros2_sensor_ws/build/time_sync_tools/install.log --single-version-externally-managed install_data --force
