running egg_info
writing ../../build/sensor_fusion_pkg/sensor_fusion_pkg.egg-info/PKG-INFO
writing dependency_links to ../../build/sensor_fusion_pkg/sensor_fusion_pkg.egg-info/dependency_links.txt
writing entry points to ../../build/sensor_fusion_pkg/sensor_fusion_pkg.egg-info/entry_points.txt
writing requirements to ../../build/sensor_fusion_pkg/sensor_fusion_pkg.egg-info/requires.txt
writing top-level names to ../../build/sensor_fusion_pkg/sensor_fusion_pkg.egg-info/top_level.txt
reading manifest file '../../build/sensor_fusion_pkg/sensor_fusion_pkg.egg-info/SOURCES.txt'
writing manifest file '../../build/sensor_fusion_pkg/sensor_fusion_pkg.egg-info/SOURCES.txt'
running build
running build_py
running install
running install_lib
running install_data
copying launch/complete_pipeline.launch.py -> /home/dhruv/ros2_sensor_ws/install/sensor_fusion_pkg/share/sensor_fusion_pkg/launch
running install_egg_info
removing '/home/dhruv/ros2_sensor_ws/install/sensor_fusion_pkg/lib/python3.10/site-packages/sensor_fusion_pkg-0.0.0-py3.10.egg-info' (and everything under it)
Copying ../../build/sensor_fusion_pkg/sensor_fusion_pkg.egg-info to /home/dhruv/ros2_sensor_ws/install/sensor_fusion_pkg/lib/python3.10/site-packages/sensor_fusion_pkg-0.0.0-py3.10.egg-info
running install_scripts
Installing fusion script to /home/dhruv/ros2_sensor_ws/install/sensor_fusion_pkg/lib/sensor_fusion_pkg
Installing lidar_to_pointcloud script to /home/dhruv/ros2_sensor_ws/install/sensor_fusion_pkg/lib/sensor_fusion_pkg
Installing time_sync_monitor script to /home/dhruv/ros2_sensor_ws/install/sensor_fusion_pkg/lib/sensor_fusion_pkg
Installing voxel_filter script to /home/dhruv/ros2_sensor_ws/install/sensor_fusion_pkg/lib/sensor_fusion_pkg
writing list of installed files to '/home/dhruv/ros2_sensor_ws/build/sensor_fusion_pkg/install.log'
