[0.063s] DEBUG:colcon:Command line arguments: ['/usr/bin/colcon', 'build']
[0.063s] DEBUG:colcon:Parsed command line arguments: Namespace(log_base=None, log_level=None, verb_name='build', build_base='build', install_base='install', merge_install=False, symlink_install=False, test_result_base=None, continue_on_error=False, executor='parallel', parallel_workers=16, event_handlers=None, ignore_user_meta=False, metas=['./colcon.meta'], base_paths=['.'], packages_ignore=None, packages_ignore_regex=None, paths=None, packages_up_to=None, packages_up_to_regex=None, packages_above=None, packages_above_and_dependencies=None, packages_above_depth=None, packages_select_by_dep=None, packages_skip_by_dep=None, packages_skip_up_to=None, packages_select_build_failed=False, packages_skip_build_finished=False, packages_select_test_failures=False, packages_skip_test_passed=False, packages_select=None, packages_skip=None, packages_select_regex=None, packages_skip_regex=None, packages_start=None, packages_end=None, allow_overriding=[], cmake_args=None, cmake_target=None, cmake_target_skip_unavailable=False, cmake_clean_cache=False, cmake_clean_first=False, cmake_force_configure=False, ament_cmake_args=None, catkin_cmake_args=None, catkin_skip_building_tests=False, mixin_files=None, mixin=None, verb_parser=<colcon_mixin.mixin.mixin_argument.MixinArgumentDecorator object at 0x75694485a830>, verb_extension=<colcon_core.verb.build.BuildVerb object at 0x7569449577f0>, main=<bound method BuildVerb.main of <colcon_core.verb.build.BuildVerb object at 0x7569449577f0>>, mixin_verb=('build',))
[0.162s] Level 1:colcon.colcon_core.package_discovery:discover_packages(colcon_meta) check parameters
[0.162s] Level 1:colcon.colcon_core.package_discovery:discover_packages(recursive) check parameters
[0.162s] Level 1:colcon.colcon_core.package_discovery:discover_packages(ignore) check parameters
[0.162s] Level 1:colcon.colcon_core.package_discovery:discover_packages(path) check parameters
[0.162s] Level 1:colcon.colcon_core.package_discovery:discover_packages(colcon_meta) discover
[0.162s] Level 1:colcon.colcon_core.package_discovery:discover_packages(recursive) discover
[0.162s] INFO:colcon.colcon_core.package_discovery:Crawling recursively for packages in '/home/dhruv/ros2_sensor_ws'
[0.162s] Level 1:colcon.colcon_core.package_identification:_identify(.) by extensions ['ignore', 'ignore_ament_install']
[0.162s] Level 1:colcon.colcon_core.package_identification:_identify(.) by extension 'ignore'
[0.162s] Level 1:colcon.colcon_core.package_identification:_identify(.) by extension 'ignore_ament_install'
[0.162s] Level 1:colcon.colcon_core.package_identification:_identify(.) by extensions ['colcon_pkg']
[0.162s] Level 1:colcon.colcon_core.package_identification:_identify(.) by extension 'colcon_pkg'
[0.162s] Level 1:colcon.colcon_core.package_identification:_identify(.) by extensions ['colcon_meta']
[0.162s] Level 1:colcon.colcon_core.package_identification:_identify(.) by extension 'colcon_meta'
[0.162s] Level 1:colcon.colcon_core.package_identification:_identify(.) by extensions ['ros']
[0.162s] Level 1:colcon.colcon_core.package_identification:_identify(.) by extension 'ros'
[0.169s] Level 1:colcon.colcon_core.package_identification:_identify(.) by extensions ['cmake', 'python']
[0.169s] Level 1:colcon.colcon_core.package_identification:_identify(.) by extension 'cmake'
[0.169s] Level 1:colcon.colcon_core.package_identification:_identify(.) by extension 'python'
[0.169s] Level 1:colcon.colcon_core.package_identification:_identify(.) by extensions ['python_setup_py']
[0.169s] Level 1:colcon.colcon_core.package_identification:_identify(.) by extension 'python_setup_py'
[0.169s] Level 1:colcon.colcon_core.package_identification:_identify(build) by extensions ['ignore', 'ignore_ament_install']
[0.169s] Level 1:colcon.colcon_core.package_identification:_identify(build) by extension 'ignore'
[0.169s] Level 1:colcon.colcon_core.package_identification:_identify(build) ignored
[0.169s] Level 1:colcon.colcon_core.package_identification:_identify(install) by extensions ['ignore', 'ignore_ament_install']
[0.169s] Level 1:colcon.colcon_core.package_identification:_identify(install) by extension 'ignore'
[0.169s] Level 1:colcon.colcon_core.package_identification:_identify(install) ignored
[0.169s] Level 1:colcon.colcon_core.package_identification:_identify(log) by extensions ['ignore', 'ignore_ament_install']
[0.169s] Level 1:colcon.colcon_core.package_identification:_identify(log) by extension 'ignore'
[0.169s] Level 1:colcon.colcon_core.package_identification:_identify(log) ignored
[0.169s] Level 1:colcon.colcon_core.package_identification:_identify(src) by extensions ['ignore', 'ignore_ament_install']
[0.169s] Level 1:colcon.colcon_core.package_identification:_identify(src) by extension 'ignore'
[0.169s] Level 1:colcon.colcon_core.package_identification:_identify(src) by extension 'ignore_ament_install'
[0.169s] Level 1:colcon.colcon_core.package_identification:_identify(src) by extensions ['colcon_pkg']
[0.169s] Level 1:colcon.colcon_core.package_identification:_identify(src) by extension 'colcon_pkg'
[0.169s] Level 1:colcon.colcon_core.package_identification:_identify(src) by extensions ['colcon_meta']
[0.169s] Level 1:colcon.colcon_core.package_identification:_identify(src) by extension 'colcon_meta'
[0.169s] Level 1:colcon.colcon_core.package_identification:_identify(src) by extensions ['ros']
[0.169s] Level 1:colcon.colcon_core.package_identification:_identify(src) by extension 'ros'
[0.169s] Level 1:colcon.colcon_core.package_identification:_identify(src) by extensions ['cmake', 'python']
[0.169s] Level 1:colcon.colcon_core.package_identification:_identify(src) by extension 'cmake'
[0.169s] Level 1:colcon.colcon_core.package_identification:_identify(src) by extension 'python'
[0.169s] Level 1:colcon.colcon_core.package_identification:_identify(src) by extensions ['python_setup_py']
[0.169s] Level 1:colcon.colcon_core.package_identification:_identify(src) by extension 'python_setup_py'
[0.169s] Level 1:colcon.colcon_core.package_identification:_identify(src/pointcloud_filter) by extensions ['ignore', 'ignore_ament_install']
[0.170s] Level 1:colcon.colcon_core.package_identification:_identify(src/pointcloud_filter) by extension 'ignore'
[0.170s] Level 1:colcon.colcon_core.package_identification:_identify(src/pointcloud_filter) by extension 'ignore_ament_install'
[0.170s] Level 1:colcon.colcon_core.package_identification:_identify(src/pointcloud_filter) by extensions ['colcon_pkg']
[0.170s] Level 1:colcon.colcon_core.package_identification:_identify(src/pointcloud_filter) by extension 'colcon_pkg'
[0.170s] Level 1:colcon.colcon_core.package_identification:_identify(src/pointcloud_filter) by extensions ['colcon_meta']
[0.170s] Level 1:colcon.colcon_core.package_identification:_identify(src/pointcloud_filter) by extension 'colcon_meta'
[0.170s] Level 1:colcon.colcon_core.package_identification:_identify(src/pointcloud_filter) by extensions ['ros']
[0.170s] Level 1:colcon.colcon_core.package_identification:_identify(src/pointcloud_filter) by extension 'ros'
[0.171s] DEBUG:colcon.colcon_core.package_identification:Package 'src/pointcloud_filter' with type 'ros.ament_cmake' and name 'pointcloud_filter'
[0.171s] Level 1:colcon.colcon_core.package_identification:_identify(src/sensor_fusion_pkg) by extensions ['ignore', 'ignore_ament_install']
[0.171s] Level 1:colcon.colcon_core.package_identification:_identify(src/sensor_fusion_pkg) by extension 'ignore'
[0.171s] Level 1:colcon.colcon_core.package_identification:_identify(src/sensor_fusion_pkg) by extension 'ignore_ament_install'
[0.171s] Level 1:colcon.colcon_core.package_identification:_identify(src/sensor_fusion_pkg) by extensions ['colcon_pkg']
[0.171s] Level 1:colcon.colcon_core.package_identification:_identify(src/sensor_fusion_pkg) by extension 'colcon_pkg'
[0.171s] Level 1:colcon.colcon_core.package_identification:_identify(src/sensor_fusion_pkg) by extensions ['colcon_meta']
[0.171s] Level 1:colcon.colcon_core.package_identification:_identify(src/sensor_fusion_pkg) by extension 'colcon_meta'
[0.172s] Level 1:colcon.colcon_core.package_identification:_identify(src/sensor_fusion_pkg) by extensions ['ros']
[0.172s] Level 1:colcon.colcon_core.package_identification:_identify(src/sensor_fusion_pkg) by extension 'ros'
[0.172s] DEBUG:colcon.colcon_core.package_identification:Package 'src/sensor_fusion_pkg' with type 'ros.ament_cmake' and name 'passthrough_filter_cpp'
[0.172s] Level 1:colcon.colcon_core.package_identification:_identify(src/time_sync_tools) by extensions ['ignore', 'ignore_ament_install']
[0.172s] Level 1:colcon.colcon_core.package_identification:_identify(src/time_sync_tools) by extension 'ignore'
[0.172s] Level 1:colcon.colcon_core.package_identification:_identify(src/time_sync_tools) by extension 'ignore_ament_install'
[0.172s] Level 1:colcon.colcon_core.package_identification:_identify(src/time_sync_tools) by extensions ['colcon_pkg']
[0.172s] Level 1:colcon.colcon_core.package_identification:_identify(src/time_sync_tools) by extension 'colcon_pkg'
[0.172s] Level 1:colcon.colcon_core.package_identification:_identify(src/time_sync_tools) by extensions ['colcon_meta']
[0.172s] Level 1:colcon.colcon_core.package_identification:_identify(src/time_sync_tools) by extension 'colcon_meta'
[0.172s] Level 1:colcon.colcon_core.package_identification:_identify(src/time_sync_tools) by extensions ['ros']
[0.172s] Level 1:colcon.colcon_core.package_identification:_identify(src/time_sync_tools) by extension 'ros'
[0.173s] DEBUG:colcon.colcon_core.package_identification:Package 'src/time_sync_tools' with type 'ros.ament_python' and name 'time_sync_tools'
[0.173s] Level 1:colcon.colcon_core.package_discovery:discover_packages(recursive) using defaults
[0.173s] Level 1:colcon.colcon_core.package_discovery:discover_packages(ignore) discover
[0.173s] Level 1:colcon.colcon_core.package_discovery:discover_packages(ignore) using defaults
[0.173s] Level 1:colcon.colcon_core.package_discovery:discover_packages(path) discover
[0.173s] Level 1:colcon.colcon_core.package_discovery:discover_packages(path) using defaults
[0.190s] Level 1:colcon.colcon_core.package_discovery:discover_packages(prefix_path) check parameters
[0.190s] Level 1:colcon.colcon_core.package_discovery:discover_packages(prefix_path) discover
[0.190s] WARNING:colcon.colcon_ros.prefix_path.ament:The path '/home/dhruv/ros2_sensor_ws/install/time_sync_tools' in the environment variable AMENT_PREFIX_PATH doesn't exist
[0.190s] WARNING:colcon.colcon_ros.prefix_path.ament:The path '/home/dhruv/ros2_sensor_ws/install/sensor_fusion_pkg' in the environment variable AMENT_PREFIX_PATH doesn't exist
[0.190s] WARNING:colcon.colcon_ros.prefix_path.ament:The path '/home/dhruv/ros2_sensor_ws/install/pointcloud_filter' in the environment variable AMENT_PREFIX_PATH doesn't exist
[0.191s] DEBUG:colcon.colcon_installed_package_information.package_discovery:Found 0 installed packages in /home/dhruv/ros2_sensor_ws/install
[0.191s] DEBUG:colcon.colcon_installed_package_information.package_discovery:Found 2 installed packages in /home/dhruv/ros2_ws/install
[0.192s] DEBUG:colcon.colcon_installed_package_information.package_discovery:Found 278 installed packages in /opt/ros/humble
[0.192s] Level 1:colcon.colcon_core.package_discovery:discover_packages(prefix_path) using defaults
[0.214s] Level 5:colcon.colcon_core.verb:set package 'passthrough_filter_cpp' build argument 'cmake_args' from command line to 'None'
[0.214s] Level 5:colcon.colcon_core.verb:set package 'passthrough_filter_cpp' build argument 'cmake_target' from command line to 'None'
[0.214s] Level 5:colcon.colcon_core.verb:set package 'passthrough_filter_cpp' build argument 'cmake_target_skip_unavailable' from command line to 'False'
[0.214s] Level 5:colcon.colcon_core.verb:set package 'passthrough_filter_cpp' build argument 'cmake_clean_cache' from command line to 'False'
[0.214s] Level 5:colcon.colcon_core.verb:set package 'passthrough_filter_cpp' build argument 'cmake_clean_first' from command line to 'False'
[0.214s] Level 5:colcon.colcon_core.verb:set package 'passthrough_filter_cpp' build argument 'cmake_force_configure' from command line to 'False'
[0.214s] Level 5:colcon.colcon_core.verb:set package 'passthrough_filter_cpp' build argument 'ament_cmake_args' from command line to 'None'
[0.214s] Level 5:colcon.colcon_core.verb:set package 'passthrough_filter_cpp' build argument 'catkin_cmake_args' from command line to 'None'
[0.214s] Level 5:colcon.colcon_core.verb:set package 'passthrough_filter_cpp' build argument 'catkin_skip_building_tests' from command line to 'False'
[0.214s] DEBUG:colcon.colcon_core.verb:Building package 'passthrough_filter_cpp' with the following arguments: {'ament_cmake_args': None, 'build_base': '/home/dhruv/ros2_sensor_ws/build/passthrough_filter_cpp', 'catkin_cmake_args': None, 'catkin_skip_building_tests': False, 'cmake_args': None, 'cmake_clean_cache': False, 'cmake_clean_first': False, 'cmake_force_configure': False, 'cmake_target': None, 'cmake_target_skip_unavailable': False, 'install_base': '/home/dhruv/ros2_sensor_ws/install/passthrough_filter_cpp', 'merge_install': False, 'path': '/home/dhruv/ros2_sensor_ws/src/sensor_fusion_pkg', 'symlink_install': False, 'test_result_base': None}
[0.214s] Level 5:colcon.colcon_core.verb:set package 'pointcloud_filter' build argument 'cmake_args' from command line to 'None'
[0.214s] Level 5:colcon.colcon_core.verb:set package 'pointcloud_filter' build argument 'cmake_target' from command line to 'None'
[0.214s] Level 5:colcon.colcon_core.verb:set package 'pointcloud_filter' build argument 'cmake_target_skip_unavailable' from command line to 'False'
[0.214s] Level 5:colcon.colcon_core.verb:set package 'pointcloud_filter' build argument 'cmake_clean_cache' from command line to 'False'
[0.214s] Level 5:colcon.colcon_core.verb:set package 'pointcloud_filter' build argument 'cmake_clean_first' from command line to 'False'
[0.214s] Level 5:colcon.colcon_core.verb:set package 'pointcloud_filter' build argument 'cmake_force_configure' from command line to 'False'
[0.214s] Level 5:colcon.colcon_core.verb:set package 'pointcloud_filter' build argument 'ament_cmake_args' from command line to 'None'
[0.214s] Level 5:colcon.colcon_core.verb:set package 'pointcloud_filter' build argument 'catkin_cmake_args' from command line to 'None'
[0.214s] Level 5:colcon.colcon_core.verb:set package 'pointcloud_filter' build argument 'catkin_skip_building_tests' from command line to 'False'
[0.214s] DEBUG:colcon.colcon_core.verb:Building package 'pointcloud_filter' with the following arguments: {'ament_cmake_args': None, 'build_base': '/home/dhruv/ros2_sensor_ws/build/pointcloud_filter', 'catkin_cmake_args': None, 'catkin_skip_building_tests': False, 'cmake_args': None, 'cmake_clean_cache': False, 'cmake_clean_first': False, 'cmake_force_configure': False, 'cmake_target': None, 'cmake_target_skip_unavailable': False, 'install_base': '/home/dhruv/ros2_sensor_ws/install/pointcloud_filter', 'merge_install': False, 'path': '/home/dhruv/ros2_sensor_ws/src/pointcloud_filter', 'symlink_install': False, 'test_result_base': None}
[0.215s] Level 5:colcon.colcon_core.verb:set package 'time_sync_tools' build argument 'cmake_args' from command line to 'None'
[0.215s] Level 5:colcon.colcon_core.verb:set package 'time_sync_tools' build argument 'cmake_target' from command line to 'None'
[0.215s] Level 5:colcon.colcon_core.verb:set package 'time_sync_tools' build argument 'cmake_target_skip_unavailable' from command line to 'False'
[0.215s] Level 5:colcon.colcon_core.verb:set package 'time_sync_tools' build argument 'cmake_clean_cache' from command line to 'False'
[0.215s] Level 5:colcon.colcon_core.verb:set package 'time_sync_tools' build argument 'cmake_clean_first' from command line to 'False'
[0.215s] Level 5:colcon.colcon_core.verb:set package 'time_sync_tools' build argument 'cmake_force_configure' from command line to 'False'
[0.215s] Level 5:colcon.colcon_core.verb:set package 'time_sync_tools' build argument 'ament_cmake_args' from command line to 'None'
[0.215s] Level 5:colcon.colcon_core.verb:set package 'time_sync_tools' build argument 'catkin_cmake_args' from command line to 'None'
[0.215s] Level 5:colcon.colcon_core.verb:set package 'time_sync_tools' build argument 'catkin_skip_building_tests' from command line to 'False'
[0.215s] DEBUG:colcon.colcon_core.verb:Building package 'time_sync_tools' with the following arguments: {'ament_cmake_args': None, 'build_base': '/home/dhruv/ros2_sensor_ws/build/time_sync_tools', 'catkin_cmake_args': None, 'catkin_skip_building_tests': False, 'cmake_args': None, 'cmake_clean_cache': False, 'cmake_clean_first': False, 'cmake_force_configure': False, 'cmake_target': None, 'cmake_target_skip_unavailable': False, 'install_base': '/home/dhruv/ros2_sensor_ws/install/time_sync_tools', 'merge_install': False, 'path': '/home/dhruv/ros2_sensor_ws/src/time_sync_tools', 'symlink_install': False, 'test_result_base': None}
[0.215s] INFO:colcon.colcon_core.executor:Executing jobs using 'parallel' executor
[0.215s] DEBUG:colcon.colcon_parallel_executor.executor.parallel:run_until_complete
[0.216s] INFO:colcon.colcon_ros.task.ament_cmake.build:Building ROS package in '/home/dhruv/ros2_sensor_ws/src/sensor_fusion_pkg' with build type 'ament_cmake'
[0.216s] INFO:colcon.colcon_cmake.task.cmake.build:Building CMake package in '/home/dhruv/ros2_sensor_ws/src/sensor_fusion_pkg'
[0.217s] INFO:colcon.colcon_core.plugin_system:Skipping extension 'colcon_core.shell.bat': Not used on non-Windows systems
[0.217s] INFO:colcon.colcon_core.shell:Skip shell extension 'powershell' for command environment: Not usable outside of PowerShell
[0.217s] DEBUG:colcon.colcon_core.shell:Skip shell extension 'dsv' for command environment
[0.219s] INFO:colcon.colcon_ros.task.ament_cmake.build:Building ROS package in '/home/dhruv/ros2_sensor_ws/src/pointcloud_filter' with build type 'ament_cmake'
[0.219s] INFO:colcon.colcon_cmake.task.cmake.build:Building CMake package in '/home/dhruv/ros2_sensor_ws/src/pointcloud_filter'
[0.219s] INFO:colcon.colcon_core.shell:Skip shell extension 'powershell' for command environment: Not usable outside of PowerShell
[0.219s] DEBUG:colcon.colcon_core.shell:Skip shell extension 'dsv' for command environment
[0.221s] INFO:colcon.colcon_ros.task.ament_python.build:Building ROS package in '/home/dhruv/ros2_sensor_ws/src/time_sync_tools' with build type 'ament_python'
[0.221s] Level 1:colcon.colcon_core.shell:create_environment_hook('time_sync_tools', 'ament_prefix_path')
[0.221s] INFO:colcon.colcon_core.shell:Creating environment hook '/home/dhruv/ros2_sensor_ws/install/time_sync_tools/share/time_sync_tools/hook/ament_prefix_path.ps1'
[0.222s] INFO:colcon.colcon_core.shell:Creating environment descriptor '/home/dhruv/ros2_sensor_ws/install/time_sync_tools/share/time_sync_tools/hook/ament_prefix_path.dsv'
[0.222s] INFO:colcon.colcon_core.shell:Creating environment hook '/home/dhruv/ros2_sensor_ws/install/time_sync_tools/share/time_sync_tools/hook/ament_prefix_path.sh'
[0.222s] INFO:colcon.colcon_core.shell:Skip shell extension 'powershell' for command environment: Not usable outside of PowerShell
[0.222s] DEBUG:colcon.colcon_core.shell:Skip shell extension 'dsv' for command environment
[0.226s] DEBUG:colcon.colcon_core.event_handler.log_command:Invoking command in '/home/dhruv/ros2_sensor_ws/build/passthrough_filter_cpp': CMAKE_PREFIX_PATH=${CMAKE_PREFIX_PATH}:/home/dhruv/ros2_ws/install/point_cloud_filter:/home/dhruv/ros2_sensor_ws/install/time_sync_tools:/home/dhruv/ros2_sensor_ws/install/sensor_fusion_pkg:/home/dhruv/ros2_sensor_ws/install/pointcloud_filter:/opt/ros/humble /usr/bin/cmake /home/dhruv/ros2_sensor_ws/src/sensor_fusion_pkg -DCMAKE_INSTALL_PREFIX=/home/dhruv/ros2_sensor_ws/install/passthrough_filter_cpp
[0.228s] DEBUG:colcon.colcon_core.event_handler.log_command:Invoking command in '/home/dhruv/ros2_sensor_ws/build/pointcloud_filter': CMAKE_PREFIX_PATH=${CMAKE_PREFIX_PATH}:/home/dhruv/ros2_ws/install/point_cloud_filter:/home/dhruv/ros2_sensor_ws/install/time_sync_tools:/home/dhruv/ros2_sensor_ws/install/sensor_fusion_pkg:/home/dhruv/ros2_sensor_ws/install/pointcloud_filter:/opt/ros/humble /usr/bin/cmake /home/dhruv/ros2_sensor_ws/src/pointcloud_filter -DCMAKE_INSTALL_PREFIX=/home/dhruv/ros2_sensor_ws/install/pointcloud_filter
[0.388s] INFO:colcon.colcon_core.task.python.build:Building Python package in '/home/dhruv/ros2_sensor_ws/src/time_sync_tools'
[0.388s] INFO:colcon.colcon_core.shell:Skip shell extension 'powershell' for command environment: Not usable outside of PowerShell
[0.388s] DEBUG:colcon.colcon_core.shell:Skip shell extension 'dsv' for command environment
[0.391s] Level 1:colcon.colcon_core.environment:create_environment_scripts_only(passthrough_filter_cpp)
[0.391s] DEBUG:colcon.colcon_core.event_handler.log_command:Invoked command in '/home/dhruv/ros2_sensor_ws/build/passthrough_filter_cpp' returned '1': CMAKE_PREFIX_PATH=${CMAKE_PREFIX_PATH}:/home/dhruv/ros2_ws/install/point_cloud_filter:/home/dhruv/ros2_sensor_ws/install/time_sync_tools:/home/dhruv/ros2_sensor_ws/install/sensor_fusion_pkg:/home/dhruv/ros2_sensor_ws/install/pointcloud_filter:/opt/ros/humble /usr/bin/cmake /home/dhruv/ros2_sensor_ws/src/sensor_fusion_pkg -DCMAKE_INSTALL_PREFIX=/home/dhruv/ros2_sensor_ws/install/passthrough_filter_cpp
[0.393s] Level 1:colcon.colcon_core.environment:checking '/home/dhruv/ros2_sensor_ws/install/passthrough_filter_cpp' for CMake module files
[0.393s] Level 1:colcon.colcon_core.environment:checking '/home/dhruv/ros2_sensor_ws/install/passthrough_filter_cpp' for CMake config files
[0.393s] Level 1:colcon.colcon_core.environment:checking '/home/dhruv/ros2_sensor_ws/install/passthrough_filter_cpp/bin'
[0.393s] Level 1:colcon.colcon_core.environment:checking '/home/dhruv/ros2_sensor_ws/install/passthrough_filter_cpp/lib/pkgconfig/passthrough_filter_cpp.pc'
[0.393s] Level 1:colcon.colcon_core.environment:checking '/home/dhruv/ros2_sensor_ws/install/passthrough_filter_cpp/lib/python3.10/site-packages'
[0.394s] Level 1:colcon.colcon_core.environment:checking '/home/dhruv/ros2_sensor_ws/install/passthrough_filter_cpp/bin'
[0.394s] INFO:colcon.colcon_core.shell:Creating package script '/home/dhruv/ros2_sensor_ws/install/passthrough_filter_cpp/share/passthrough_filter_cpp/package.ps1'
[0.394s] INFO:colcon.colcon_core.shell:Creating package descriptor '/home/dhruv/ros2_sensor_ws/install/passthrough_filter_cpp/share/passthrough_filter_cpp/package.dsv'
[0.394s] INFO:colcon.colcon_core.shell:Creating package script '/home/dhruv/ros2_sensor_ws/install/passthrough_filter_cpp/share/passthrough_filter_cpp/package.sh'
[0.395s] INFO:colcon.colcon_core.shell:Creating package script '/home/dhruv/ros2_sensor_ws/install/passthrough_filter_cpp/share/passthrough_filter_cpp/package.bash'
[0.395s] INFO:colcon.colcon_core.shell:Creating package script '/home/dhruv/ros2_sensor_ws/install/passthrough_filter_cpp/share/passthrough_filter_cpp/package.zsh'
[0.396s] Level 1:colcon.colcon_core.environment:create_file_with_runtime_dependencies(/home/dhruv/ros2_sensor_ws/install/passthrough_filter_cpp/share/colcon-core/packages/passthrough_filter_cpp)
[2.170s] DEBUG:colcon.colcon_parallel_executor.executor.parallel:closing loop
[2.170s] DEBUG:colcon.colcon_parallel_executor.executor.parallel:loop closed
[2.170s] DEBUG:colcon.colcon_parallel_executor.executor.parallel:run_until_complete finished with '1'
[2.170s] DEBUG:colcon.colcon_core.event_reactor:joining thread
[2.173s] INFO:colcon.colcon_core.plugin_system:Skipping extension 'colcon_notification.desktop_notification.terminal_notifier': Not used on non-Darwin systems
[2.173s] INFO:colcon.colcon_core.plugin_system:Skipping extension 'colcon_notification.desktop_notification.win32': Not used on non-Windows systems
[2.173s] INFO:colcon.colcon_notification.desktop_notification:Sending desktop notification using 'notify2'
[2.180s] DEBUG:colcon.colcon_core.event_reactor:joined thread
[2.180s] INFO:colcon.colcon_core.shell:Creating prefix script '/home/dhruv/ros2_sensor_ws/install/local_setup.ps1'
[2.181s] INFO:colcon.colcon_core.shell:Creating prefix util module '/home/dhruv/ros2_sensor_ws/install/_local_setup_util_ps1.py'
[2.182s] INFO:colcon.colcon_core.shell:Creating prefix chain script '/home/dhruv/ros2_sensor_ws/install/setup.ps1'
[2.182s] INFO:colcon.colcon_core.shell:Creating prefix script '/home/dhruv/ros2_sensor_ws/install/local_setup.sh'
[2.183s] INFO:colcon.colcon_core.shell:Creating prefix util module '/home/dhruv/ros2_sensor_ws/install/_local_setup_util_sh.py'
[2.183s] INFO:colcon.colcon_core.shell:Creating prefix chain script '/home/dhruv/ros2_sensor_ws/install/setup.sh'
[2.184s] INFO:colcon.colcon_core.shell:Creating prefix script '/home/dhruv/ros2_sensor_ws/install/local_setup.bash'
[2.184s] INFO:colcon.colcon_core.shell:Creating prefix chain script '/home/dhruv/ros2_sensor_ws/install/setup.bash'
[2.184s] INFO:colcon.colcon_core.shell:Creating prefix script '/home/dhruv/ros2_sensor_ws/install/local_setup.zsh'
[2.185s] INFO:colcon.colcon_core.shell:Creating prefix chain script '/home/dhruv/ros2_sensor_ws/install/setup.zsh'
