[0.000000] (-) TimerEvent: {}
[0.000104] (-) JobUnselected: {'identifier': 'pointcloud_filter'}
[0.000181] (-) JobUnselected: {'identifier': 'time_sync_tools'}
[0.000193] (sensor_fusion_pkg) JobQueued: {'identifier': 'sensor_fusion_pkg', 'dependencies': OrderedDict()}
[0.000335] (sensor_fusion_pkg) JobStarted: {'identifier': 'sensor_fusion_pkg'}
[0.099953] (-) TimerEvent: {}
[0.200174] (-) TimerEvent: {}
[0.300396] (-) TimerEvent: {}
[0.353286] (sensor_fusion_pkg) Command: {'cmd': ['/usr/bin/python3', '-W', 'ignore:setup.py install is deprecated', '-W', 'ignore:easy_install command is deprecated', 'setup.py', 'egg_info', '--egg-base', '../../build/sensor_fusion_pkg', 'build', '--build-base', '/home/dhruv/ros2_sensor_ws/build/sensor_fusion_pkg/build', 'install', '--record', '/home/dhruv/ros2_sensor_ws/build/sensor_fusion_pkg/install.log', '--single-version-externally-managed', 'install_data'], 'cwd': '/home/dhruv/ros2_sensor_ws/src/sensor_fusion_pkg', 'env': {'GJS_DEBUG_TOPICS': 'JS ERROR;JS LOG', 'USER': 'dhruv', 'XDG_SESSION_TYPE': 'wayland', 'SHLVL': '1', 'LD_LIBRARY_PATH': '/opt/ros/humble/opt/rviz_ogre_vendor/lib:/opt/ros/humble/lib/x86_64-linux-gnu:/opt/ros/humble/lib', 'HOME': '/home/dhruv', 'OLDPWD': '/home/dhruv/ros2_sensor_ws', 'DESKTOP_SESSION': 'ubuntu', 'GIO_LAUNCHED_DESKTOP_FILE': '/usr/share/applications/terminator.desktop', 'ROS_PYTHON_VERSION': '3', 'GNOME_SHELL_SESSION_MODE': 'ubuntu', 'GTK_MODULES': 'gail:atk-bridge', 'MANAGERPID': '1274', 'SYSTEMD_EXEC_PID': '1457', 'DBUS_SESSION_BUS_ADDRESS': 'unix:path=/run/user/1000/bus', 'COLORTERM': 'truecolor', 'TERMINATOR_DBUS_NAME': 'net.tenshu.Terminator25ef4b219e3b005583550f2b0f9f990c3', 'GIO_LAUNCHED_DESKTOP_FILE_PID': '44378', 'IM_CONFIG_PHASE': '1', 'WAYLAND_DISPLAY': 'wayland-0', 'COLCON_PREFIX_PATH': '/home/dhruv/ros2_sensor_ws/install:/home/dhruv/ros2_ws/install', 'ROS_DISTRO': 'humble', 'LOGNAME': 'dhruv', 'JOURNAL_STREAM': '8:6031', '_': '/usr/bin/colcon', 'ROS_VERSION': '2', 'XDG_SESSION_CLASS': 'user', 'USERNAME': 'dhruv', 'TERM': 'xterm-256color', 'GNOME_DESKTOP_SESSION_ID': 'this-is-deprecated', 'ROS_LOCALHOST_ONLY': '0', 'PATH': '/opt/ros/humble/bin:/usr/local/sbin:/usr/local/bin:/usr/sbin:/usr/bin:/sbin:/bin:/usr/games:/usr/local/games:/snap/bin:/snap/bin', 'SESSION_MANAGER': 'local/dhruv-Predator-PH315-54:@/tmp/.ICE-unix/1403,unix/dhruv-Predator-PH315-54:/tmp/.ICE-unix/1403', 'INVOCATION_ID': 'e5c7fc0d1503477fb1f03cafb88fea5e', 'XDG_MENU_PREFIX': 'gnome-', 'GNOME_SETUP_DISPLAY': ':1', 'XDG_RUNTIME_DIR': '/run/user/1000', 'DISPLAY': ':0', 'TERMINATOR_DBUS_PATH': '/net/tenshu/Terminator2', 'LANG': 'en_US.UTF-8', 'XDG_CURRENT_DESKTOP': 'ubuntu:GNOME', 'IBUS_DISABLE_SNOOPER': '1', 'XMODIFIERS': '@im=ibus', 'XDG_SESSION_DESKTOP': 'ubuntu', 'XAUTHORITY': '/run/user/1000/.mutter-Xwaylandauth.Y78IL3', 'SSH_AGENT_LAUNCHER': 'gnome-keyring', 'SSH_AUTH_SOCK': '/run/user/1000/keyring/ssh', 'AMENT_PREFIX_PATH': '/home/dhruv/ros2_ws/install/rplidar_ros:/home/dhruv/ros2_ws/install/point_cloud_filter:/home/dhruv/ros2_sensor_ws/install/time_sync_tools:/home/dhruv/ros2_sensor_ws/install/sensor_fusion_pkg:/home/dhruv/ros2_sensor_ws/install/pointcloud_filter:/opt/ros/humble', 'SHELL': '/bin/bash', 'TERMINATOR_UUID': 'urn:uuid:0ff93c48-28e9-4fec-951b-c173647e216f', 'QT_ACCESSIBILITY': '1', 'GDMSESSION': 'ubuntu', 'GJS_DEBUG_OUTPUT': 'stderr', 'QT_IM_MODULE': 'ibus', 'PWD': '/home/dhruv/ros2_sensor_ws/build/sensor_fusion_pkg', 'XDG_CONFIG_DIRS': '/etc/xdg/xdg-ubuntu:/etc/xdg', 'XDG_DATA_DIRS': '/usr/share/ubuntu:/usr/local/share/:/usr/share/:/var/lib/snapd/desktop', 'PYTHONPATH': '/home/dhruv/ros2_sensor_ws/build/sensor_fusion_pkg/prefix_override:/usr/lib/python3/dist-packages/colcon_core/task/python/colcon_distutils_commands:/home/dhruv/ros2_sensor_ws/install/sensor_fusion_pkg/lib/python3.10/site-packages:/home/dhruv/ros2_ws/install/point_cloud_filter/lib/python3.10/site-packages:/home/dhruv/ros2_sensor_ws/install/time_sync_tools/lib/python3.10/site-packages:/home/dhruv/ros2_sensor_ws/install/sensor_fusion_pkg/lib/python3.10/site-packages:/opt/ros/humble/lib/python3.10/site-packages:/opt/ros/humble/local/lib/python3.10/dist-packages', 'COLCON': '1', 'VTE_VERSION': '6800', 'CMAKE_PREFIX_PATH': '/home/dhruv/ros2_ws/install/rplidar_ros:/home/dhruv/ros2_sensor_ws/install/pointcloud_filter'}, 'shell': False}
[0.400555] (-) TimerEvent: {}
[0.497218] (sensor_fusion_pkg) StdoutLine: {'line': b'running egg_info\n'}
[0.497535] (sensor_fusion_pkg) StdoutLine: {'line': b'writing ../../build/sensor_fusion_pkg/sensor_fusion_pkg.egg-info/PKG-INFO\n'}
[0.497630] (sensor_fusion_pkg) StdoutLine: {'line': b'writing dependency_links to ../../build/sensor_fusion_pkg/sensor_fusion_pkg.egg-info/dependency_links.txt\n'}
[0.497726] (sensor_fusion_pkg) StdoutLine: {'line': b'writing entry points to ../../build/sensor_fusion_pkg/sensor_fusion_pkg.egg-info/entry_points.txt\n'}
[0.497781] (sensor_fusion_pkg) StdoutLine: {'line': b'writing requirements to ../../build/sensor_fusion_pkg/sensor_fusion_pkg.egg-info/requires.txt\n'}
[0.497815] (sensor_fusion_pkg) StdoutLine: {'line': b'writing top-level names to ../../build/sensor_fusion_pkg/sensor_fusion_pkg.egg-info/top_level.txt\n'}
[0.498800] (sensor_fusion_pkg) StdoutLine: {'line': b"reading manifest file '../../build/sensor_fusion_pkg/sensor_fusion_pkg.egg-info/SOURCES.txt'\n"}
[0.499233] (sensor_fusion_pkg) StdoutLine: {'line': b"writing manifest file '../../build/sensor_fusion_pkg/sensor_fusion_pkg.egg-info/SOURCES.txt'\n"}
[0.499292] (sensor_fusion_pkg) StdoutLine: {'line': b'running build\n'}
[0.499335] (sensor_fusion_pkg) StdoutLine: {'line': b'running build_py\n'}
[0.499671] (sensor_fusion_pkg) StdoutLine: {'line': b'running install\n'}
[0.499804] (sensor_fusion_pkg) StdoutLine: {'line': b'running install_lib\n'}
[0.500227] (sensor_fusion_pkg) StdoutLine: {'line': b'creating /home/dhruv/ros2_sensor_ws/install/sensor_fusion_pkg/lib/python3.10/site-packages/sensor_fusion_pkg\n'}
[0.500279] (sensor_fusion_pkg) StdoutLine: {'line': b'copying /home/dhruv/ros2_sensor_ws/build/sensor_fusion_pkg/build/lib/sensor_fusion_pkg/fusion.py -> /home/dhruv/ros2_sensor_ws/install/sensor_fusion_pkg/lib/python3.10/site-packages/sensor_fusion_pkg\n'}
[0.500329] (sensor_fusion_pkg) StdoutLine: {'line': b'copying /home/dhruv/ros2_sensor_ws/build/sensor_fusion_pkg/build/lib/sensor_fusion_pkg/__init__.py -> /home/dhruv/ros2_sensor_ws/install/sensor_fusion_pkg/lib/python3.10/site-packages/sensor_fusion_pkg\n'}
[0.500375] (sensor_fusion_pkg) StdoutLine: {'line': b'copying /home/dhruv/ros2_sensor_ws/build/sensor_fusion_pkg/build/lib/sensor_fusion_pkg/time_sync_monitor.py -> /home/dhruv/ros2_sensor_ws/install/sensor_fusion_pkg/lib/python3.10/site-packages/sensor_fusion_pkg\n'}
[0.500415] (sensor_fusion_pkg) StdoutLine: {'line': b'copying /home/dhruv/ros2_sensor_ws/build/sensor_fusion_pkg/build/lib/sensor_fusion_pkg/lidar_to_pointcloud.py -> /home/dhruv/ros2_sensor_ws/install/sensor_fusion_pkg/lib/python3.10/site-packages/sensor_fusion_pkg\n'}
[0.500461] (sensor_fusion_pkg) StdoutLine: {'line': b'copying /home/dhruv/ros2_sensor_ws/build/sensor_fusion_pkg/build/lib/sensor_fusion_pkg/voxel_filter.py -> /home/dhruv/ros2_sensor_ws/install/sensor_fusion_pkg/lib/python3.10/site-packages/sensor_fusion_pkg\n'}
[0.500601] (-) TimerEvent: {}
[0.500695] (sensor_fusion_pkg) StdoutLine: {'line': b'byte-compiling /home/dhruv/ros2_sensor_ws/install/sensor_fusion_pkg/lib/python3.10/site-packages/sensor_fusion_pkg/fusion.py to fusion.cpython-310.pyc\n'}
[0.501147] (sensor_fusion_pkg) StdoutLine: {'line': b'byte-compiling /home/dhruv/ros2_sensor_ws/install/sensor_fusion_pkg/lib/python3.10/site-packages/sensor_fusion_pkg/__init__.py to __init__.cpython-310.pyc\n'}
[0.501194] (sensor_fusion_pkg) StdoutLine: {'line': b'byte-compiling /home/dhruv/ros2_sensor_ws/install/sensor_fusion_pkg/lib/python3.10/site-packages/sensor_fusion_pkg/time_sync_monitor.py to time_sync_monitor.cpython-310.pyc\n'}
[0.501986] (sensor_fusion_pkg) StdoutLine: {'line': b'byte-compiling /home/dhruv/ros2_sensor_ws/install/sensor_fusion_pkg/lib/python3.10/site-packages/sensor_fusion_pkg/lidar_to_pointcloud.py to lidar_to_pointcloud.cpython-310.pyc\n'}
[0.502177] (sensor_fusion_pkg) StdoutLine: {'line': b'byte-compiling /home/dhruv/ros2_sensor_ws/install/sensor_fusion_pkg/lib/python3.10/site-packages/sensor_fusion_pkg/voxel_filter.py to voxel_filter.cpython-310.pyc\n'}
[0.502750] (sensor_fusion_pkg) StdoutLine: {'line': b'running install_data\n'}
[0.502803] (sensor_fusion_pkg) StdoutLine: {'line': b'creating /home/dhruv/ros2_sensor_ws/install/sensor_fusion_pkg/share/ament_index\n'}
[0.502864] (sensor_fusion_pkg) StdoutLine: {'line': b'creating /home/dhruv/ros2_sensor_ws/install/sensor_fusion_pkg/share/ament_index/resource_index\n'}
[0.502897] (sensor_fusion_pkg) StdoutLine: {'line': b'creating /home/dhruv/ros2_sensor_ws/install/sensor_fusion_pkg/share/ament_index/resource_index/packages\n'}
[0.502931] (sensor_fusion_pkg) StdoutLine: {'line': b'copying resource/sensor_fusion_pkg -> /home/dhruv/ros2_sensor_ws/install/sensor_fusion_pkg/share/ament_index/resource_index/packages\n'}
[0.502990] (sensor_fusion_pkg) StdoutLine: {'line': b'copying package.xml -> /home/dhruv/ros2_sensor_ws/install/sensor_fusion_pkg/share/sensor_fusion_pkg\n'}
[0.503036] (sensor_fusion_pkg) StdoutLine: {'line': b'creating /home/dhruv/ros2_sensor_ws/install/sensor_fusion_pkg/share/sensor_fusion_pkg/launch\n'}
[0.503070] (sensor_fusion_pkg) StdoutLine: {'line': b'copying launch/complete_pipeline.launch.py -> /home/dhruv/ros2_sensor_ws/install/sensor_fusion_pkg/share/sensor_fusion_pkg/launch\n'}
[0.503101] (sensor_fusion_pkg) StdoutLine: {'line': b'running install_egg_info\n'}
[0.504121] (sensor_fusion_pkg) StdoutLine: {'line': b'Copying ../../build/sensor_fusion_pkg/sensor_fusion_pkg.egg-info to /home/dhruv/ros2_sensor_ws/install/sensor_fusion_pkg/lib/python3.10/site-packages/sensor_fusion_pkg-0.0.0-py3.10.egg-info\n'}
[0.504505] (sensor_fusion_pkg) StdoutLine: {'line': b'running install_scripts\n'}
[0.517085] (sensor_fusion_pkg) StdoutLine: {'line': b'Installing fusion script to /home/dhruv/ros2_sensor_ws/install/sensor_fusion_pkg/lib/sensor_fusion_pkg\n'}
[0.517177] (sensor_fusion_pkg) StdoutLine: {'line': b'Installing lidar_to_pointcloud script to /home/dhruv/ros2_sensor_ws/install/sensor_fusion_pkg/lib/sensor_fusion_pkg\n'}
[0.517215] (sensor_fusion_pkg) StdoutLine: {'line': b'Installing time_sync_monitor script to /home/dhruv/ros2_sensor_ws/install/sensor_fusion_pkg/lib/sensor_fusion_pkg\n'}
[0.517247] (sensor_fusion_pkg) StdoutLine: {'line': b'Installing voxel_filter script to /home/dhruv/ros2_sensor_ws/install/sensor_fusion_pkg/lib/sensor_fusion_pkg\n'}
[0.517303] (sensor_fusion_pkg) StdoutLine: {'line': b"writing list of installed files to '/home/dhruv/ros2_sensor_ws/build/sensor_fusion_pkg/install.log'\n"}
[0.530622] (sensor_fusion_pkg) CommandEnded: {'returncode': 0}
[0.537318] (sensor_fusion_pkg) JobEnded: {'identifier': 'sensor_fusion_pkg', 'rc': 0}
[0.537794] (-) EventReactorShutdown: {}
