[0.075s] DEBUG:colcon:Command line arguments: ['/usr/bin/colcon', 'build', '--packages-select', 'pointcloud_filter']
[0.075s] DEBUG:colcon:Parsed command line arguments: Namespace(log_base=None, log_level=None, verb_name='build', build_base='build', install_base='install', merge_install=False, symlink_install=False, test_result_base=None, continue_on_error=False, executor='parallel', parallel_workers=16, event_handlers=None, ignore_user_meta=False, metas=['./colcon.meta'], base_paths=['.'], packages_ignore=None, packages_ignore_regex=None, paths=None, packages_up_to=None, packages_up_to_regex=None, packages_above=None, packages_above_and_dependencies=None, packages_above_depth=None, packages_select_by_dep=None, packages_skip_by_dep=None, packages_skip_up_to=None, packages_select_build_failed=False, packages_skip_build_finished=False, packages_select_test_failures=False, packages_skip_test_passed=False, packages_select=['pointcloud_filter'], packages_skip=None, packages_select_regex=None, packages_skip_regex=None, packages_start=None, packages_end=None, allow_overriding=[], cmake_args=None, cmake_target=None, cmake_target_skip_unavailable=False, cmake_clean_cache=False, cmake_clean_first=False, cmake_force_configure=False, ament_cmake_args=None, catkin_cmake_args=None, catkin_skip_building_tests=False, mixin_files=None, mixin=None, verb_parser=<colcon_mixin.mixin.mixin_argument.MixinArgumentDecorator object at 0x76dd36a56da0>, verb_extension=<colcon_core.verb.build.BuildVerb object at 0x76dd36b4fc40>, main=<bound method BuildVerb.main of <colcon_core.verb.build.BuildVerb object at 0x76dd36b4fc40>>, mixin_verb=('build',))
[0.186s] Level 1:colcon.colcon_core.package_discovery:discover_packages(colcon_meta) check parameters
[0.186s] Level 1:colcon.colcon_core.package_discovery:discover_packages(recursive) check parameters
[0.186s] Level 1:colcon.colcon_core.package_discovery:discover_packages(ignore) check parameters
[0.187s] Level 1:colcon.colcon_core.package_discovery:discover_packages(path) check parameters
[0.187s] Level 1:colcon.colcon_core.package_discovery:discover_packages(colcon_meta) discover
[0.187s] Level 1:colcon.colcon_core.package_discovery:discover_packages(recursive) discover
[0.187s] INFO:colcon.colcon_core.package_discovery:Crawling recursively for packages in '/home/dhruv/ros2_sensor_ws'
[0.187s] Level 1:colcon.colcon_core.package_identification:_identify(.) by extensions ['ignore', 'ignore_ament_install']
[0.187s] Level 1:colcon.colcon_core.package_identification:_identify(.) by extension 'ignore'
[0.187s] Level 1:colcon.colcon_core.package_identification:_identify(.) by extension 'ignore_ament_install'
[0.187s] Level 1:colcon.colcon_core.package_identification:_identify(.) by extensions ['colcon_pkg']
[0.187s] Level 1:colcon.colcon_core.package_identification:_identify(.) by extension 'colcon_pkg'
[0.187s] Level 1:colcon.colcon_core.package_identification:_identify(.) by extensions ['colcon_meta']
[0.187s] Level 1:colcon.colcon_core.package_identification:_identify(.) by extension 'colcon_meta'
[0.187s] Level 1:colcon.colcon_core.package_identification:_identify(.) by extensions ['ros']
[0.187s] Level 1:colcon.colcon_core.package_identification:_identify(.) by extension 'ros'
[0.194s] Level 1:colcon.colcon_core.package_identification:_identify(.) by extensions ['cmake', 'python']
[0.194s] Level 1:colcon.colcon_core.package_identification:_identify(.) by extension 'cmake'
[0.194s] Level 1:colcon.colcon_core.package_identification:_identify(.) by extension 'python'
[0.194s] Level 1:colcon.colcon_core.package_identification:_identify(.) by extensions ['python_setup_py']
[0.194s] Level 1:colcon.colcon_core.package_identification:_identify(.) by extension 'python_setup_py'
[0.194s] Level 1:colcon.colcon_core.package_identification:_identify(build) by extensions ['ignore', 'ignore_ament_install']
[0.194s] Level 1:colcon.colcon_core.package_identification:_identify(build) by extension 'ignore'
[0.194s] Level 1:colcon.colcon_core.package_identification:_identify(build) ignored
[0.194s] Level 1:colcon.colcon_core.package_identification:_identify(install) by extensions ['ignore', 'ignore_ament_install']
[0.194s] Level 1:colcon.colcon_core.package_identification:_identify(install) by extension 'ignore'
[0.194s] Level 1:colcon.colcon_core.package_identification:_identify(install) ignored
[0.195s] Level 1:colcon.colcon_core.package_identification:_identify(log) by extensions ['ignore', 'ignore_ament_install']
[0.195s] Level 1:colcon.colcon_core.package_identification:_identify(log) by extension 'ignore'
[0.195s] Level 1:colcon.colcon_core.package_identification:_identify(log) ignored
[0.195s] Level 1:colcon.colcon_core.package_identification:_identify(src) by extensions ['ignore', 'ignore_ament_install']
[0.195s] Level 1:colcon.colcon_core.package_identification:_identify(src) by extension 'ignore'
[0.195s] Level 1:colcon.colcon_core.package_identification:_identify(src) by extension 'ignore_ament_install'
[0.195s] Level 1:colcon.colcon_core.package_identification:_identify(src) by extensions ['colcon_pkg']
[0.195s] Level 1:colcon.colcon_core.package_identification:_identify(src) by extension 'colcon_pkg'
[0.195s] Level 1:colcon.colcon_core.package_identification:_identify(src) by extensions ['colcon_meta']
[0.195s] Level 1:colcon.colcon_core.package_identification:_identify(src) by extension 'colcon_meta'
[0.195s] Level 1:colcon.colcon_core.package_identification:_identify(src) by extensions ['ros']
[0.195s] Level 1:colcon.colcon_core.package_identification:_identify(src) by extension 'ros'
[0.195s] Level 1:colcon.colcon_core.package_identification:_identify(src) by extensions ['cmake', 'python']
[0.195s] Level 1:colcon.colcon_core.package_identification:_identify(src) by extension 'cmake'
[0.195s] Level 1:colcon.colcon_core.package_identification:_identify(src) by extension 'python'
[0.195s] Level 1:colcon.colcon_core.package_identification:_identify(src) by extensions ['python_setup_py']
[0.195s] Level 1:colcon.colcon_core.package_identification:_identify(src) by extension 'python_setup_py'
[0.195s] Level 1:colcon.colcon_core.package_identification:_identify(src/pointcloud_filter) by extensions ['ignore', 'ignore_ament_install']
[0.195s] Level 1:colcon.colcon_core.package_identification:_identify(src/pointcloud_filter) by extension 'ignore'
[0.195s] Level 1:colcon.colcon_core.package_identification:_identify(src/pointcloud_filter) by extension 'ignore_ament_install'
[0.195s] Level 1:colcon.colcon_core.package_identification:_identify(src/pointcloud_filter) by extensions ['colcon_pkg']
[0.195s] Level 1:colcon.colcon_core.package_identification:_identify(src/pointcloud_filter) by extension 'colcon_pkg'
[0.195s] Level 1:colcon.colcon_core.package_identification:_identify(src/pointcloud_filter) by extensions ['colcon_meta']
[0.195s] Level 1:colcon.colcon_core.package_identification:_identify(src/pointcloud_filter) by extension 'colcon_meta'
[0.195s] Level 1:colcon.colcon_core.package_identification:_identify(src/pointcloud_filter) by extensions ['ros']
[0.195s] Level 1:colcon.colcon_core.package_identification:_identify(src/pointcloud_filter) by extension 'ros'
[0.197s] DEBUG:colcon.colcon_core.package_identification:Package 'src/pointcloud_filter' with type 'ros.ament_cmake' and name 'pointcloud_filter'
[0.197s] Level 1:colcon.colcon_core.package_identification:_identify(src/sensor_fusion_pkg) by extensions ['ignore', 'ignore_ament_install']
[0.197s] Level 1:colcon.colcon_core.package_identification:_identify(src/sensor_fusion_pkg) by extension 'ignore'
[0.197s] Level 1:colcon.colcon_core.package_identification:_identify(src/sensor_fusion_pkg) by extension 'ignore_ament_install'
[0.197s] Level 1:colcon.colcon_core.package_identification:_identify(src/sensor_fusion_pkg) by extensions ['colcon_pkg']
[0.197s] Level 1:colcon.colcon_core.package_identification:_identify(src/sensor_fusion_pkg) by extension 'colcon_pkg'
[0.197s] Level 1:colcon.colcon_core.package_identification:_identify(src/sensor_fusion_pkg) by extensions ['colcon_meta']
[0.197s] Level 1:colcon.colcon_core.package_identification:_identify(src/sensor_fusion_pkg) by extension 'colcon_meta'
[0.197s] Level 1:colcon.colcon_core.package_identification:_identify(src/sensor_fusion_pkg) by extensions ['ros']
[0.198s] Level 1:colcon.colcon_core.package_identification:_identify(src/sensor_fusion_pkg) by extension 'ros'
[0.198s] DEBUG:colcon.colcon_core.package_identification:Package 'src/sensor_fusion_pkg' with type 'ros.ament_python' and name 'sensor_fusion_pkg'
[0.198s] Level 1:colcon.colcon_core.package_identification:_identify(src/time_sync_tools) by extensions ['ignore', 'ignore_ament_install']
[0.198s] Level 1:colcon.colcon_core.package_identification:_identify(src/time_sync_tools) by extension 'ignore'
[0.198s] Level 1:colcon.colcon_core.package_identification:_identify(src/time_sync_tools) by extension 'ignore_ament_install'
[0.198s] Level 1:colcon.colcon_core.package_identification:_identify(src/time_sync_tools) by extensions ['colcon_pkg']
[0.198s] Level 1:colcon.colcon_core.package_identification:_identify(src/time_sync_tools) by extension 'colcon_pkg'
[0.198s] Level 1:colcon.colcon_core.package_identification:_identify(src/time_sync_tools) by extensions ['colcon_meta']
[0.198s] Level 1:colcon.colcon_core.package_identification:_identify(src/time_sync_tools) by extension 'colcon_meta'
[0.198s] Level 1:colcon.colcon_core.package_identification:_identify(src/time_sync_tools) by extensions ['ros']
[0.198s] Level 1:colcon.colcon_core.package_identification:_identify(src/time_sync_tools) by extension 'ros'
[0.199s] DEBUG:colcon.colcon_core.package_identification:Package 'src/time_sync_tools' with type 'ros.ament_python' and name 'time_sync_tools'
[0.199s] Level 1:colcon.colcon_core.package_discovery:discover_packages(recursive) using defaults
[0.199s] Level 1:colcon.colcon_core.package_discovery:discover_packages(ignore) discover
[0.199s] Level 1:colcon.colcon_core.package_discovery:discover_packages(ignore) using defaults
[0.199s] Level 1:colcon.colcon_core.package_discovery:discover_packages(path) discover
[0.199s] Level 1:colcon.colcon_core.package_discovery:discover_packages(path) using defaults
[0.219s] INFO:colcon.colcon_core.package_selection:Skipping not selected package 'sensor_fusion_pkg' in 'src/sensor_fusion_pkg'
[0.219s] INFO:colcon.colcon_core.package_selection:Skipping not selected package 'time_sync_tools' in 'src/time_sync_tools'
[0.219s] Level 1:colcon.colcon_core.package_discovery:discover_packages(prefix_path) check parameters
[0.219s] Level 1:colcon.colcon_core.package_discovery:discover_packages(prefix_path) discover
[0.220s] DEBUG:colcon.colcon_installed_package_information.package_discovery:Found 3 installed packages in /home/dhruv/ros2_sensor_ws/install
[0.221s] DEBUG:colcon.colcon_installed_package_information.package_discovery:Found 2 installed packages in /home/dhruv/ros2_ws/install
[0.221s] DEBUG:colcon.colcon_installed_package_information.package_discovery:Found 278 installed packages in /opt/ros/humble
[0.222s] Level 1:colcon.colcon_core.package_discovery:discover_packages(prefix_path) using defaults
[0.247s] Level 5:colcon.colcon_core.verb:set package 'pointcloud_filter' build argument 'cmake_args' from command line to 'None'
[0.247s] Level 5:colcon.colcon_core.verb:set package 'pointcloud_filter' build argument 'cmake_target' from command line to 'None'
[0.247s] Level 5:colcon.colcon_core.verb:set package 'pointcloud_filter' build argument 'cmake_target_skip_unavailable' from command line to 'False'
[0.247s] Level 5:colcon.colcon_core.verb:set package 'pointcloud_filter' build argument 'cmake_clean_cache' from command line to 'False'
[0.247s] Level 5:colcon.colcon_core.verb:set package 'pointcloud_filter' build argument 'cmake_clean_first' from command line to 'False'
[0.247s] Level 5:colcon.colcon_core.verb:set package 'pointcloud_filter' build argument 'cmake_force_configure' from command line to 'False'
[0.247s] Level 5:colcon.colcon_core.verb:set package 'pointcloud_filter' build argument 'ament_cmake_args' from command line to 'None'
[0.247s] Level 5:colcon.colcon_core.verb:set package 'pointcloud_filter' build argument 'catkin_cmake_args' from command line to 'None'
[0.247s] Level 5:colcon.colcon_core.verb:set package 'pointcloud_filter' build argument 'catkin_skip_building_tests' from command line to 'False'
[0.247s] DEBUG:colcon.colcon_core.verb:Building package 'pointcloud_filter' with the following arguments: {'ament_cmake_args': None, 'build_base': '/home/dhruv/ros2_sensor_ws/build/pointcloud_filter', 'catkin_cmake_args': None, 'catkin_skip_building_tests': False, 'cmake_args': None, 'cmake_clean_cache': False, 'cmake_clean_first': False, 'cmake_force_configure': False, 'cmake_target': None, 'cmake_target_skip_unavailable': False, 'install_base': '/home/dhruv/ros2_sensor_ws/install/pointcloud_filter', 'merge_install': False, 'path': '/home/dhruv/ros2_sensor_ws/src/pointcloud_filter', 'symlink_install': False, 'test_result_base': None}
[0.247s] INFO:colcon.colcon_core.executor:Executing jobs using 'parallel' executor
[0.248s] DEBUG:colcon.colcon_parallel_executor.executor.parallel:run_until_complete
[0.248s] INFO:colcon.colcon_ros.task.ament_cmake.build:Building ROS package in '/home/dhruv/ros2_sensor_ws/src/pointcloud_filter' with build type 'ament_cmake'
[0.248s] INFO:colcon.colcon_cmake.task.cmake.build:Building CMake package in '/home/dhruv/ros2_sensor_ws/src/pointcloud_filter'
[0.249s] INFO:colcon.colcon_core.plugin_system:Skipping extension 'colcon_core.shell.bat': Not used on non-Windows systems
[0.250s] INFO:colcon.colcon_core.shell:Skip shell extension 'powershell' for command environment: Not usable outside of PowerShell
[0.250s] DEBUG:colcon.colcon_core.shell:Skip shell extension 'dsv' for command environment
[0.257s] DEBUG:colcon.colcon_core.event_handler.log_command:Invoking command in '/home/dhruv/ros2_sensor_ws/build/pointcloud_filter': CMAKE_PREFIX_PATH=${CMAKE_PREFIX_PATH}:/home/dhruv/ros2_ws/install/point_cloud_filter:/home/dhruv/ros2_sensor_ws/install/time_sync_tools:/home/dhruv/ros2_sensor_ws/install/sensor_fusion_pkg:/opt/ros/humble /usr/bin/cmake --build /home/dhruv/ros2_sensor_ws/build/pointcloud_filter -- -j16 -l16
[9.498s] DEBUG:colcon.colcon_core.event_handler.log_command:Invoked command in '/home/dhruv/ros2_sensor_ws/build/pointcloud_filter' returned '0': CMAKE_PREFIX_PATH=${CMAKE_PREFIX_PATH}:/home/dhruv/ros2_ws/install/point_cloud_filter:/home/dhruv/ros2_sensor_ws/install/time_sync_tools:/home/dhruv/ros2_sensor_ws/install/sensor_fusion_pkg:/opt/ros/humble /usr/bin/cmake --build /home/dhruv/ros2_sensor_ws/build/pointcloud_filter -- -j16 -l16
[9.505s] DEBUG:colcon.colcon_core.event_handler.log_command:Invoking command in '/home/dhruv/ros2_sensor_ws/build/pointcloud_filter': CMAKE_PREFIX_PATH=${CMAKE_PREFIX_PATH}:/home/dhruv/ros2_ws/install/point_cloud_filter:/home/dhruv/ros2_sensor_ws/install/time_sync_tools:/home/dhruv/ros2_sensor_ws/install/sensor_fusion_pkg:/opt/ros/humble /usr/bin/cmake --install /home/dhruv/ros2_sensor_ws/build/pointcloud_filter
[9.518s] Level 1:colcon.colcon_core.environment:create_environment_scripts_only(pointcloud_filter)
[9.519s] DEBUG:colcon.colcon_core.event_handler.log_command:Invoked command in '/home/dhruv/ros2_sensor_ws/build/pointcloud_filter' returned '0': CMAKE_PREFIX_PATH=${CMAKE_PREFIX_PATH}:/home/dhruv/ros2_ws/install/point_cloud_filter:/home/dhruv/ros2_sensor_ws/install/time_sync_tools:/home/dhruv/ros2_sensor_ws/install/sensor_fusion_pkg:/opt/ros/humble /usr/bin/cmake --install /home/dhruv/ros2_sensor_ws/build/pointcloud_filter
[9.520s] Level 1:colcon.colcon_core.environment:checking '/home/dhruv/ros2_sensor_ws/install/pointcloud_filter' for CMake module files
[9.520s] Level 1:colcon.colcon_core.environment:checking '/home/dhruv/ros2_sensor_ws/install/pointcloud_filter' for CMake config files
[9.521s] Level 1:colcon.colcon_core.shell:create_environment_hook('pointcloud_filter', 'cmake_prefix_path')
[9.521s] INFO:colcon.colcon_core.shell:Creating environment hook '/home/dhruv/ros2_sensor_ws/install/pointcloud_filter/share/pointcloud_filter/hook/cmake_prefix_path.ps1'
[9.521s] INFO:colcon.colcon_core.shell:Creating environment descriptor '/home/dhruv/ros2_sensor_ws/install/pointcloud_filter/share/pointcloud_filter/hook/cmake_prefix_path.dsv'
[9.522s] INFO:colcon.colcon_core.shell:Creating environment hook '/home/dhruv/ros2_sensor_ws/install/pointcloud_filter/share/pointcloud_filter/hook/cmake_prefix_path.sh'
[9.522s] Level 1:colcon.colcon_core.environment:checking '/home/dhruv/ros2_sensor_ws/install/pointcloud_filter/lib'
[9.522s] Level 1:colcon.colcon_core.environment:checking '/home/dhruv/ros2_sensor_ws/install/pointcloud_filter/bin'
[9.522s] Level 1:colcon.colcon_core.environment:checking '/home/dhruv/ros2_sensor_ws/install/pointcloud_filter/lib/pkgconfig/pointcloud_filter.pc'
[9.522s] Level 1:colcon.colcon_core.environment:checking '/home/dhruv/ros2_sensor_ws/install/pointcloud_filter/lib/python3.10/site-packages'
[9.523s] Level 1:colcon.colcon_core.environment:checking '/home/dhruv/ros2_sensor_ws/install/pointcloud_filter/bin'
[9.523s] INFO:colcon.colcon_core.shell:Creating package script '/home/dhruv/ros2_sensor_ws/install/pointcloud_filter/share/pointcloud_filter/package.ps1'
[9.523s] INFO:colcon.colcon_core.shell:Creating package descriptor '/home/dhruv/ros2_sensor_ws/install/pointcloud_filter/share/pointcloud_filter/package.dsv'
[9.524s] INFO:colcon.colcon_core.shell:Creating package script '/home/dhruv/ros2_sensor_ws/install/pointcloud_filter/share/pointcloud_filter/package.sh'
[9.524s] INFO:colcon.colcon_core.shell:Creating package script '/home/dhruv/ros2_sensor_ws/install/pointcloud_filter/share/pointcloud_filter/package.bash'
[9.524s] INFO:colcon.colcon_core.shell:Creating package script '/home/dhruv/ros2_sensor_ws/install/pointcloud_filter/share/pointcloud_filter/package.zsh'
[9.525s] Level 1:colcon.colcon_core.environment:create_file_with_runtime_dependencies(/home/dhruv/ros2_sensor_ws/install/pointcloud_filter/share/colcon-core/packages/pointcloud_filter)
[9.525s] Level 1:colcon.colcon_core.environment:create_environment_scripts_only(pointcloud_filter)
[9.525s] Level 1:colcon.colcon_core.environment:checking '/home/dhruv/ros2_sensor_ws/install/pointcloud_filter' for CMake module files
[9.526s] Level 1:colcon.colcon_core.environment:checking '/home/dhruv/ros2_sensor_ws/install/pointcloud_filter' for CMake config files
[9.526s] Level 1:colcon.colcon_core.shell:create_environment_hook('pointcloud_filter', 'cmake_prefix_path')
[9.526s] INFO:colcon.colcon_core.shell:Creating environment hook '/home/dhruv/ros2_sensor_ws/install/pointcloud_filter/share/pointcloud_filter/hook/cmake_prefix_path.ps1'
[9.526s] INFO:colcon.colcon_core.shell:Creating environment descriptor '/home/dhruv/ros2_sensor_ws/install/pointcloud_filter/share/pointcloud_filter/hook/cmake_prefix_path.dsv'
[9.526s] INFO:colcon.colcon_core.shell:Creating environment hook '/home/dhruv/ros2_sensor_ws/install/pointcloud_filter/share/pointcloud_filter/hook/cmake_prefix_path.sh'
[9.527s] Level 1:colcon.colcon_core.environment:checking '/home/dhruv/ros2_sensor_ws/install/pointcloud_filter/lib'
[9.527s] Level 1:colcon.colcon_core.environment:checking '/home/dhruv/ros2_sensor_ws/install/pointcloud_filter/bin'
[9.527s] Level 1:colcon.colcon_core.environment:checking '/home/dhruv/ros2_sensor_ws/install/pointcloud_filter/lib/pkgconfig/pointcloud_filter.pc'
[9.527s] Level 1:colcon.colcon_core.environment:checking '/home/dhruv/ros2_sensor_ws/install/pointcloud_filter/lib/python3.10/site-packages'
[9.527s] Level 1:colcon.colcon_core.environment:checking '/home/dhruv/ros2_sensor_ws/install/pointcloud_filter/bin'
[9.527s] INFO:colcon.colcon_core.shell:Creating package script '/home/dhruv/ros2_sensor_ws/install/pointcloud_filter/share/pointcloud_filter/package.ps1'
[9.527s] INFO:colcon.colcon_core.shell:Creating package descriptor '/home/dhruv/ros2_sensor_ws/install/pointcloud_filter/share/pointcloud_filter/package.dsv'
[9.528s] INFO:colcon.colcon_core.shell:Creating package script '/home/dhruv/ros2_sensor_ws/install/pointcloud_filter/share/pointcloud_filter/package.sh'
[9.528s] INFO:colcon.colcon_core.shell:Creating package script '/home/dhruv/ros2_sensor_ws/install/pointcloud_filter/share/pointcloud_filter/package.bash'
[9.528s] INFO:colcon.colcon_core.shell:Creating package script '/home/dhruv/ros2_sensor_ws/install/pointcloud_filter/share/pointcloud_filter/package.zsh'
[9.528s] Level 1:colcon.colcon_core.environment:create_file_with_runtime_dependencies(/home/dhruv/ros2_sensor_ws/install/pointcloud_filter/share/colcon-core/packages/pointcloud_filter)
[9.529s] DEBUG:colcon.colcon_parallel_executor.executor.parallel:closing loop
[9.529s] DEBUG:colcon.colcon_parallel_executor.executor.parallel:loop closed
[9.529s] DEBUG:colcon.colcon_parallel_executor.executor.parallel:run_until_complete finished with '0'
[9.529s] DEBUG:colcon.colcon_core.event_reactor:joining thread
[9.532s] INFO:colcon.colcon_core.plugin_system:Skipping extension 'colcon_notification.desktop_notification.terminal_notifier': Not used on non-Darwin systems
[9.532s] INFO:colcon.colcon_core.plugin_system:Skipping extension 'colcon_notification.desktop_notification.win32': Not used on non-Windows systems
[9.532s] INFO:colcon.colcon_notification.desktop_notification:Sending desktop notification using 'notify2'
[9.540s] DEBUG:colcon.colcon_core.event_reactor:joined thread
[9.541s] INFO:colcon.colcon_core.shell:Creating prefix script '/home/dhruv/ros2_sensor_ws/install/local_setup.ps1'
[9.541s] INFO:colcon.colcon_core.shell:Creating prefix util module '/home/dhruv/ros2_sensor_ws/install/_local_setup_util_ps1.py'
[9.542s] INFO:colcon.colcon_core.shell:Creating prefix chain script '/home/dhruv/ros2_sensor_ws/install/setup.ps1'
[9.543s] INFO:colcon.colcon_core.shell:Creating prefix script '/home/dhruv/ros2_sensor_ws/install/local_setup.sh'
[9.543s] INFO:colcon.colcon_core.shell:Creating prefix util module '/home/dhruv/ros2_sensor_ws/install/_local_setup_util_sh.py'
[9.544s] INFO:colcon.colcon_core.shell:Creating prefix chain script '/home/dhruv/ros2_sensor_ws/install/setup.sh'
[9.545s] INFO:colcon.colcon_core.shell:Creating prefix script '/home/dhruv/ros2_sensor_ws/install/local_setup.bash'
[9.545s] INFO:colcon.colcon_core.shell:Creating prefix chain script '/home/dhruv/ros2_sensor_ws/install/setup.bash'
[9.545s] INFO:colcon.colcon_core.shell:Creating prefix script '/home/dhruv/ros2_sensor_ws/install/local_setup.zsh'
[9.546s] INFO:colcon.colcon_core.shell:Creating prefix chain script '/home/dhruv/ros2_sensor_ws/install/setup.zsh'
